Archive member included to satisfy reference by file (symbol)

/Applications/ArmGNUToolchain/14.2.rel1/arm-none-eabi/bin/../lib/gcc/arm-none-eabi/14.2.1/../../../../arm-none-eabi/lib/thumb/v7e-m+dp/hard/libc_nano.a(libc_a-exit.o)
                              /Applications/ArmGNUToolchain/14.2.rel1/arm-none-eabi/bin/../lib/gcc/arm-none-eabi/14.2.1/../../../../arm-none-eabi/lib/thumb/v7e-m+dp/hard/crt0.o (exit)
/Applications/ArmGNUToolchain/14.2.rel1/arm-none-eabi/bin/../lib/gcc/arm-none-eabi/14.2.1/../../../../arm-none-eabi/lib/thumb/v7e-m+dp/hard/libc_nano.a(libc_a-findfp.o)
                              /Applications/ArmGNUToolchain/14.2.rel1/arm-none-eabi/bin/../lib/gcc/arm-none-eabi/14.2.1/../../../../arm-none-eabi/lib/thumb/v7e-m+dp/hard/libc_nano.a(libc_a-exit.o) (__stdio_exit_handler)
/Applications/ArmGNUToolchain/14.2.rel1/arm-none-eabi/bin/../lib/gcc/arm-none-eabi/14.2.1/../../../../arm-none-eabi/lib/thumb/v7e-m+dp/hard/libc_nano.a(libc_a-fwalk.o)
                              /Applications/ArmGNUToolchain/14.2.rel1/arm-none-eabi/bin/../lib/gcc/arm-none-eabi/14.2.1/../../../../arm-none-eabi/lib/thumb/v7e-m+dp/hard/libc_nano.a(libc_a-findfp.o) (_fwalk_sglue)
/Applications/ArmGNUToolchain/14.2.rel1/arm-none-eabi/bin/../lib/gcc/arm-none-eabi/14.2.1/../../../../arm-none-eabi/lib/thumb/v7e-m+dp/hard/libc_nano.a(libc_a-memset.o)
                              /Applications/ArmGNUToolchain/14.2.rel1/arm-none-eabi/bin/../lib/gcc/arm-none-eabi/14.2.1/../../../../arm-none-eabi/lib/thumb/v7e-m+dp/hard/crt0.o (memset)
/Applications/ArmGNUToolchain/14.2.rel1/arm-none-eabi/bin/../lib/gcc/arm-none-eabi/14.2.1/../../../../arm-none-eabi/lib/thumb/v7e-m+dp/hard/libc_nano.a(libc_a-init.o)
                              /Applications/ArmGNUToolchain/14.2.rel1/arm-none-eabi/bin/../lib/gcc/arm-none-eabi/14.2.1/../../../../arm-none-eabi/lib/thumb/v7e-m+dp/hard/crt0.o (__libc_init_array)
/Applications/ArmGNUToolchain/14.2.rel1/arm-none-eabi/bin/../lib/gcc/arm-none-eabi/14.2.1/../../../../arm-none-eabi/lib/thumb/v7e-m+dp/hard/libc_nano.a(libc_a-lock.o)
                              /Applications/ArmGNUToolchain/14.2.rel1/arm-none-eabi/bin/../lib/gcc/arm-none-eabi/14.2.1/../../../../arm-none-eabi/lib/thumb/v7e-m+dp/hard/libc_nano.a(libc_a-findfp.o) (__retarget_lock_init_recursive)
/Applications/ArmGNUToolchain/14.2.rel1/arm-none-eabi/bin/../lib/gcc/arm-none-eabi/14.2.1/../../../../arm-none-eabi/lib/thumb/v7e-m+dp/hard/libc_nano.a(libc_a-impure.o)
                              /Applications/ArmGNUToolchain/14.2.rel1/arm-none-eabi/bin/../lib/gcc/arm-none-eabi/14.2.1/../../../../arm-none-eabi/lib/thumb/v7e-m+dp/hard/libc_nano.a(libc_a-findfp.o) (_impure_data)
/Applications/ArmGNUToolchain/14.2.rel1/arm-none-eabi/bin/../lib/gcc/arm-none-eabi/14.2.1/../../../../arm-none-eabi/lib/thumb/v7e-m+dp/hard/libc_nano.a(libc_a-mallocr.o)
                              /Applications/ArmGNUToolchain/14.2.rel1/arm-none-eabi/bin/../lib/gcc/arm-none-eabi/14.2.1/../../../../arm-none-eabi/lib/thumb/v7e-m+dp/hard/libc_nano.a(libc_a-findfp.o) (_malloc_r)
/Applications/ArmGNUToolchain/14.2.rel1/arm-none-eabi/bin/../lib/gcc/arm-none-eabi/14.2.1/../../../../arm-none-eabi/lib/thumb/v7e-m+dp/hard/libc_nano.a(libc_a-fflush.o)
                              /Applications/ArmGNUToolchain/14.2.rel1/arm-none-eabi/bin/../lib/gcc/arm-none-eabi/14.2.1/../../../../arm-none-eabi/lib/thumb/v7e-m+dp/hard/libc_nano.a(libc_a-findfp.o) (_fflush_r)
/Applications/ArmGNUToolchain/14.2.rel1/arm-none-eabi/bin/../lib/gcc/arm-none-eabi/14.2.1/../../../../arm-none-eabi/lib/thumb/v7e-m+dp/hard/libc_nano.a(libc_a-mlock.o)
                              /Applications/ArmGNUToolchain/14.2.rel1/arm-none-eabi/bin/../lib/gcc/arm-none-eabi/14.2.1/../../../../arm-none-eabi/lib/thumb/v7e-m+dp/hard/libc_nano.a(libc_a-mallocr.o) (__malloc_lock)
/Applications/ArmGNUToolchain/14.2.rel1/arm-none-eabi/bin/../lib/gcc/arm-none-eabi/14.2.1/../../../../arm-none-eabi/lib/thumb/v7e-m+dp/hard/libc_nano.a(libc_a-stdio.o)
                              /Applications/ArmGNUToolchain/14.2.rel1/arm-none-eabi/bin/../lib/gcc/arm-none-eabi/14.2.1/../../../../arm-none-eabi/lib/thumb/v7e-m+dp/hard/libc_nano.a(libc_a-findfp.o) (__sread)
/Applications/ArmGNUToolchain/14.2.rel1/arm-none-eabi/bin/../lib/gcc/arm-none-eabi/14.2.1/../../../../arm-none-eabi/lib/thumb/v7e-m+dp/hard/libc_nano.a(libc_a-lseekr.o)
                              /Applications/ArmGNUToolchain/14.2.rel1/arm-none-eabi/bin/../lib/gcc/arm-none-eabi/14.2.1/../../../../arm-none-eabi/lib/thumb/v7e-m+dp/hard/libc_nano.a(libc_a-stdio.o) (_lseek_r)
/Applications/ArmGNUToolchain/14.2.rel1/arm-none-eabi/bin/../lib/gcc/arm-none-eabi/14.2.1/../../../../arm-none-eabi/lib/thumb/v7e-m+dp/hard/libc_nano.a(libc_a-readr.o)
                              /Applications/ArmGNUToolchain/14.2.rel1/arm-none-eabi/bin/../lib/gcc/arm-none-eabi/14.2.1/../../../../arm-none-eabi/lib/thumb/v7e-m+dp/hard/libc_nano.a(libc_a-stdio.o) (_read_r)
[...]
Memory Configuration

Name             Origin             Length             Attributes
DTCMRAM          0x20000000         0x00020000         xrw
RAM              0x24000000         0x00020000         xrw
RAM_D2           0x30000000         0x00008000         xrw
RAM_D3           0x38000000         0x00004000         xrw
ITCMRAM          0x00000000         0x00010000         xrw
FLASH            0x08000000         0x00100000         xr
*default*        0x00000000         0xffffffff

Linker script and memory map

LOAD /Applications/ArmGNUToolchain/14.2.rel1/arm-none-eabi/bin/../lib/gcc/arm-none-eabi/14.2.1/thumb/v7e-m+dp/hard/crti.o
LOAD /Applications/ArmGNUToolchain/14.2.rel1/arm-none-eabi/bin/../lib/gcc/arm-none-eabi/14.2.1/thumb/v7e-m+dp/hard/crtbegin.o
LOAD /Applications/ArmGNUToolchain/14.2.rel1/arm-none-eabi/bin/../lib/gcc/arm-none-eabi/14.2.1/../../../../arm-none-eabi/lib/thumb/v7e-m+dp/hard/crt0.o
START GROUP
LOAD /Applications/ArmGNUToolchain/14.2.rel1/arm-none-eabi/bin/../lib/gcc/arm-none-eabi/14.2.1/../../../../arm-none-eabi/lib/thumb/v7e-m+dp/hard/libc_nano.a
LOAD /Applications/ArmGNUToolchain/14.2.rel1/arm-none-eabi/bin/../lib/gcc/arm-none-eabi/14.2.1/../../../../arm-none-eabi/lib/thumb/v7e-m+dp/hard/libm.a
END GROUP
LOAD CMakeFiles/CtrBoard-H7_DBUS.dir/Core/Src/main.c.obj
LOAD CMakeFiles/CtrBoard-H7_DBUS.dir/Core/Src/gpio.c.obj
LOAD CMakeFiles/CtrBoard-H7_DBUS.dir/Core/Src/dma.c.obj
LOAD CMakeFiles/CtrBoard-H7_DBUS.dir/Core/Src/fdcan.c.obj
LOAD CMakeFiles/CtrBoard-H7_DBUS.dir/Core/Src/tim.c.obj
LOAD CMakeFiles/CtrBoard-H7_DBUS.dir/Core/Src/usart.c.obj
LOAD CMakeFiles/CtrBoard-H7_DBUS.dir/Core/Src/stm32h7xx_it.c.obj
LOAD CMakeFiles/CtrBoard-H7_DBUS.dir/Core/Src/stm32h7xx_hal_msp.c.obj
LOAD CMakeFiles/CtrBoard-H7_DBUS.dir/Core/Src/sysmem.c.obj
LOAD CMakeFiles/CtrBoard-H7_DBUS.dir/Core/Src/syscalls.c.obj
LOAD CMakeFiles/CtrBoard-H7_DBUS.dir/startup_stm32h723xx.s.obj
LOAD CMakeFiles/CtrBoard-H7_DBUS.dir/User/uart_bsp.c.obj
LOAD CMakeFiles/CtrBoard-H7_DBUS.dir/User/bsp_fdcan.c.obj
LOAD CMakeFiles/CtrBoard-H7_DBUS.dir/User/delay.c.obj
LOAD CMakeFiles/CtrBoard-H7_DBUS.dir/User/dm_motor_ctrl.c.obj
LOAD CMakeFiles/CtrBoard-H7_DBUS.dir/User/dm_motor_drv.c.obj
LOAD cmake/stm32cubemx/CMakeFiles/STM32_Drivers.dir/__/__/Core/Src/system_stm32h7xx.c.obj
LOAD cmake/stm32cubemx/CMakeFiles/STM32_Drivers.dir/__/__/Drivers/STM32H7xx_HAL_Driver/Src/stm32h7xx_hal_cortex.c.obj
LOAD cmake/stm32cubemx/CMakeFiles/STM32_Drivers.dir/__/__/Drivers/STM32H7xx_HAL_Driver/Src/stm32h7xx_hal_rcc.c.obj
LOAD cmake/stm32cubemx/CMakeFiles/STM32_Drivers.dir/__/__/Drivers/STM32H7xx_HAL_Driver/Src/stm32h7xx_hal_rcc_ex.c.obj
LOAD cmake/stm32cubemx/CMakeFiles/STM32_Drivers.dir/__/__/Drivers/STM32H7xx_HAL_Driver/Src/stm32h7xx_hal_flash.c.obj
LOAD cmake/stm32cubemx/CMakeFiles/STM32_Drivers.dir/__/__/Drivers/STM32H7xx_HAL_Driver/Src/stm32h7xx_hal_flash_ex.c.obj
LOAD cmake/stm32cubemx/CMakeFiles/STM32_Drivers.dir/__/__/Drivers/STM32H7xx_HAL_Driver/Src/stm32h7xx_hal_gpio.c.obj
LOAD cmake/stm32cubemx/CMakeFiles/STM32_Drivers.dir/__/__/Drivers/STM32H7xx_HAL_Driver/Src/stm32h7xx_hal_hsem.c.obj
LOAD cmake/stm32cubemx/CMakeFiles/STM32_Drivers.dir/__/__/Drivers/STM32H7xx_HAL_Driver/Src/stm32h7xx_hal_dma.c.obj
LOAD cmake/stm32cubemx/CMakeFiles/STM32_Drivers.dir/__/__/Drivers/STM32H7xx_HAL_Driver/Src/stm32h7xx_hal_dma_ex.c.obj
LOAD cmake/stm32cubemx/CMakeFiles/STM32_Drivers.dir/__/__/Drivers/STM32H7xx_HAL_Driver/Src/stm32h7xx_hal_mdma.c.obj
LOAD cmake/stm32cubemx/CMakeFiles/STM32_Drivers.dir/__/__/Drivers/STM32H7xx_HAL_Driver/Src/stm32h7xx_hal_pwr.c.obj
LOAD cmake/stm32cubemx/CMakeFiles/STM32_Drivers.dir/__/__/Drivers/STM32H7xx_HAL_Driver/Src/stm32h7xx_hal_pwr_ex.c.obj
LOAD cmake/stm32cubemx/CMakeFiles/STM32_Drivers.dir/__/__/Drivers/STM32H7xx_HAL_Driver/Src/stm32h7xx_hal.c.obj
LOAD cmake/stm32cubemx/CMakeFiles/STM32_Drivers.dir/__/__/Drivers/STM32H7xx_HAL_Driver/Src/stm32h7xx_hal_i2c.c.obj
LOAD cmake/stm32cubemx/CMakeFiles/STM32_Drivers.dir/__/__/Drivers/STM32H7xx_HAL_Driver/Src/stm32h7xx_hal_i2c_ex.c.obj
LOAD cmake/stm32cubemx/CMakeFiles/STM32_Drivers.dir/__/__/Drivers/STM32H7xx_HAL_Driver/Src/stm32h7xx_hal_exti.c.obj
LOAD cmake/stm32cubemx/CMakeFiles/STM32_Drivers.dir/__/__/Drivers/STM32H7xx_HAL_Driver/Src/stm32h7xx_hal_fdcan.c.obj
LOAD cmake/stm32cubemx/CMakeFiles/STM32_Drivers.dir/__/__/Drivers/STM32H7xx_HAL_Driver/Src/stm32h7xx_hal_tim.c.obj
LOAD cmake/stm32cubemx/CMakeFiles/STM32_Drivers.dir/__/__/Drivers/STM32H7xx_HAL_Driver/Src/stm32h7xx_hal_tim_ex.c.obj
LOAD cmake/stm32cubemx/CMakeFiles/STM32_Drivers.dir/__/__/Drivers/STM32H7xx_HAL_Driver/Src/stm32h7xx_hal_uart.c.obj
LOAD cmake/stm32cubemx/CMakeFiles/STM32_Drivers.dir/__/__/Drivers/STM32H7xx_HAL_Driver/Src/stm32h7xx_hal_uart_ex.c.obj
START GROUP
LOAD /Applications/ArmGNUToolchain/14.2.rel1/arm-none-eabi/bin/../lib/gcc/arm-none-eabi/14.2.1/thumb/v7e-m+dp/hard/libgcc.a
LOAD /Applications/ArmGNUToolchain/14.2.rel1/arm-none-eabi/bin/../lib/gcc/arm-none-eabi/14.2.1/../../../../arm-none-eabi/lib/thumb/v7e-m+dp/hard/libg_nano.a
LOAD /Applications/ArmGNUToolchain/14.2.rel1/arm-none-eabi/bin/../lib/gcc/arm-none-eabi/14.2.1/../../../../arm-none-eabi/lib/thumb/v7e-m+dp/hard/libc_nano.a
END GROUP
START GROUP
LOAD /Applications/ArmGNUToolchain/14.2.rel1/arm-none-eabi/bin/../lib/gcc/arm-none-eabi/14.2.1/thumb/v7e-m+dp/hard/libgcc.a
LOAD /Applications/ArmGNUToolchain/14.2.rel1/arm-none-eabi/bin/../lib/gcc/arm-none-eabi/14.2.1/../../../../arm-none-eabi/lib/thumb/v7e-m+dp/hard/libc_nano.a
END GROUP
LOAD /Applications/ArmGNUToolchain/14.2.rel1/arm-none-eabi/bin/../lib/gcc/arm-none-eabi/14.2.1/thumb/v7e-m+dp/hard/crtend.o
LOAD /Applications/ArmGNUToolchain/14.2.rel1/arm-none-eabi/bin/../lib/gcc/arm-none-eabi/14.2.1/thumb/v7e-m+dp/hard/crtn.o
                0x20020000                        _estack = (ORIGIN (DTCMRAM) + LENGTH (DTCMRAM))
                0x00002000                        _Min_Heap_Size = 0x2000
                0x00000400                        _Min_Stack_Size = 0x400

.isr_vector     0x08000000      0x2cc
                0x08000000                        . = ALIGN (0x4)
 *(.isr_vector)
 .isr_vector    0x08000000      0x2cc CMakeFiles/CtrBoard-H7_DBUS.dir/startup_stm32h723xx.s.obj
                0x08000000                g_pfnVectors
                0x080002cc                        . = ALIGN (0x4)

.text           0x080002d0     0xd0f4
                0x080002d0                        . = ALIGN (0x4)
 *(.text)
 .text          0x080002d0       0x30 /Applications/ArmGNUToolchain/14.2.rel1/arm-none-eabi/bin/../lib/gcc/arm-none-eabi/14.2.1/thumb/v7e-m+dp/hard/libgcc.a(_aeabi_uldivmod.o)
                0x080002d0                __aeabi_uldivmod
 .text          0x08000300        0x4 /Applications/ArmGNUToolchain/14.2.rel1/arm-none-eabi/bin/../lib/gcc/arm-none-eabi/14.2.1/thumb/v7e-m+dp/hard/libgcc.a(_dvmd_tls.o)
                0x08000300                __aeabi_ldiv0
                0x08000300                __aeabi_idiv0
 *fill*         0x08000304        0xc 
 .text          0x08000310       0xa0 /Applications/ArmGNUToolchain/14.2.rel1/arm-none-eabi/bin/../lib/gcc/arm-none-eabi/14.2.1/../../../../arm-none-eabi/lib/thumb/v7e-m+dp/hard/libg_nano.a(libc_a-memchr.o)
                0x08000310                memchr
 *(.text*)
 .text.deregister_tm_clones
                0x080003b0       0x1c /Applications/ArmGNUToolchain/14.2.rel1/arm-none-eabi/bin/../lib/gcc/arm-none-eabi/14.2.1/thumb/v7e-m+dp/hard/crtbegin.o
 .text.register_tm_clones
                0x080003cc       0x24 /Applications/ArmGNUToolchain/14.2.rel1/arm-none-eabi/bin/../lib/gcc/arm-none-eabi/14.2.1/thumb/v7e-m+dp/hard/crtbegin.o
 .text.__do_global_dtors_aux
                0x080003f0       0x28 /Applications/ArmGNUToolchain/14.2.rel1/arm-none-eabi/bin/../lib/gcc/arm-none-eabi/14.2.1/thumb/v7e-m+dp/hard/crtbegin.o
 .text.frame_dummy
                0x08000418       0x24 /Applications/ArmGNUToolchain/14.2.rel1/arm-none-eabi/bin/../lib/gcc/arm-none-eabi/14.2.1/thumb/v7e-m+dp/hard/crtbegin.o
 .text.memset   0x0800043c       0x10 /Applications/ArmGNUToolchain/14.2.rel1/arm-none-eabi/bin/../lib/gcc/arm-none-eabi/14.2.1/../../../../arm-none-eabi/lib/thumb/v7e-m+dp/hard/libc_nano.a(libc_a-memset.o)
                0x0800043c                memset
 .text.__libc_init_array
                0x0800044c       0x48 /Applications/ArmGNUToolchain/14.2.rel1/arm-none-eabi/bin/../lib/gcc/arm-none-eabi/14.2.1/../../../../arm-none-eabi/lib/thumb/v7e-m+dp/hard/libc_nano.a(libc_a-init.o)
                0x0800044c                __libc_init_array
 .text.__retarget_lock_acquire_recursive
                0x08000494        0x2 /Applications/ArmGNUToolchain/14.2.rel1/arm-none-eabi/bin/../lib/gcc/arm-none-eabi/14.2.1/../../../../arm-none-eabi/lib/thumb/v7e-m+dp/hard/libc_nano.a(libc_a-lock.o)
                0x08000494                __retarget_lock_acquire_recursive
 .text.__retarget_lock_release_recursive
                0x08000496        0x2 /Applications/ArmGNUToolchain/14.2.rel1/arm-none-eabi/bin/../lib/gcc/arm-none-eabi/14.2.1/../../../../arm-none-eabi/lib/thumb/v7e-m+dp/hard/libc_nano.a(libc_a-lock.o)
                0x08000496                __retarget_lock_release_recursive
 .text.sbrk_aligned
                0x08000498       0x44 /Applications/ArmGNUToolchain/14.2.rel1/arm-none-eabi/bin/../lib/gcc/arm-none-eabi/14.2.1/../../../../arm-none-eabi/lib/thumb/v7e-m+dp/hard/libc_nano.a(libc_a-mallocr.o)
 .text._malloc_r
                0x080004dc      0x100 /Applications/ArmGNUToolchain/14.2.rel1/arm-none-eabi/bin/../lib/gcc/arm-none-eabi/14.2.1/../../../../arm-none-eabi/lib/thumb/v7e-m+dp/hard/libc_nano.a(libc_a-mallocr.o)
                0x080004dc                _malloc_r
 .text.__malloc_lock
                0x080005dc        0xc /Applications/ArmGNUToolchain/14.2.rel1/arm-none-eabi/bin/../lib/gcc/arm-none-eabi/14.2.1/../../../../arm-none-eabi/lib/thumb/v7e-m+dp/hard/libc_nano.a(libc_a-mlock.o)
                0x080005dc                __malloc_lock
 .text.__malloc_unlock
                0x080005e8        0xc /Applications/ArmGNUToolchain/14.2.rel1/arm-none-eabi/bin/../lib/gcc/arm-none-eabi/14.2.1/../../../../arm-none-eabi/lib/thumb/v7e-m+dp/hard/libc_nano.a(libc_a-mlock.o)
                0x080005e8                __malloc_unlock
 .text._sbrk_r  0x080005f4       0x20 /Applications/ArmGNUToolchain/14.2.rel1/arm-none-eabi/bin/../lib/gcc/arm-none-eabi/14.2.1/../../../../arm-none-eabi/lib/thumb/v7e-m+dp/hard/libc_nano.a(libc_a-sbrkr.o)
                0x080005f4                _sbrk_r
 .text._free_r  0x08000614       0x94 /Applications/ArmGNUToolchain/14.2.rel1/arm-none-eabi/bin/../lib/gcc/arm-none-eabi/14.2.1/../../../../arm-none-eabi/lib/thumb/v7e-m+dp/hard/libc_nano.a(libc_a-freer.o)
                0x08000614                _free_r
 .text.usart_printf
                0x080006a8       0x50 CMakeFiles/CtrBoard-H7_DBUS.dir/Core/Src/main.c.obj
                0x080006a8                usart_printf
 .text.HAL_TIM_PeriodElapsedCallback
                0x080006f8       0x14 CMakeFiles/CtrBoard-H7_DBUS.dir/Core/Src/main.c.obj
                0x080006f8                HAL_TIM_PeriodElapsedCallback
 .text.main     0x0800070c      0x1b8 CMakeFiles/CtrBoard-H7_DBUS.dir/Core/Src/main.c.obj
                0x0800070c                main
 .text.SystemClock_Config
                0x080008c4       0xdc CMakeFiles/CtrBoard-H7_DBUS.dir/Core/Src/main.c.obj
                0x080008c4                SystemClock_Config
 .text.Error_Handler
                0x080009a0        0xc CMakeFiles/CtrBoard-H7_DBUS.dir/Core/Src/main.c.obj
                0x080009a0                Error_Handler
 .text.MX_GPIO_Init
                0x080009ac       0xe8 CMakeFiles/CtrBoard-H7_DBUS.dir/Core/Src/gpio.c.obj
                0x080009ac                MX_GPIO_Init
 .text.MX_DMA_Init
                0x08000a94       0x60 CMakeFiles/CtrBoard-H7_DBUS.dir/Core/Src/dma.c.obj
                0x08000a94                MX_DMA_Init
 .text.MX_FDCAN1_Init
                0x08000af4       0xcc CMakeFiles/CtrBoard-H7_DBUS.dir/Core/Src/fdcan.c.obj
                0x08000af4                MX_FDCAN1_Init
 .text.MX_FDCAN2_Init
                0x08000bc0       0xcc CMakeFiles/CtrBoard-H7_DBUS.dir/Core/Src/fdcan.c.obj
                0x08000bc0                MX_FDCAN2_Init
 .text.MX_FDCAN3_Init
                0x08000c8c       0xcc CMakeFiles/CtrBoard-H7_DBUS.dir/Core/Src/fdcan.c.obj
                0x08000c8c                MX_FDCAN3_Init
 .text.HAL_FDCAN_MspInit
                0x08000d58      0x250 CMakeFiles/CtrBoard-H7_DBUS.dir/Core/Src/fdcan.c.obj
                0x08000d58                HAL_FDCAN_MspInit
 .text.HAL_FDCAN_MspDeInit
                0x08000fa8       0xd0 CMakeFiles/CtrBoard-H7_DBUS.dir/Core/Src/fdcan.c.obj
                0x08000fa8                HAL_FDCAN_MspDeInit
 .text.MX_TIM3_Init
                0x08001078       0x9c CMakeFiles/CtrBoard-H7_DBUS.dir/Core/Src/tim.c.obj
                0x08001078                MX_TIM3_Init
 .text.HAL_TIM_Base_MspInit
                0x08001114       0x50 CMakeFiles/CtrBoard-H7_DBUS.dir/Core/Src/tim.c.obj
                0x08001114                HAL_TIM_Base_MspInit
 .text.MX_UART5_Init
                0x08001164       0xa0 CMakeFiles/CtrBoard-H7_DBUS.dir/Core/Src/usart.c.obj
                0x08001164                MX_UART5_Init
 .text.MX_USART1_UART_Init
                0x08001204       0x98 CMakeFiles/CtrBoard-H7_DBUS.dir/Core/Src/usart.c.obj
                0x08001204                MX_USART1_UART_Init
 .text.HAL_UART_MspInit
                0x0800129c      0x32c CMakeFiles/CtrBoard-H7_DBUS.dir/Core/Src/usart.c.obj
                0x0800129c                HAL_UART_MspInit
 .text.NMI_Handler
                0x080015c8        0x8 CMakeFiles/CtrBoard-H7_DBUS.dir/Core/Src/stm32h7xx_it.c.obj
                0x080015c8                NMI_Handler
 .text.HardFault_Handler
                0x080015d0        0x8 CMakeFiles/CtrBoard-H7_DBUS.dir/Core/Src/stm32h7xx_it.c.obj
                0x080015d0                HardFault_Handler
 .text.MemManage_Handler
                0x080015d8        0x8 CMakeFiles/CtrBoard-H7_DBUS.dir/Core/Src/stm32h7xx_it.c.obj
                0x080015d8                MemManage_Handler
 .text.BusFault_Handler
                0x080015e0        0x8 CMakeFiles/CtrBoard-H7_DBUS.dir/Core/Src/stm32h7xx_it.c.obj
                0x080015e0                BusFault_Handler
 .text.UsageFault_Handler
                0x080015e8        0x8 CMakeFiles/CtrBoard-H7_DBUS.dir/Core/Src/stm32h7xx_it.c.obj
                0x080015e8                UsageFault_Handler
 .text.SVC_Handler
                0x080015f0        0xe CMakeFiles/CtrBoard-H7_DBUS.dir/Core/Src/stm32h7xx_it.c.obj
                0x080015f0                SVC_Handler
 .text.DebugMon_Handler
                0x080015fe        0xe CMakeFiles/CtrBoard-H7_DBUS.dir/Core/Src/stm32h7xx_it.c.obj
                0x080015fe                DebugMon_Handler
 .text.PendSV_Handler
                0x0800160c        0xe CMakeFiles/CtrBoard-H7_DBUS.dir/Core/Src/stm32h7xx_it.c.obj
                0x0800160c                PendSV_Handler
 .text.SysTick_Handler
                0x0800161a        0xc CMakeFiles/CtrBoard-H7_DBUS.dir/Core/Src/stm32h7xx_it.c.obj
                0x0800161a                SysTick_Handler
 *fill*         0x08001626        0x2 
 .text.DMA1_Stream0_IRQHandler
                0x08001628       0x14 CMakeFiles/CtrBoard-H7_DBUS.dir/Core/Src/stm32h7xx_it.c.obj
                0x08001628                DMA1_Stream0_IRQHandler
 .text.DMA1_Stream1_IRQHandler
                0x0800163c       0x14 CMakeFiles/CtrBoard-H7_DBUS.dir/Core/Src/stm32h7xx_it.c.obj
                0x0800163c                DMA1_Stream1_IRQHandler
 .text.DMA1_Stream2_IRQHandler
                0x08001650       0x14 CMakeFiles/CtrBoard-H7_DBUS.dir/Core/Src/stm32h7xx_it.c.obj
                0x08001650                DMA1_Stream2_IRQHandler
 .text.TIM3_IRQHandler
                0x08001664       0x14 CMakeFiles/CtrBoard-H7_DBUS.dir/Core/Src/stm32h7xx_it.c.obj
                0x08001664                TIM3_IRQHandler
 .text.USART1_IRQHandler
                0x08001678       0x14 CMakeFiles/CtrBoard-H7_DBUS.dir/Core/Src/stm32h7xx_it.c.obj
                0x08001678                USART1_IRQHandler
 .text.UART5_IRQHandler
                0x0800168c       0x14 CMakeFiles/CtrBoard-H7_DBUS.dir/Core/Src/stm32h7xx_it.c.obj
                0x0800168c                UART5_IRQHandler
 .text.HAL_MspInit
                0x080016a0       0x34 CMakeFiles/CtrBoard-H7_DBUS.dir/Core/Src/stm32h7xx_hal_msp.c.obj
                0x080016a0                HAL_MspInit
 .text._sbrk    0x080016d4       0x6c CMakeFiles/CtrBoard-H7_DBUS.dir/Core/Src/sysmem.c.obj
                0x080016d4                _sbrk
 .text.Reset_Handler
                0x08001740       0x50 CMakeFiles/CtrBoard-H7_DBUS.dir/startup_stm32h723xx.s.obj
                0x08001740                Reset_Handler
 .text.Default_Handler
                0x08001790        0x2 CMakeFiles/CtrBoard-H7_DBUS.dir/startup_stm32h723xx.s.obj
                0x08001790                DMA1_Stream3_IRQHandler
                0x08001790                EXTI2_IRQHandler
                0x08001790                TIM8_CC_IRQHandler
                0x08001790                UART8_IRQHandler
                0x08001790                SPI4_IRQHandler
                0x08001790                FDCAN3_IT0_IRQHandler
                0x08001790                TIM1_CC_IRQHandler
                0x08001790                BDMA_Channel6_IRQHandler
                0x08001790                DMA2_Stream5_IRQHandler
                0x08001790                DMA1_Stream5_IRQHandler
                0x08001790                CORDIC_IRQHandler
                0x08001790                BDMA_Channel1_IRQHandler
                0x08001790                TAMP_STAMP_IRQHandler
                0x08001790                EXTI3_IRQHandler
                0x08001790                LPTIM4_IRQHandler
                0x08001790                TIM8_TRG_COM_TIM14_IRQHandler
                0x08001790                LPTIM2_IRQHandler
                0x08001790                DFSDM1_FLT1_IRQHandler
                0x08001790                DMAMUX2_OVR_IRQHandler
                0x08001790                TIM8_UP_TIM13_IRQHandler
                0x08001790                I2C3_ER_IRQHandler
                0x08001790                DFSDM1_FLT2_IRQHandler
                0x08001790                I2C5_EV_IRQHandler
                0x08001790                USART10_IRQHandler
                0x08001790                MDMA_IRQHandler
                0x08001790                LPTIM3_IRQHandler
                0x08001790                HSEM1_IRQHandler
                0x08001790                EXTI0_IRQHandler
                0x08001790                I2C2_EV_IRQHandler
                0x08001790                FPU_IRQHandler
                0x08001790                OTG_HS_WKUP_IRQHandler
                0x08001790                FDCAN1_IT1_IRQHandler
                0x08001790                LTDC_ER_IRQHandler
                0x08001790                DMA2_Stream2_IRQHandler
                0x08001790                SPI1_IRQHandler
                0x08001790                OCTOSPI1_IRQHandler
                0x08001790                TIM6_DAC_IRQHandler
                0x08001790                DMA2_Stream3_IRQHandler
                0x08001790                OCTOSPI2_IRQHandler
                0x08001790                DFSDM1_FLT3_IRQHandler
                0x08001790                TIM23_IRQHandler
                0x08001790                USART6_IRQHandler
                0x08001790                TIM17_IRQHandler
                0x08001790                USART3_IRQHandler
                0x08001790                BDMA_Channel7_IRQHandler
                0x08001790                LPTIM5_IRQHandler
                0x08001790                ADC3_IRQHandler
                0x08001790                DMA2_Stream0_IRQHandler
                0x08001790                TIM4_IRQHandler
                0x08001790                BDMA_Channel2_IRQHandler
                0x08001790                I2C1_EV_IRQHandler
                0x08001790                DMA1_Stream6_IRQHandler
                0x08001790                DMAMUX1_OVR_IRQHandler
                0x08001790                TIM16_IRQHandler
                0x08001790                UART4_IRQHandler
                0x08001790                BDMA_Channel5_IRQHandler
                0x08001790                RCC_IRQHandler
                0x08001790                UART9_IRQHandler
                0x08001790                TIM8_BRK_TIM12_IRQHandler
                0x08001790                TIM1_TRG_COM_IRQHandler
                0x08001790                Default_Handler
                0x08001790                ECC_IRQHandler
                0x08001790                FMAC_IRQHandler
                0x08001790                CEC_IRQHandler
                0x08001790                EXTI15_10_IRQHandler
                0x08001790                BDMA_Channel0_IRQHandler
                0x08001790                ADC_IRQHandler
                0x08001790                I2C5_ER_IRQHandler
                0x08001790                DMA1_Stream7_IRQHandler
                0x08001790                SPI5_IRQHandler
                0x08001790                TIM7_IRQHandler
                0x08001790                FDCAN3_IT1_IRQHandler
                0x08001790                SDMMC1_IRQHandler
                0x08001790                TIM5_IRQHandler
                0x08001790                DMA2_Stream7_IRQHandler
                0x08001790                TIM15_IRQHandler
                0x08001790                PVD_AVD_IRQHandler
                0x08001790                I2C3_EV_IRQHandler
                0x08001790                EXTI9_5_IRQHandler
                0x08001790                RTC_WKUP_IRQHandler
                0x08001790                LTDC_IRQHandler
                0x08001790                ETH_WKUP_IRQHandler
                0x08001790                SPDIF_RX_IRQHandler
                0x08001790                SPI2_IRQHandler
                0x08001790                OTG_HS_EP1_IN_IRQHandler
                0x08001790                TIM24_IRQHandler
                0x08001790                CRS_IRQHandler
                0x08001790                EXTI4_IRQHandler
                0x08001790                RNG_IRQHandler
                0x08001790                FDCAN2_IT1_IRQHandler
                0x08001790                ETH_IRQHandler
                0x08001790                TIM1_UP_IRQHandler
                0x08001790                BDMA_Channel4_IRQHandler
                0x08001790                OTG_HS_EP1_OUT_IRQHandler
                0x08001790                WWDG_IRQHandler
                0x08001790                SPI6_IRQHandler
                0x08001790                MDIOS_IRQHandler
                0x08001790                I2C4_EV_IRQHandler
                0x08001790                FDCAN2_IT0_IRQHandler
                0x08001790                LPUART1_IRQHandler
                0x08001790                FDCAN1_IT0_IRQHandler
                0x08001790                TIM2_IRQHandler
                0x08001790                OTG_HS_IRQHandler
                0x08001790                DMA2D_IRQHandler
                0x08001790                TIM1_BRK_IRQHandler
                0x08001790                EXTI1_IRQHandler
                0x08001790                SDMMC2_IRQHandler
                0x08001790                BDMA_Channel3_IRQHandler
                0x08001790                DTS_IRQHandler
                0x08001790                UART7_IRQHandler
                0x08001790                MDIOS_WKUP_IRQHandler
                0x08001790                USART2_IRQHandler
                0x08001790                DFSDM1_FLT0_IRQHandler
                0x08001790                SAI4_IRQHandler
                0x08001790                I2C2_ER_IRQHandler
                0x08001790                DMA2_Stream1_IRQHandler
                0x08001790                FLASH_IRQHandler
                0x08001790                DMA2_Stream4_IRQHandler
                0x08001790                SPI3_IRQHandler
                0x08001790                WAKEUP_PIN_IRQHandler
                0x08001790                DMA1_Stream4_IRQHandler
                0x08001790                I2C1_ER_IRQHandler
                0x08001790                FMC_IRQHandler
                0x08001790                FDCAN_CAL_IRQHandler
                0x08001790                SWPMI1_IRQHandler
                0x08001790                COMP1_IRQHandler
                0x08001790                LPTIM1_IRQHandler
                0x08001790                DCMI_PSSI_IRQHandler
                0x08001790                I2C4_ER_IRQHandler
                0x08001790                DMA2_Stream6_IRQHandler
                0x08001790                SAI1_IRQHandler
                0x08001790                RTC_Alarm_IRQHandler
 *fill*         0x08001792        0x2 
 .text.get_remoter
                0x08001794       0x14 CMakeFiles/CtrBoard-H7_DBUS.dir/User/uart_bsp.c.obj
                0x08001794                get_remoter
 .text.sbus_frame_parse
                0x080017a8      0x2e4 CMakeFiles/CtrBoard-H7_DBUS.dir/User/uart_bsp.c.obj
                0x080017a8                sbus_frame_parse
 .text.Process_Data
                0x08001a8c       0x54 CMakeFiles/CtrBoard-H7_DBUS.dir/User/uart_bsp.c.obj
                0x08001a8c                Process_Data
 .text.HAL_UARTEx_RxEventCallback
                0x08001ae0       0x4c CMakeFiles/CtrBoard-H7_DBUS.dir/User/uart_bsp.c.obj
                0x08001ae0                HAL_UARTEx_RxEventCallback
 .text.HAL_UART_ErrorCallback
                0x08001b2c       0x38 CMakeFiles/CtrBoard-H7_DBUS.dir/User/uart_bsp.c.obj
                0x08001b2c                HAL_UART_ErrorCallback
 .text.bsp_can_init
                0x08001b64       0x28 CMakeFiles/CtrBoard-H7_DBUS.dir/User/bsp_fdcan.c.obj
                0x08001b64                bsp_can_init
 .text.can_filter_init
                0x08001b8c       0x50 CMakeFiles/CtrBoard-H7_DBUS.dir/User/bsp_fdcan.c.obj
                0x08001b8c                can_filter_init
 .text.bsp_fdcan_set_baud
                0x08001bdc      0x1a8 CMakeFiles/CtrBoard-H7_DBUS.dir/User/bsp_fdcan.c.obj
                0x08001bdc                bsp_fdcan_set_baud
 .text.fdcanx_send_data
                0x08001d84       0xb4 CMakeFiles/CtrBoard-H7_DBUS.dir/User/bsp_fdcan.c.obj
                0x08001d84                fdcanx_send_data
 .text.dm_motor_init
                0x08001e38      0x1bc CMakeFiles/CtrBoard-H7_DBUS.dir/User/dm_motor_ctrl.c.obj
                0x08001e38                dm_motor_init
 .text.dm_motor_enable
                0x08001ff4       0x7c CMakeFiles/CtrBoard-H7_DBUS.dir/User/dm_motor_drv.c.obj
                0x08001ff4                dm_motor_enable
 .text.dm_motor_disable
                0x08002070       0x80 CMakeFiles/CtrBoard-H7_DBUS.dir/User/dm_motor_drv.c.obj
                0x08002070                dm_motor_disable
 .text.dm_motor_clear_para
                0x080020f0       0x44 CMakeFiles/CtrBoard-H7_DBUS.dir/User/dm_motor_drv.c.obj
                0x080020f0                dm_motor_clear_para
 .text.enable_motor_mode
                0x08002134       0x4e CMakeFiles/CtrBoard-H7_DBUS.dir/User/dm_motor_drv.c.obj
                0x08002134                enable_motor_mode
 .text.disable_motor_mode
                0x08002182       0x4e CMakeFiles/CtrBoard-H7_DBUS.dir/User/dm_motor_drv.c.obj
                0x08002182                disable_motor_mode
 .text.read_motor_data
                0x080021d0       0x54 CMakeFiles/CtrBoard-H7_DBUS.dir/User/dm_motor_drv.c.obj
                0x080021d0                read_motor_data
 .text.write_motor_data
                0x08002224       0x70 CMakeFiles/CtrBoard-H7_DBUS.dir/User/dm_motor_drv.c.obj
                0x08002224                write_motor_data
 .text.save_motor_data
                0x08002294       0x50 CMakeFiles/CtrBoard-H7_DBUS.dir/User/dm_motor_drv.c.obj
                0x08002294                save_motor_data
 .text.SystemInit
                0x080022e4       0xf0 cmake/stm32cubemx/CMakeFiles/STM32_Drivers.dir/__/__/Core/Src/system_stm32h7xx.c.obj
                0x080022e4                SystemInit
 .text.__NVIC_SetPriorityGrouping
                0x080023d4       0x48 cmake/stm32cubemx/CMakeFiles/STM32_Drivers.dir/__/__/Drivers/STM32H7xx_HAL_Driver/Src/stm32h7xx_hal_cortex.c.obj
 .text.__NVIC_GetPriorityGrouping
                0x0800241c       0x1c cmake/stm32cubemx/CMakeFiles/STM32_Drivers.dir/__/__/Drivers/STM32H7xx_HAL_Driver/Src/stm32h7xx_hal_cortex.c.obj
 .text.__NVIC_EnableIRQ
                0x08002438       0x3c cmake/stm32cubemx/CMakeFiles/STM32_Drivers.dir/__/__/Drivers/STM32H7xx_HAL_Driver/Src/stm32h7xx_hal_cortex.c.obj
 .text.__NVIC_SetPriority
                0x08002474       0x54 cmake/stm32cubemx/CMakeFiles/STM32_Drivers.dir/__/__/Drivers/STM32H7xx_HAL_Driver/Src/stm32h7xx_hal_cortex.c.obj
 .text.NVIC_EncodePriority
                0x080024c8       0x66 cmake/stm32cubemx/CMakeFiles/STM32_Drivers.dir/__/__/Drivers/STM32H7xx_HAL_Driver/Src/stm32h7xx_hal_cortex.c.obj
 *fill*         0x0800252e        0x2 
 .text.SysTick_Config
                0x08002530       0x44 cmake/stm32cubemx/CMakeFiles/STM32_Drivers.dir/__/__/Drivers/STM32H7xx_HAL_Driver/Src/stm32h7xx_hal_cortex.c.obj
 .text.HAL_NVIC_SetPriorityGrouping
                0x08002574       0x16 cmake/stm32cubemx/CMakeFiles/STM32_Drivers.dir/__/__/Drivers/STM32H7xx_HAL_Driver/Src/stm32h7xx_hal_cortex.c.obj
                0x08002574                HAL_NVIC_SetPriorityGrouping
 .text.HAL_NVIC_SetPriority
                0x0800258a       0x34 cmake/stm32cubemx/CMakeFiles/STM32_Drivers.dir/__/__/Drivers/STM32H7xx_HAL_Driver/Src/stm32h7xx_hal_cortex.c.obj
                0x0800258a                HAL_NVIC_SetPriority
 .text.HAL_NVIC_EnableIRQ
                0x080025be       0x1c cmake/stm32cubemx/CMakeFiles/STM32_Drivers.dir/__/__/Drivers/STM32H7xx_HAL_Driver/Src/stm32h7xx_hal_cortex.c.obj
                0x080025be                HAL_NVIC_EnableIRQ
 .text.HAL_SYSTICK_Config
                0x080025da       0x18 cmake/stm32cubemx/CMakeFiles/STM32_Drivers.dir/__/__/Drivers/STM32H7xx_HAL_Driver/Src/stm32h7xx_hal_cortex.c.obj
                0x080025da                HAL_SYSTICK_Config
 *fill*         0x080025f2        0x2 
 .text.HAL_RCC_OscConfig
                0x080025f4      0x7b4 cmake/stm32cubemx/CMakeFiles/STM32_Drivers.dir/__/__/Drivers/STM32H7xx_HAL_Driver/Src/stm32h7xx_hal_rcc.c.obj
                0x080025f4                HAL_RCC_OscConfig
 .text.HAL_RCC_ClockConfig
                0x08002da8      0x36c cmake/stm32cubemx/CMakeFiles/STM32_Drivers.dir/__/__/Drivers/STM32H7xx_HAL_Driver/Src/stm32h7xx_hal_rcc.c.obj
                0x08002da8                HAL_RCC_ClockConfig
 .text.HAL_RCC_GetSysClockFreq
                0x08003114      0x2f4 cmake/stm32cubemx/CMakeFiles/STM32_Drivers.dir/__/__/Drivers/STM32H7xx_HAL_Driver/Src/stm32h7xx_hal_rcc.c.obj
                0x08003114                HAL_RCC_GetSysClockFreq
 .text.HAL_RCC_GetHCLKFreq
                0x08003408       0x60 cmake/stm32cubemx/CMakeFiles/STM32_Drivers.dir/__/__/Drivers/STM32H7xx_HAL_Driver/Src/stm32h7xx_hal_rcc.c.obj
                0x08003408                HAL_RCC_GetHCLKFreq
 .text.HAL_RCC_GetPCLK1Freq
                0x08003468       0x2c cmake/stm32cubemx/CMakeFiles/STM32_Drivers.dir/__/__/Drivers/STM32H7xx_HAL_Driver/Src/stm32h7xx_hal_rcc.c.obj
                0x08003468                HAL_RCC_GetPCLK1Freq
 .text.HAL_RCC_GetPCLK2Freq
                0x08003494       0x2c cmake/stm32cubemx/CMakeFiles/STM32_Drivers.dir/__/__/Drivers/STM32H7xx_HAL_Driver/Src/stm32h7xx_hal_rcc.c.obj
                0x08003494                HAL_RCC_GetPCLK2Freq
 .text.HAL_RCCEx_PeriphCLKConfig
                0x080034c0     0x1340 cmake/stm32cubemx/CMakeFiles/STM32_Drivers.dir/__/__/Drivers/STM32H7xx_HAL_Driver/Src/stm32h7xx_hal_rcc_ex.c.obj
                0x080034c0                HAL_RCCEx_PeriphCLKConfig
 .text.HAL_RCCEx_GetD3PCLK1Freq
                0x08004800       0x2c cmake/stm32cubemx/CMakeFiles/STM32_Drivers.dir/__/__/Drivers/STM32H7xx_HAL_Driver/Src/stm32h7xx_hal_rcc_ex.c.obj
                0x08004800                HAL_RCCEx_GetD3PCLK1Freq
 .text.HAL_RCCEx_GetPLL2ClockFreq
                0x0800482c      0x2a8 cmake/stm32cubemx/CMakeFiles/STM32_Drivers.dir/__/__/Drivers/STM32H7xx_HAL_Driver/Src/stm32h7xx_hal_rcc_ex.c.obj
                0x0800482c                HAL_RCCEx_GetPLL2ClockFreq
 .text.HAL_RCCEx_GetPLL3ClockFreq
                0x08004ad4      0x2a8 cmake/stm32cubemx/CMakeFiles/STM32_Drivers.dir/__/__/Drivers/STM32H7xx_HAL_Driver/Src/stm32h7xx_hal_rcc_ex.c.obj
                0x08004ad4                HAL_RCCEx_GetPLL3ClockFreq
 .text.RCCEx_PLL2_Config
                0x08004d7c      0x164 cmake/stm32cubemx/CMakeFiles/STM32_Drivers.dir/__/__/Drivers/STM32H7xx_HAL_Driver/Src/stm32h7xx_hal_rcc_ex.c.obj
 .text.RCCEx_PLL3_Config
                0x08004ee0      0x164 cmake/stm32cubemx/CMakeFiles/STM32_Drivers.dir/__/__/Drivers/STM32H7xx_HAL_Driver/Src/stm32h7xx_hal_rcc_ex.c.obj
 .text.HAL_GPIO_Init
                0x08005044      0x350 cmake/stm32cubemx/CMakeFiles/STM32_Drivers.dir/__/__/Drivers/STM32H7xx_HAL_Driver/Src/stm32h7xx_hal_gpio.c.obj
                0x08005044                HAL_GPIO_Init
 .text.HAL_GPIO_DeInit
                0x08005394      0x204 cmake/stm32cubemx/CMakeFiles/STM32_Drivers.dir/__/__/Drivers/STM32H7xx_HAL_Driver/Src/stm32h7xx_hal_gpio.c.obj
                0x08005394                HAL_GPIO_DeInit
 .text.HAL_GPIO_WritePin
                0x08005598       0x32 cmake/stm32cubemx/CMakeFiles/STM32_Drivers.dir/__/__/Drivers/STM32H7xx_HAL_Driver/Src/stm32h7xx_hal_gpio.c.obj
                0x08005598                HAL_GPIO_WritePin
 *fill*         0x080055ca        0x2 
 .text.HAL_DMA_Init
                0x080055cc      0x6b0 cmake/stm32cubemx/CMakeFiles/STM32_Drivers.dir/__/__/Drivers/STM32H7xx_HAL_Driver/Src/stm32h7xx_hal_dma.c.obj
                0x080055cc                HAL_DMA_Init
 .text.HAL_DMA_Start_IT
                0x08005c7c      0x4d4 cmake/stm32cubemx/CMakeFiles/STM32_Drivers.dir/__/__/Drivers/STM32H7xx_HAL_Driver/Src/stm32h7xx_hal_dma.c.obj
                0x08005c7c                HAL_DMA_Start_IT
 .text.HAL_DMA_Abort
                0x08006150      0x63c cmake/stm32cubemx/CMakeFiles/STM32_Drivers.dir/__/__/Drivers/STM32H7xx_HAL_Driver/Src/stm32h7xx_hal_dma.c.obj
                0x08006150                HAL_DMA_Abort
 .text.HAL_DMA_Abort_IT
                0x0800678c      0x48c cmake/stm32cubemx/CMakeFiles/STM32_Drivers.dir/__/__/Drivers/STM32H7xx_HAL_Driver/Src/stm32h7xx_hal_dma.c.obj
                0x0800678c                HAL_DMA_Abort_IT
 .text.HAL_DMA_IRQHandler
                0x08006c18      0xe54 cmake/stm32cubemx/CMakeFiles/STM32_Drivers.dir/__/__/Drivers/STM32H7xx_HAL_Driver/Src/stm32h7xx_hal_dma.c.obj
                0x08006c18                HAL_DMA_IRQHandler
 .text.DMA_SetConfig
                0x08007a6c      0x358 cmake/stm32cubemx/CMakeFiles/STM32_Drivers.dir/__/__/Drivers/STM32H7xx_HAL_Driver/Src/stm32h7xx_hal_dma.c.obj
 .text.DMA_CalcBaseAndBitshift
                0x08007dc4      0x164 cmake/stm32cubemx/CMakeFiles/STM32_Drivers.dir/__/__/Drivers/STM32H7xx_HAL_Driver/Src/stm32h7xx_hal_dma.c.obj
 .text.DMA_CheckFifoParam
                0x08007f28       0xf8 cmake/stm32cubemx/CMakeFiles/STM32_Drivers.dir/__/__/Drivers/STM32H7xx_HAL_Driver/Src/stm32h7xx_hal_dma.c.obj
 .text.DMA_CalcDMAMUXChannelBaseAndMask
                0x08008020      0x134 cmake/stm32cubemx/CMakeFiles/STM32_Drivers.dir/__/__/Drivers/STM32H7xx_HAL_Driver/Src/stm32h7xx_hal_dma.c.obj
 .text.DMA_CalcDMAMUXRequestGenBaseAndMask
                0x08008154       0xe8 cmake/stm32cubemx/CMakeFiles/STM32_Drivers.dir/__/__/Drivers/STM32H7xx_HAL_Driver/Src/stm32h7xx_hal_dma.c.obj
 .text.HAL_PWREx_ConfigSupply
                0x0800823c       0x74 cmake/stm32cubemx/CMakeFiles/STM32_Drivers.dir/__/__/Drivers/STM32H7xx_HAL_Driver/Src/stm32h7xx_hal_pwr_ex.c.obj
                0x0800823c                HAL_PWREx_ConfigSupply
 .text.HAL_Init
                0x080082b0       0x78 cmake/stm32cubemx/CMakeFiles/STM32_Drivers.dir/__/__/Drivers/STM32H7xx_HAL_Driver/Src/stm32h7xx_hal.c.obj
                0x080082b0                HAL_Init
 .text.HAL_InitTick
                0x08008328       0x6c cmake/stm32cubemx/CMakeFiles/STM32_Drivers.dir/__/__/Drivers/STM32H7xx_HAL_Driver/Src/stm32h7xx_hal.c.obj
                0x08008328                HAL_InitTick
 .text.HAL_IncTick
                0x08008394       0x28 cmake/stm32cubemx/CMakeFiles/STM32_Drivers.dir/__/__/Drivers/STM32H7xx_HAL_Driver/Src/stm32h7xx_hal.c.obj
                0x08008394                HAL_IncTick
 .text.HAL_GetTick
                0x080083bc       0x18 cmake/stm32cubemx/CMakeFiles/STM32_Drivers.dir/__/__/Drivers/STM32H7xx_HAL_Driver/Src/stm32h7xx_hal.c.obj
                0x080083bc                HAL_GetTick
 .text.HAL_Delay
                0x080083d4       0x48 cmake/stm32cubemx/CMakeFiles/STM32_Drivers.dir/__/__/Drivers/STM32H7xx_HAL_Driver/Src/stm32h7xx_hal.c.obj
                0x080083d4                HAL_Delay
 .text.HAL_FDCAN_Init
                0x0800841c      0x3bc cmake/stm32cubemx/CMakeFiles/STM32_Drivers.dir/__/__/Drivers/STM32H7xx_HAL_Driver/Src/stm32h7xx_hal_fdcan.c.obj
                0x0800841c                HAL_FDCAN_Init
 .text.HAL_FDCAN_DeInit
                0x080087d8       0x48 cmake/stm32cubemx/CMakeFiles/STM32_Drivers.dir/__/__/Drivers/STM32H7xx_HAL_Driver/Src/stm32h7xx_hal_fdcan.c.obj
                0x080087d8                HAL_FDCAN_DeInit
 .text.HAL_FDCAN_ConfigFilter
                0x08008820       0xec cmake/stm32cubemx/CMakeFiles/STM32_Drivers.dir/__/__/Drivers/STM32H7xx_HAL_Driver/Src/stm32h7xx_hal_fdcan.c.obj
                0x08008820                HAL_FDCAN_ConfigFilter
 .text.HAL_FDCAN_ConfigGlobalFilter
                0x0800890c       0x5a cmake/stm32cubemx/CMakeFiles/STM32_Drivers.dir/__/__/Drivers/STM32H7xx_HAL_Driver/Src/stm32h7xx_hal_fdcan.c.obj
                0x0800890c                HAL_FDCAN_ConfigGlobalFilter
 .text.HAL_FDCAN_ConfigFifoWatermark
                0x08008966       0x98 cmake/stm32cubemx/CMakeFiles/STM32_Drivers.dir/__/__/Drivers/STM32H7xx_HAL_Driver/Src/stm32h7xx_hal_fdcan.c.obj
                0x08008966                HAL_FDCAN_ConfigFifoWatermark
 .text.HAL_FDCAN_Start
                0x080089fe       0x56 cmake/stm32cubemx/CMakeFiles/STM32_Drivers.dir/__/__/Drivers/STM32H7xx_HAL_Driver/Src/stm32h7xx_hal_fdcan.c.obj
                0x080089fe                HAL_FDCAN_Start
 .text.HAL_FDCAN_Stop
                0x08008a54       0xee cmake/stm32cubemx/CMakeFiles/STM32_Drivers.dir/__/__/Drivers/STM32H7xx_HAL_Driver/Src/stm32h7xx_hal_fdcan.c.obj
                0x08008a54                HAL_FDCAN_Stop
 .text.HAL_FDCAN_AddMessageToTxFifoQ
                0x08008b42       0xb6 cmake/stm32cubemx/CMakeFiles/STM32_Drivers.dir/__/__/Drivers/STM32H7xx_HAL_Driver/Src/stm32h7xx_hal_fdcan.c.obj
                0x08008b42                HAL_FDCAN_AddMessageToTxFifoQ
 .text.HAL_FDCAN_ActivateNotification
                0x08008bf8       0xf4 cmake/stm32cubemx/CMakeFiles/STM32_Drivers.dir/__/__/Drivers/STM32H7xx_HAL_Driver/Src/stm32h7xx_hal_fdcan.c.obj
                0x08008bf8                HAL_FDCAN_ActivateNotification
 .text.FDCAN_CalcultateRamBlockAddresses
                0x08008cec      0x30c cmake/stm32cubemx/CMakeFiles/STM32_Drivers.dir/__/__/Drivers/STM32H7xx_HAL_Driver/Src/stm32h7xx_hal_fdcan.c.obj
 .text.FDCAN_CopyMessageToRAM
                0x08008ff8       0xfc cmake/stm32cubemx/CMakeFiles/STM32_Drivers.dir/__/__/Drivers/STM32H7xx_HAL_Driver/Src/stm32h7xx_hal_fdcan.c.obj
 .text.HAL_TIM_Base_Init
                0x080090f4       0xae cmake/stm32cubemx/CMakeFiles/STM32_Drivers.dir/__/__/Drivers/STM32H7xx_HAL_Driver/Src/stm32h7xx_hal_tim.c.obj
                0x080090f4                HAL_TIM_Base_Init
 *fill*         0x080091a2        0x2 
 .text.HAL_TIM_Base_Start_IT
                0x080091a4      0x10c cmake/stm32cubemx/CMakeFiles/STM32_Drivers.dir/__/__/Drivers/STM32H7xx_HAL_Driver/Src/stm32h7xx_hal_tim.c.obj
                0x080091a4                HAL_TIM_Base_Start_IT
 .text.HAL_TIM_IRQHandler
                0x080092b0      0x20e cmake/stm32cubemx/CMakeFiles/STM32_Drivers.dir/__/__/Drivers/STM32H7xx_HAL_Driver/Src/stm32h7xx_hal_tim.c.obj
                0x080092b0                HAL_TIM_IRQHandler
 *fill*         0x080094be        0x2 
 .text.HAL_TIM_ConfigClockSource
                0x080094c0      0x1f0 cmake/stm32cubemx/CMakeFiles/STM32_Drivers.dir/__/__/Drivers/STM32H7xx_HAL_Driver/Src/stm32h7xx_hal_tim.c.obj
                0x080094c0                HAL_TIM_ConfigClockSource
 .text.HAL_TIM_OC_DelayElapsedCallback
                0x080096b0       0x14 cmake/stm32cubemx/CMakeFiles/STM32_Drivers.dir/__/__/Drivers/STM32H7xx_HAL_Driver/Src/stm32h7xx_hal_tim.c.obj
                0x080096b0                HAL_TIM_OC_DelayElapsedCallback
 .text.HAL_TIM_IC_CaptureCallback
                0x080096c4       0x14 cmake/stm32cubemx/CMakeFiles/STM32_Drivers.dir/__/__/Drivers/STM32H7xx_HAL_Driver/Src/stm32h7xx_hal_tim.c.obj
                0x080096c4                HAL_TIM_IC_CaptureCallback
 .text.HAL_TIM_PWM_PulseFinishedCallback
                0x080096d8       0x14 cmake/stm32cubemx/CMakeFiles/STM32_Drivers.dir/__/__/Drivers/STM32H7xx_HAL_Driver/Src/stm32h7xx_hal_tim.c.obj
                0x080096d8                HAL_TIM_PWM_PulseFinishedCallback
 .text.HAL_TIM_TriggerCallback
                0x080096ec       0x14 cmake/stm32cubemx/CMakeFiles/STM32_Drivers.dir/__/__/Drivers/STM32H7xx_HAL_Driver/Src/stm32h7xx_hal_tim.c.obj
                0x080096ec                HAL_TIM_TriggerCallback
 .text.TIM_Base_SetConfig
                0x08009700      0x164 cmake/stm32cubemx/CMakeFiles/STM32_Drivers.dir/__/__/Drivers/STM32H7xx_HAL_Driver/Src/stm32h7xx_hal_tim.c.obj
                0x08009700                TIM_Base_SetConfig
 .text.TIM_TI1_ConfigInputStage
                0x08009864       0x5e cmake/stm32cubemx/CMakeFiles/STM32_Drivers.dir/__/__/Drivers/STM32H7xx_HAL_Driver/Src/stm32h7xx_hal_tim.c.obj
 .text.TIM_TI2_ConfigInputStage
                0x080098c2       0x60 cmake/stm32cubemx/CMakeFiles/STM32_Drivers.dir/__/__/Drivers/STM32H7xx_HAL_Driver/Src/stm32h7xx_hal_tim.c.obj
 *fill*         0x08009922        0x2 
 .text.TIM_ITRx_SetConfig
                0x08009924       0x3c cmake/stm32cubemx/CMakeFiles/STM32_Drivers.dir/__/__/Drivers/STM32H7xx_HAL_Driver/Src/stm32h7xx_hal_tim.c.obj
 .text.TIM_ETR_SetConfig
                0x08009960       0x40 cmake/stm32cubemx/CMakeFiles/STM32_Drivers.dir/__/__/Drivers/STM32H7xx_HAL_Driver/Src/stm32h7xx_hal_tim.c.obj
                0x08009960                TIM_ETR_SetConfig
 .text.HAL_TIMEx_MasterConfigSynchronization
                0x080099a0      0x138 cmake/stm32cubemx/CMakeFiles/STM32_Drivers.dir/__/__/Drivers/STM32H7xx_HAL_Driver/Src/stm32h7xx_hal_tim_ex.c.obj
                0x080099a0                HAL_TIMEx_MasterConfigSynchronization
 .text.HAL_TIMEx_CommutCallback
                0x08009ad8       0x14 cmake/stm32cubemx/CMakeFiles/STM32_Drivers.dir/__/__/Drivers/STM32H7xx_HAL_Driver/Src/stm32h7xx_hal_tim_ex.c.obj
                0x08009ad8                HAL_TIMEx_CommutCallback
 .text.HAL_TIMEx_BreakCallback
                0x08009aec       0x14 cmake/stm32cubemx/CMakeFiles/STM32_Drivers.dir/__/__/Drivers/STM32H7xx_HAL_Driver/Src/stm32h7xx_hal_tim_ex.c.obj
                0x08009aec                HAL_TIMEx_BreakCallback
 .text.HAL_TIMEx_Break2Callback
                0x08009b00       0x14 cmake/stm32cubemx/CMakeFiles/STM32_Drivers.dir/__/__/Drivers/STM32H7xx_HAL_Driver/Src/stm32h7xx_hal_tim_ex.c.obj
                0x08009b00                HAL_TIMEx_Break2Callback
 .text.HAL_UART_Init
                0x08009b14       0xa0 cmake/stm32cubemx/CMakeFiles/STM32_Drivers.dir/__/__/Drivers/STM32H7xx_HAL_Driver/Src/stm32h7xx_hal_uart.c.obj
                0x08009b14                HAL_UART_Init
 .text.HAL_UART_Transmit
                0x08009bb4      0x11c cmake/stm32cubemx/CMakeFiles/STM32_Drivers.dir/__/__/Drivers/STM32H7xx_HAL_Driver/Src/stm32h7xx_hal_uart.c.obj
                0x08009bb4                HAL_UART_Transmit
 .text.HAL_UART_IRQHandler
                0x08009cd0      0x774 cmake/stm32cubemx/CMakeFiles/STM32_Drivers.dir/__/__/Drivers/STM32H7xx_HAL_Driver/Src/stm32h7xx_hal_uart.c.obj
                0x08009cd0                HAL_UART_IRQHandler
 .text.HAL_UART_TxCpltCallback
                0x0800a444       0x14 cmake/stm32cubemx/CMakeFiles/STM32_Drivers.dir/__/__/Drivers/STM32H7xx_HAL_Driver/Src/stm32h7xx_hal_uart.c.obj
                0x0800a444                HAL_UART_TxCpltCallback
 .text.HAL_UART_RxCpltCallback
                0x0800a458       0x14 cmake/stm32cubemx/CMakeFiles/STM32_Drivers.dir/__/__/Drivers/STM32H7xx_HAL_Driver/Src/stm32h7xx_hal_uart.c.obj
                0x0800a458                HAL_UART_RxCpltCallback
 .text.HAL_UART_RxHalfCpltCallback
                0x0800a46c       0x14 cmake/stm32cubemx/CMakeFiles/STM32_Drivers.dir/__/__/Drivers/STM32H7xx_HAL_Driver/Src/stm32h7xx_hal_uart.c.obj
                0x0800a46c                HAL_UART_RxHalfCpltCallback
 .text.UART_SetConfig
                0x0800a480      0xcd8 cmake/stm32cubemx/CMakeFiles/STM32_Drivers.dir/__/__/Drivers/STM32H7xx_HAL_Driver/Src/stm32h7xx_hal_uart.c.obj
                0x0800a480                UART_SetConfig
 .text.UART_AdvFeatureConfig
                0x0800b158      0x144 cmake/stm32cubemx/CMakeFiles/STM32_Drivers.dir/__/__/Drivers/STM32H7xx_HAL_Driver/Src/stm32h7xx_hal_uart.c.obj
                0x0800b158                UART_AdvFeatureConfig
 .text.UART_CheckIdleState
                0x0800b29c      0x154 cmake/stm32cubemx/CMakeFiles/STM32_Drivers.dir/__/__/Drivers/STM32H7xx_HAL_Driver/Src/stm32h7xx_hal_uart.c.obj
                0x0800b29c                UART_CheckIdleState
 .text.UART_WaitOnFlagUntilTimeout
                0x0800b3f0       0xda cmake/stm32cubemx/CMakeFiles/STM32_Drivers.dir/__/__/Drivers/STM32H7xx_HAL_Driver/Src/stm32h7xx_hal_uart.c.obj
                0x0800b3f0                UART_WaitOnFlagUntilTimeout
 *fill*         0x0800b4ca        0x2 
 .text.UART_Start_Receive_IT
                0x0800b4cc      0x244 cmake/stm32cubemx/CMakeFiles/STM32_Drivers.dir/__/__/Drivers/STM32H7xx_HAL_Driver/Src/stm32h7xx_hal_uart.c.obj
                0x0800b4cc                UART_Start_Receive_IT
 .text.UART_Start_Receive_DMA
                0x0800b710      0x14c cmake/stm32cubemx/CMakeFiles/STM32_Drivers.dir/__/__/Drivers/STM32H7xx_HAL_Driver/Src/stm32h7xx_hal_uart.c.obj
                0x0800b710                UART_Start_Receive_DMA
 .text.UART_EndTxTransfer
                0x0800b85c       0x82 cmake/stm32cubemx/CMakeFiles/STM32_Drivers.dir/__/__/Drivers/STM32H7xx_HAL_Driver/Src/stm32h7xx_hal_uart.c.obj
 *fill*         0x0800b8de        0x2 
 .text.UART_EndRxTransfer
                0x0800b8e0       0xcc cmake/stm32cubemx/CMakeFiles/STM32_Drivers.dir/__/__/Drivers/STM32H7xx_HAL_Driver/Src/stm32h7xx_hal_uart.c.obj
 .text.UART_DMAReceiveCplt
                0x0800b9ac      0x128 cmake/stm32cubemx/CMakeFiles/STM32_Drivers.dir/__/__/Drivers/STM32H7xx_HAL_Driver/Src/stm32h7xx_hal_uart.c.obj
 .text.UART_DMARxHalfCplt
                0x0800bad4       0x3e cmake/stm32cubemx/CMakeFiles/STM32_Drivers.dir/__/__/Drivers/STM32H7xx_HAL_Driver/Src/stm32h7xx_hal_uart.c.obj
 .text.UART_DMAError
                0x0800bb12       0x80 cmake/stm32cubemx/CMakeFiles/STM32_Drivers.dir/__/__/Drivers/STM32H7xx_HAL_Driver/Src/stm32h7xx_hal_uart.c.obj
 .text.UART_DMAAbortOnError
                0x0800bb92       0x2c cmake/stm32cubemx/CMakeFiles/STM32_Drivers.dir/__/__/Drivers/STM32H7xx_HAL_Driver/Src/stm32h7xx_hal_uart.c.obj
 .text.UART_EndTransmit_IT
                0x0800bbbe       0x56 cmake/stm32cubemx/CMakeFiles/STM32_Drivers.dir/__/__/Drivers/STM32H7xx_HAL_Driver/Src/stm32h7xx_hal_uart.c.obj
 .text.UART_RxISR_8BIT
                0x0800bc14      0x1b8 cmake/stm32cubemx/CMakeFiles/STM32_Drivers.dir/__/__/Drivers/STM32H7xx_HAL_Driver/Src/stm32h7xx_hal_uart.c.obj
 .text.UART_RxISR_16BIT
                0x0800bdcc      0x1b8 cmake/stm32cubemx/CMakeFiles/STM32_Drivers.dir/__/__/Drivers/STM32H7xx_HAL_Driver/Src/stm32h7xx_hal_uart.c.obj
 .text.UART_RxISR_8BIT_FIFOEN
                0x0800bf84      0x360 cmake/stm32cubemx/CMakeFiles/STM32_Drivers.dir/__/__/Drivers/STM32H7xx_HAL_Driver/Src/stm32h7xx_hal_uart.c.obj
 .text.UART_RxISR_16BIT_FIFOEN
                0x0800c2e4      0x368 cmake/stm32cubemx/CMakeFiles/STM32_Drivers.dir/__/__/Drivers/STM32H7xx_HAL_Driver/Src/stm32h7xx_hal_uart.c.obj
 .text.HAL_UARTEx_WakeupCallback
                0x0800c64c       0x14 cmake/stm32cubemx/CMakeFiles/STM32_Drivers.dir/__/__/Drivers/STM32H7xx_HAL_Driver/Src/stm32h7xx_hal_uart_ex.c.obj
                0x0800c64c                HAL_UARTEx_WakeupCallback
 .text.HAL_UARTEx_RxFifoFullCallback
                0x0800c660       0x14 cmake/stm32cubemx/CMakeFiles/STM32_Drivers.dir/__/__/Drivers/STM32H7xx_HAL_Driver/Src/stm32h7xx_hal_uart_ex.c.obj
                0x0800c660                HAL_UARTEx_RxFifoFullCallback
 .text.HAL_UARTEx_TxFifoEmptyCallback
                0x0800c674       0x14 cmake/stm32cubemx/CMakeFiles/STM32_Drivers.dir/__/__/Drivers/STM32H7xx_HAL_Driver/Src/stm32h7xx_hal_uart_ex.c.obj
                0x0800c674                HAL_UARTEx_TxFifoEmptyCallback
 .text.HAL_UARTEx_DisableFifoMode
                0x0800c688       0x72 cmake/stm32cubemx/CMakeFiles/STM32_Drivers.dir/__/__/Drivers/STM32H7xx_HAL_Driver/Src/stm32h7xx_hal_uart_ex.c.obj
                0x0800c688                HAL_UARTEx_DisableFifoMode
 .text.HAL_UARTEx_SetTxFifoThreshold
                0x0800c6fa       0x7c cmake/stm32cubemx/CMakeFiles/STM32_Drivers.dir/__/__/Drivers/STM32H7xx_HAL_Driver/Src/stm32h7xx_hal_uart_ex.c.obj
                0x0800c6fa                HAL_UARTEx_SetTxFifoThreshold
 .text.HAL_UARTEx_SetRxFifoThreshold
                0x0800c776       0x7c cmake/stm32cubemx/CMakeFiles/STM32_Drivers.dir/__/__/Drivers/STM32H7xx_HAL_Driver/Src/stm32h7xx_hal_uart_ex.c.obj
                0x0800c776                HAL_UARTEx_SetRxFifoThreshold
 .text.HAL_UARTEx_ReceiveToIdle_IT
                0x0800c7f2       0xa0 cmake/stm32cubemx/CMakeFiles/STM32_Drivers.dir/__/__/Drivers/STM32H7xx_HAL_Driver/Src/stm32h7xx_hal_uart_ex.c.obj
                0x0800c7f2                HAL_UARTEx_ReceiveToIdle_IT
 .text.HAL_UARTEx_ReceiveToIdle_DMA
                0x0800c892       0xa8 cmake/stm32cubemx/CMakeFiles/STM32_Drivers.dir/__/__/Drivers/STM32H7xx_HAL_Driver/Src/stm32h7xx_hal_uart_ex.c.obj
                0x0800c892                HAL_UARTEx_ReceiveToIdle_DMA
 *fill*         0x0800c93a        0x2 
 .text.UARTEx_SetNbDataToProcess
                0x0800c93c       0x9c cmake/stm32cubemx/CMakeFiles/STM32_Drivers.dir/__/__/Drivers/STM32H7xx_HAL_Driver/Src/stm32h7xx_hal_uart_ex.c.obj
 .text.__udivmoddi4
                0x0800c9d8      0x2f8 /Applications/ArmGNUToolchain/14.2.rel1/arm-none-eabi/bin/../lib/gcc/arm-none-eabi/14.2.1/thumb/v7e-m+dp/hard/libgcc.a(_udivmoddi4.o)
                0x0800c9d8                __udivmoddi4
 .text._vsprintf_r
                0x0800ccd0       0x2c /Applications/ArmGNUToolchain/14.2.rel1/arm-none-eabi/bin/../lib/gcc/arm-none-eabi/14.2.1/../../../../arm-none-eabi/lib/thumb/v7e-m+dp/hard/libg_nano.a(libc_a-vsprintf.o)
                0x0800ccd0                _vsiprintf_r
                0x0800ccd0                _vsprintf_r
 .text.vsprintf
                0x0800ccfc       0x14 /Applications/ArmGNUToolchain/14.2.rel1/arm-none-eabi/bin/../lib/gcc/arm-none-eabi/14.2.1/../../../../arm-none-eabi/lib/thumb/v7e-m+dp/hard/libg_nano.a(libc_a-vsprintf.o)
                0x0800ccfc                vsprintf
                0x0800ccfc                vsiprintf
 .text.__errno  0x0800cd10        0xc /Applications/ArmGNUToolchain/14.2.rel1/arm-none-eabi/bin/../lib/gcc/arm-none-eabi/14.2.1/../../../../arm-none-eabi/lib/thumb/v7e-m+dp/hard/libg_nano.a(libc_a-errno.o)
                0x0800cd10                __errno
 .text.memcpy   0x0800cd1c       0x1c /Applications/ArmGNUToolchain/14.2.rel1/arm-none-eabi/bin/../lib/gcc/arm-none-eabi/14.2.1/../../../../arm-none-eabi/lib/thumb/v7e-m+dp/hard/libg_nano.a(libc_a-memcpy-stub.o)
                0x0800cd1c                memcpy
 .text.__ssputs_r
                0x0800cd38       0xc0 /Applications/ArmGNUToolchain/14.2.rel1/arm-none-eabi/bin/../lib/gcc/arm-none-eabi/14.2.1/../../../../arm-none-eabi/lib/thumb/v7e-m+dp/hard/libg_nano.a(libc_a-nano-svfprintf.o)
                0x0800cd38                __ssputs_r
 .text._svfprintf_r
                0x0800cdf8      0x1f8 /Applications/ArmGNUToolchain/14.2.rel1/arm-none-eabi/bin/../lib/gcc/arm-none-eabi/14.2.1/../../../../arm-none-eabi/lib/thumb/v7e-m+dp/hard/libg_nano.a(libc_a-nano-svfprintf.o)
                0x0800cdf8                _svfprintf_r
                0x0800cdf8                _svfiprintf_r
 .text._printf_common
                0x0800cff0       0xda /Applications/ArmGNUToolchain/14.2.rel1/arm-none-eabi/bin/../lib/gcc/arm-none-eabi/14.2.1/../../../../arm-none-eabi/lib/thumb/v7e-m+dp/hard/libg_nano.a(libc_a-nano-vfprintf_i.o)
                0x0800cff0                _printf_common
 *fill*         0x0800d0ca        0x2 
 .text._printf_i
                0x0800d0cc      0x240 /Applications/ArmGNUToolchain/14.2.rel1/arm-none-eabi/bin/../lib/gcc/arm-none-eabi/14.2.1/../../../../arm-none-eabi/lib/thumb/v7e-m+dp/hard/libg_nano.a(libc_a-nano-vfprintf_i.o)
                0x0800d0cc                _printf_i
 .text._realloc_r
                0x0800d30c       0x5c /Applications/ArmGNUToolchain/14.2.rel1/arm-none-eabi/bin/../lib/gcc/arm-none-eabi/14.2.1/../../../../arm-none-eabi/lib/thumb/v7e-m+dp/hard/libg_nano.a(libc_a-reallocr.o)
                0x0800d30c                _realloc_r
 .text.memmove  0x0800d368       0x32 /Applications/ArmGNUToolchain/14.2.rel1/arm-none-eabi/bin/../lib/gcc/arm-none-eabi/14.2.1/../../../../arm-none-eabi/lib/thumb/v7e-m+dp/hard/libg_nano.a(libc_a-memmove.o)
                0x0800d368                memmove
 .text._malloc_usable_size_r
                0x0800d39a       0x10 /Applications/ArmGNUToolchain/14.2.rel1/arm-none-eabi/bin/../lib/gcc/arm-none-eabi/14.2.1/../../../../arm-none-eabi/lib/thumb/v7e-m+dp/hard/libg_nano.a(libc_a-msizer.o)
                0x0800d39a                _malloc_usable_size_r
 *(.glue_7)
 .glue_7        0x0800d3aa        0x0 linker stubs
 *(.glue_7t)
 .glue_7t       0x0800d3aa        0x0 linker stubs
 *(.eh_frame)
 *fill*         0x0800d3aa        0x2 
 .eh_frame      0x0800d3ac        0x0 /Applications/ArmGNUToolchain/14.2.rel1/arm-none-eabi/bin/../lib/gcc/arm-none-eabi/14.2.1/thumb/v7e-m+dp/hard/crtbegin.o
 *(.init)
 .init          0x0800d3ac        0x4 /Applications/ArmGNUToolchain/14.2.rel1/arm-none-eabi/bin/../lib/gcc/arm-none-eabi/14.2.1/thumb/v7e-m+dp/hard/crti.o
                0x0800d3ac                _init
 .init          0x0800d3b0        0x8 /Applications/ArmGNUToolchain/14.2.rel1/arm-none-eabi/bin/../lib/gcc/arm-none-eabi/14.2.1/thumb/v7e-m+dp/hard/crtn.o
 *(.fini)
 .fini          0x0800d3b8        0x4 /Applications/ArmGNUToolchain/14.2.rel1/arm-none-eabi/bin/../lib/gcc/arm-none-eabi/14.2.1/thumb/v7e-m+dp/hard/crti.o
                0x0800d3b8                _fini
 .fini          0x0800d3bc        0x8 /Applications/ArmGNUToolchain/14.2.rel1/arm-none-eabi/bin/../lib/gcc/arm-none-eabi/14.2.1/thumb/v7e-m+dp/hard/crtn.o
                0x0800d3c4                        . = ALIGN (0x4)
                0x0800d3c4                        _etext = .

.vfp11_veneer   0x0800d3c4        0x0
 .vfp11_veneer  0x0800d3c4        0x0 linker stubs

.v4_bx          0x0800d3c4        0x0
 .v4_bx         0x0800d3c4        0x0 linker stubs

.iplt           0x0800d3c4        0x0
 .iplt          0x0800d3c4        0x0 /Applications/ArmGNUToolchain/14.2.rel1/arm-none-eabi/bin/../lib/gcc/arm-none-eabi/14.2.1/thumb/v7e-m+dp/hard/crtbegin.o

.rodata         0x0800d3c4      0x144
                0x0800d3c4                        . = ALIGN (0x4)
 *(.rodata)
 .rodata        0x0800d3c4       0x74 CMakeFiles/CtrBoard-H7_DBUS.dir/Core/Src/main.c.obj
 .rodata        0x0800d438       0x4c cmake/stm32cubemx/CMakeFiles/STM32_Drivers.dir/__/__/Drivers/STM32H7xx_HAL_Driver/Src/stm32h7xx_hal_fdcan.c.obj
 *(.rodata*)
 .rodata.D1CorePrescTable
                0x0800d484       0x10 cmake/stm32cubemx/CMakeFiles/STM32_Drivers.dir/__/__/Core/Src/system_stm32h7xx.c.obj
                0x0800d484                D1CorePrescTable
 .rodata.flagBitshiftOffset.0
                0x0800d494        0x8 cmake/stm32cubemx/CMakeFiles/STM32_Drivers.dir/__/__/Drivers/STM32H7xx_HAL_Driver/Src/stm32h7xx_hal_dma.c.obj
 .rodata.DLCtoBytes
                0x0800d49c       0x10 cmake/stm32cubemx/CMakeFiles/STM32_Drivers.dir/__/__/Drivers/STM32H7xx_HAL_Driver/Src/stm32h7xx_hal_fdcan.c.obj
 .rodata.UARTPrescTable
                0x0800d4ac       0x18 cmake/stm32cubemx/CMakeFiles/STM32_Drivers.dir/__/__/Drivers/STM32H7xx_HAL_Driver/Src/stm32h7xx_hal_uart.c.obj
                0x0800d4ac                UARTPrescTable
 .rodata.numerator.1
                0x0800d4c4        0x8 cmake/stm32cubemx/CMakeFiles/STM32_Drivers.dir/__/__/Drivers/STM32H7xx_HAL_Driver/Src/stm32h7xx_hal_uart_ex.c.obj
 .rodata.denominator.0
                0x0800d4cc        0x8 cmake/stm32cubemx/CMakeFiles/STM32_Drivers.dir/__/__/Drivers/STM32H7xx_HAL_Driver/Src/stm32h7xx_hal_uart_ex.c.obj
 .rodata._svfprintf_r.str1.1
                0x0800d4d4       0x33 /Applications/ArmGNUToolchain/14.2.rel1/arm-none-eabi/bin/../lib/gcc/arm-none-eabi/14.2.1/../../../../arm-none-eabi/lib/thumb/v7e-m+dp/hard/libg_nano.a(libc_a-nano-svfprintf.o)
                                 0x11 (size before relaxing)
 .rodata._printf_i.str1.1
                0x0800d507       0x22 /Applications/ArmGNUToolchain/14.2.rel1/arm-none-eabi/bin/../lib/gcc/arm-none-eabi/14.2.1/../../../../arm-none-eabi/lib/thumb/v7e-m+dp/hard/libg_nano.a(libc_a-nano-vfprintf_i.o)
                0x0800d52c                        . = ALIGN (0x4)
 *fill*         0x0800d507        0x1 

.ARM.extab      0x0800d508        0x0
                0x0800d508                        . = ALIGN (0x4)
 *(.ARM.extab* .gnu.linkonce.armextab.*)
                0x0800d508                        . = ALIGN (0x4)

.ARM            0x0800d508        0x8
                0x0800d508                        . = ALIGN (0x4)
                0x0800d508                        __exidx_start = .
 *(.ARM.exidx*)
 .ARM.exidx     0x0800d508        0x8 /Applications/ArmGNUToolchain/14.2.rel1/arm-none-eabi/bin/../lib/gcc/arm-none-eabi/14.2.1/../../../../arm-none-eabi/lib/thumb/v7e-m+dp/hard/libg_nano.a(libc_a-memchr.o)
 .ARM.exidx.text.__udivmoddi4
                0x0800d510        0x0 /Applications/ArmGNUToolchain/14.2.rel1/arm-none-eabi/bin/../lib/gcc/arm-none-eabi/14.2.1/thumb/v7e-m+dp/hard/libgcc.a(_udivmoddi4.o)
                                  0x8 (size before relaxing)
                0x0800d510                        __exidx_end = .
                0x0800d510                        . = ALIGN (0x4)

.preinit_array  0x0800d510        0x0
                0x0800d510                        . = ALIGN (0x4)
                0x0800d510                        PROVIDE (__preinit_array_start = .)
 *(.preinit_array*)
                0x0800d510                        PROVIDE (__preinit_array_end = .)
                0x0800d510                        . = ALIGN (0x4)

.init_array     0x0800d510        0x4
                0x0800d510                        . = ALIGN (0x4)
                0x0800d510                        PROVIDE (__init_array_start = .)
 *(SORT_BY_NAME(.init_array.*))
 *(.init_array*)
 .init_array    0x0800d510        0x4 /Applications/ArmGNUToolchain/14.2.rel1/arm-none-eabi/bin/../lib/gcc/arm-none-eabi/14.2.1/thumb/v7e-m+dp/hard/crtbegin.o
                0x0800d514                        PROVIDE (__init_array_end = .)
                0x0800d514                        . = ALIGN (0x4)

.fini_array     0x0800d514        0x4
                0x0800d514                        . = ALIGN (0x4)
                [!provide]                        PROVIDE (__fini_array_start = .)
 *(SORT_BY_NAME(.fini_array.*))
 *(.fini_array*)
 .fini_array    0x0800d514        0x4 /Applications/ArmGNUToolchain/14.2.rel1/arm-none-eabi/bin/../lib/gcc/arm-none-eabi/14.2.1/thumb/v7e-m+dp/hard/crtbegin.o
                [!provide]                        PROVIDE (__fini_array_end = .)
                0x0800d518                        . = ALIGN (0x4)
                0x0800d518                        _sidata = LOADADDR (.data)

.rel.dyn        0x0800d518        0x0
 .rel.iplt      0x0800d518        0x0 /Applications/ArmGNUToolchain/14.2.rel1/arm-none-eabi/bin/../lib/gcc/arm-none-eabi/14.2.1/thumb/v7e-m+dp/hard/crtbegin.o

.data           0x20000000       0x60 load address 0x0800d518
                0x20000000                        . = ALIGN (0x4)
                0x20000000                        _sdata = .
 *(.data)
 *(.data*)
 .data._impure_ptr
                0x20000000        0x4 /Applications/ArmGNUToolchain/14.2.rel1/arm-none-eabi/bin/../lib/gcc/arm-none-eabi/14.2.1/../../../../arm-none-eabi/lib/thumb/v7e-m+dp/hard/libc_nano.a(libc_a-impure.o)
                0x20000000                _impure_ptr
 .data._impure_data
                0x20000004       0x4c /Applications/ArmGNUToolchain/14.2.rel1/arm-none-eabi/bin/../lib/gcc/arm-none-eabi/14.2.1/../../../../arm-none-eabi/lib/thumb/v7e-m+dp/hard/libc_nano.a(libc_a-impure.o)
                0x20000004                _impure_data
 .data.SystemCoreClock
                0x20000050        0x4 cmake/stm32cubemx/CMakeFiles/STM32_Drivers.dir/__/__/Core/Src/system_stm32h7xx.c.obj
                0x20000050                SystemCoreClock
 .data.SystemD2Clock
                0x20000054        0x4 cmake/stm32cubemx/CMakeFiles/STM32_Drivers.dir/__/__/Core/Src/system_stm32h7xx.c.obj
                0x20000054                SystemD2Clock
 .data.uwTickPrio
                0x20000058        0x4 cmake/stm32cubemx/CMakeFiles/STM32_Drivers.dir/__/__/Drivers/STM32H7xx_HAL_Driver/Src/stm32h7xx_hal.c.obj
                0x20000058                uwTickPrio
 .data.uwTickFreq
                0x2000005c        0x1 cmake/stm32cubemx/CMakeFiles/STM32_Drivers.dir/__/__/Drivers/STM32H7xx_HAL_Driver/Src/stm32h7xx_hal.c.obj
                0x2000005c                uwTickFreq
 *(.RamFunc)
 *(.RamFunc*)
                0x20000060                        . = ALIGN (0x4)
 *fill*         0x2000005d        0x3 
                0x20000060                        _edata = .

.tm_clone_table
                0x20000060        0x0 load address 0x0800d578
 .tm_clone_table
                0x20000060        0x0 /Applications/ArmGNUToolchain/14.2.rel1/arm-none-eabi/bin/../lib/gcc/arm-none-eabi/14.2.1/thumb/v7e-m+dp/hard/crtbegin.o
 .tm_clone_table
                0x20000060        0x0 /Applications/ArmGNUToolchain/14.2.rel1/arm-none-eabi/bin/../lib/gcc/arm-none-eabi/14.2.1/thumb/v7e-m+dp/hard/crtend.o

.igot.plt       0x20000060        0x0 load address 0x0800d578
 .igot.plt      0x20000060        0x0 /Applications/ArmGNUToolchain/14.2.rel1/arm-none-eabi/bin/../lib/gcc/arm-none-eabi/14.2.1/thumb/v7e-m+dp/hard/crtbegin.o
                0x20000060                        . = ALIGN (0x4)

.bss            0x20000060     0x1214 load address 0x0800d578
                0x20000060                        _sbss = .
                0x20000060                        __bss_start__ = _sbss
 *(.bss)
 *(.bss*)
 .bss.completed.1
                0x20000060        0x1 /Applications/ArmGNUToolchain/14.2.rel1/arm-none-eabi/bin/../lib/gcc/arm-none-eabi/14.2.1/thumb/v7e-m+dp/hard/crtbegin.o
 *fill*         0x20000061        0x3 
 .bss.object.0  0x20000064       0x18 /Applications/ArmGNUToolchain/14.2.rel1/arm-none-eabi/bin/../lib/gcc/arm-none-eabi/14.2.1/thumb/v7e-m+dp/hard/crtbegin.o
 .bss.__sf      0x2000007c      0x138 /Applications/ArmGNUToolchain/14.2.rel1/arm-none-eabi/bin/../lib/gcc/arm-none-eabi/14.2.1/../../../../arm-none-eabi/lib/thumb/v7e-m+dp/hard/libc_nano.a(libc_a-findfp.o)
                0x2000007c                __sf
 .bss.__lock___malloc_recursive_mutex
                0x200001b4        0x1 /Applications/ArmGNUToolchain/14.2.rel1/arm-none-eabi/bin/../lib/gcc/arm-none-eabi/14.2.1/../../../../arm-none-eabi/lib/thumb/v7e-m+dp/hard/libc_nano.a(libc_a-lock.o)
                0x200001b4                __lock___malloc_recursive_mutex
 *fill*         0x200001b5        0x3 
 .bss.__malloc_sbrk_start
                0x200001b8        0x4 /Applications/ArmGNUToolchain/14.2.rel1/arm-none-eabi/bin/../lib/gcc/arm-none-eabi/14.2.1/../../../../arm-none-eabi/lib/thumb/v7e-m+dp/hard/libc_nano.a(libc_a-mallocr.o)
                0x200001b8                __malloc_sbrk_start
 .bss.__malloc_free_list
                0x200001bc        0x4 /Applications/ArmGNUToolchain/14.2.rel1/arm-none-eabi/bin/../lib/gcc/arm-none-eabi/14.2.1/../../../../arm-none-eabi/lib/thumb/v7e-m+dp/hard/libc_nano.a(libc_a-mallocr.o)
                0x200001bc                __malloc_free_list
 .bss.errno     0x200001c0        0x4 /Applications/ArmGNUToolchain/14.2.rel1/arm-none-eabi/bin/../lib/gcc/arm-none-eabi/14.2.1/../../../../arm-none-eabi/lib/thumb/v7e-m+dp/hard/libc_nano.a(libc_a-reent.o)
                0x200001c0                errno
 .bss.channels  0x200001c4        0x4 CMakeFiles/CtrBoard-H7_DBUS.dir/Core/Src/main.c.obj
                0x200001c4                channels
 .bss.ap.2      0x200001c8        0x4 CMakeFiles/CtrBoard-H7_DBUS.dir/Core/Src/main.c.obj
 .bss.tx_buf.1  0x200001cc      0x100 CMakeFiles/CtrBoard-H7_DBUS.dir/Core/Src/main.c.obj
 .bss.len.0     0x200002cc        0x2 CMakeFiles/CtrBoard-H7_DBUS.dir/Core/Src/main.c.obj
 *fill*         0x200002ce        0x2 
 .bss.hfdcan1   0x200002d0       0xa0 CMakeFiles/CtrBoard-H7_DBUS.dir/Core/Src/fdcan.c.obj
                0x200002d0                hfdcan1
 .bss.hfdcan2   0x20000370       0xa0 CMakeFiles/CtrBoard-H7_DBUS.dir/Core/Src/fdcan.c.obj
                0x20000370                hfdcan2
 .bss.hfdcan3   0x20000410       0xa0 CMakeFiles/CtrBoard-H7_DBUS.dir/Core/Src/fdcan.c.obj
                0x20000410                hfdcan3
 .bss.HAL_RCC_FDCAN_CLK_ENABLED
                0x200004b0        0x4 CMakeFiles/CtrBoard-H7_DBUS.dir/Core/Src/fdcan.c.obj
 .bss.htim3     0x200004b4       0x4c CMakeFiles/CtrBoard-H7_DBUS.dir/Core/Src/tim.c.obj
                0x200004b4                htim3
 .bss.huart5    0x20000500       0x94 CMakeFiles/CtrBoard-H7_DBUS.dir/Core/Src/usart.c.obj
                0x20000500                huart5
 .bss.huart1    0x20000594       0x94 CMakeFiles/CtrBoard-H7_DBUS.dir/Core/Src/usart.c.obj
                0x20000594                huart1
 .bss.hdma_uart5_rx
                0x20000628       0x78 CMakeFiles/CtrBoard-H7_DBUS.dir/Core/Src/usart.c.obj
                0x20000628                hdma_uart5_rx
 .bss.hdma_usart1_rx
                0x200006a0       0x78 CMakeFiles/CtrBoard-H7_DBUS.dir/Core/Src/usart.c.obj
                0x200006a0                hdma_usart1_rx
 .bss.hdma_usart1_tx
                0x20000718       0x78 CMakeFiles/CtrBoard-H7_DBUS.dir/Core/Src/usart.c.obj
                0x20000718                hdma_usart1_tx
 .bss.__sbrk_heap_end
                0x20000790        0x4 CMakeFiles/CtrBoard-H7_DBUS.dir/Core/Src/sysmem.c.obj
 .bss.remoter   0x20000794       0x3c CMakeFiles/CtrBoard-H7_DBUS.dir/User/uart_bsp.c.obj
                0x20000794                remoter
 .bss.motor     0x200007d0      0xaa0 CMakeFiles/CtrBoard-H7_DBUS.dir/User/dm_motor_ctrl.c.obj
                0x200007d0                motor
 .bss.uwTick    0x20001270        0x4 cmake/stm32cubemx/CMakeFiles/STM32_Drivers.dir/__/__/Drivers/STM32H7xx_HAL_Driver/Src/stm32h7xx_hal.c.obj
                0x20001270                uwTick
 *(COMMON)
                0x20001274                        . = ALIGN (0x4)
                0x20001274                        _ebss = .
                0x20001274                        __bss_end__ = _ebss

.sram4          0x24000000       0x40
                0x24000000                        . = ALIGN (0x20)
 *(.sram4)
 .sram4         0x24000000       0x32 CMakeFiles/CtrBoard-H7_DBUS.dir/User/uart_bsp.c.obj
                0x24000000                rx_buff
                0x24000040                        . = ALIGN (0x20)
 *fill*         0x24000032        0xe 

._user_heap_stack
                0x20001274     0x2404
                0x20001278                        . = ALIGN (0x8)
 *fill*         0x20001274        0x4 
                [!provide]                        PROVIDE (end = .)
                0x20001278                        PROVIDE (_end = .)
                0x20003278                        . = (. + _Min_Heap_Size)
 *fill*         0x20001278     0x2000 
                0x20003678                        . = (. + _Min_Stack_Size)
 *fill*         0x20003278      0x400 
                0x20003678                        . = ALIGN (0x8)

/DISCARD/
 libc.a(*)
 libm.a(*)
 libgcc.a(*)
OUTPUT(CtrBoard-H7_DBUS.elf elf32-littlearm)
LOAD linker stubs
LOAD /Applications/ArmGNUToolchain/14.2.rel1/arm-none-eabi/bin/../lib/gcc/arm-none-eabi/14.2.1/../../../../arm-none-eabi/lib/thumb/v7e-m+dp/hard/libc.a
LOAD /Applications/ArmGNUToolchain/14.2.rel1/arm-none-eabi/bin/../lib/gcc/arm-none-eabi/14.2.1/../../../../arm-none-eabi/lib/thumb/v7e-m+dp/hard/libm.a
LOAD /Applications/ArmGNUToolchain/14.2.rel1/arm-none-eabi/bin/../lib/gcc/arm-none-eabi/14.2.1/thumb/v7e-m+dp/hard/libgcc.a

.ARM.attributes
                0x00000000       0x2e
 .ARM.attributes
                0x00000000       0x20 /Applications/ArmGNUToolchain/14.2.rel1/arm-none-eabi/bin/../lib/gcc/arm-none-eabi/14.2.1/thumb/v7e-m+dp/hard/crti.o
 .ARM.attributes
                0x00000020       0x32 /Applications/ArmGNUToolchain/14.2.rel1/arm-none-eabi/bin/../lib/gcc/arm-none-eabi/14.2.1/thumb/v7e-m+dp/hard/crtbegin.o
 .ARM.attributes
                0x00000052       0x32 /Applications/ArmGNUToolchain/14.2.rel1/arm-none-eabi/bin/../lib/gcc/arm-none-eabi/14.2.1/../../../../arm-none-eabi/lib/thumb/v7e-m+dp/hard/libc_nano.a(libc_a-findfp.o)
 .ARM.attributes
                0x00000084       0x32 /Applications/ArmGNUToolchain/14.2.rel1/arm-none-eabi/bin/../lib/gcc/arm-none-eabi/14.2.1/../../../../arm-none-eabi/lib/thumb/v7e-m+dp/hard/libc_nano.a(libc_a-memset.o)
 .ARM.attributes
                0x000000b6       0x32 /Applications/ArmGNUToolchain/14.2.rel1/arm-none-eabi/bin/../lib/gcc/arm-none-eabi/14.2.1/../../../../arm-none-eabi/lib/thumb/v7e-m+dp/hard/libc_nano.a(libc_a-init.o)
 .ARM.attributes
                0x000000e8       0x32 /Applications/ArmGNUToolchain/14.2.rel1/arm-none-eabi/bin/../lib/gcc/arm-none-eabi/14.2.1/../../../../arm-none-eabi/lib/thumb/v7e-m+dp/hard/libc_nano.a(libc_a-lock.o)
 .ARM.attributes
                0x0000011a       0x32 /Applications/ArmGNUToolchain/14.2.rel1/arm-none-eabi/bin/../lib/gcc/arm-none-eabi/14.2.1/../../../../arm-none-eabi/lib/thumb/v7e-m+dp/hard/libc_nano.a(libc_a-impure.o)
 .ARM.attributes
                0x0000014c       0x32 /Applications/ArmGNUToolchain/14.2.rel1/arm-none-eabi/bin/../lib/gcc/arm-none-eabi/14.2.1/../../../../arm-none-eabi/lib/thumb/v7e-m+dp/hard/libc_nano.a(libc_a-mallocr.o)
 .ARM.attributes
                0x0000017e       0x32 /Applications/ArmGNUToolchain/14.2.rel1/arm-none-eabi/bin/../lib/gcc/arm-none-eabi/14.2.1/../../../../arm-none-eabi/lib/thumb/v7e-m+dp/hard/libc_nano.a(libc_a-mlock.o)
 .ARM.attributes
                0x000001b0       0x32 /Applications/ArmGNUToolchain/14.2.rel1/arm-none-eabi/bin/../lib/gcc/arm-none-eabi/14.2.1/../../../../arm-none-eabi/lib/thumb/v7e-m+dp/hard/libc_nano.a(libc_a-sbrkr.o)
 .ARM.attributes
                0x000001e2       0x32 /Applications/ArmGNUToolchain/14.2.rel1/arm-none-eabi/bin/../lib/gcc/arm-none-eabi/14.2.1/../../../../arm-none-eabi/lib/thumb/v7e-m+dp/hard/libc_nano.a(libc_a-reent.o)
 .ARM.attributes
                0x00000214       0x32 /Applications/ArmGNUToolchain/14.2.rel1/arm-none-eabi/bin/../lib/gcc/arm-none-eabi/14.2.1/../../../../arm-none-eabi/lib/thumb/v7e-m+dp/hard/libc_nano.a(libc_a-freer.o)
 .ARM.attributes
                0x00000246       0x32 CMakeFiles/CtrBoard-H7_DBUS.dir/Core/Src/main.c.obj
 .ARM.attributes
                0x00000278       0x32 CMakeFiles/CtrBoard-H7_DBUS.dir/Core/Src/gpio.c.obj
 .ARM.attributes
                0x000002aa       0x32 CMakeFiles/CtrBoard-H7_DBUS.dir/Core/Src/dma.c.obj
 .ARM.attributes
                0x000002dc       0x32 CMakeFiles/CtrBoard-H7_DBUS.dir/Core/Src/fdcan.c.obj
 .ARM.attributes
                0x0000030e       0x32 CMakeFiles/CtrBoard-H7_DBUS.dir/Core/Src/tim.c.obj
 .ARM.attributes
                0x00000340       0x32 CMakeFiles/CtrBoard-H7_DBUS.dir/Core/Src/usart.c.obj
 .ARM.attributes
                0x00000372       0x32 CMakeFiles/CtrBoard-H7_DBUS.dir/Core/Src/stm32h7xx_it.c.obj
 .ARM.attributes
                0x000003a4       0x32 CMakeFiles/CtrBoard-H7_DBUS.dir/Core/Src/stm32h7xx_hal_msp.c.obj
 .ARM.attributes
                0x000003d6       0x32 CMakeFiles/CtrBoard-H7_DBUS.dir/Core/Src/sysmem.c.obj
 .ARM.attributes
                0x00000408       0x21 CMakeFiles/CtrBoard-H7_DBUS.dir/startup_stm32h723xx.s.obj
 .ARM.attributes
                0x00000429       0x32 CMakeFiles/CtrBoard-H7_DBUS.dir/User/uart_bsp.c.obj
 .ARM.attributes
                0x0000045b       0x32 CMakeFiles/CtrBoard-H7_DBUS.dir/User/bsp_fdcan.c.obj
 .ARM.attributes
                0x0000048d       0x32 CMakeFiles/CtrBoard-H7_DBUS.dir/User/dm_motor_ctrl.c.obj
 .ARM.attributes
                0x000004bf       0x32 CMakeFiles/CtrBoard-H7_DBUS.dir/User/dm_motor_drv.c.obj
 .ARM.attributes
                0x000004f1       0x32 cmake/stm32cubemx/CMakeFiles/STM32_Drivers.dir/__/__/Core/Src/system_stm32h7xx.c.obj
 .ARM.attributes
                0x00000523       0x32 cmake/stm32cubemx/CMakeFiles/STM32_Drivers.dir/__/__/Drivers/STM32H7xx_HAL_Driver/Src/stm32h7xx_hal_cortex.c.obj
 .ARM.attributes
                0x00000555       0x32 cmake/stm32cubemx/CMakeFiles/STM32_Drivers.dir/__/__/Drivers/STM32H7xx_HAL_Driver/Src/stm32h7xx_hal_rcc.c.obj
 .ARM.attributes
                0x00000587       0x32 cmake/stm32cubemx/CMakeFiles/STM32_Drivers.dir/__/__/Drivers/STM32H7xx_HAL_Driver/Src/stm32h7xx_hal_rcc_ex.c.obj
 .ARM.attributes
                0x000005b9       0x32 cmake/stm32cubemx/CMakeFiles/STM32_Drivers.dir/__/__/Drivers/STM32H7xx_HAL_Driver/Src/stm32h7xx_hal_gpio.c.obj
 .ARM.attributes
                0x000005eb       0x32 cmake/stm32cubemx/CMakeFiles/STM32_Drivers.dir/__/__/Drivers/STM32H7xx_HAL_Driver/Src/stm32h7xx_hal_dma.c.obj
 .ARM.attributes
                0x0000061d       0x32 cmake/stm32cubemx/CMakeFiles/STM32_Drivers.dir/__/__/Drivers/STM32H7xx_HAL_Driver/Src/stm32h7xx_hal_pwr_ex.c.obj
 .ARM.attributes
                0x0000064f       0x32 cmake/stm32cubemx/CMakeFiles/STM32_Drivers.dir/__/__/Drivers/STM32H7xx_HAL_Driver/Src/stm32h7xx_hal.c.obj
 .ARM.attributes
                0x00000681       0x32 cmake/stm32cubemx/CMakeFiles/STM32_Drivers.dir/__/__/Drivers/STM32H7xx_HAL_Driver/Src/stm32h7xx_hal_fdcan.c.obj
 .ARM.attributes
                0x000006b3       0x32 cmake/stm32cubemx/CMakeFiles/STM32_Drivers.dir/__/__/Drivers/STM32H7xx_HAL_Driver/Src/stm32h7xx_hal_tim.c.obj
 .ARM.attributes
                0x000006e5       0x32 cmake/stm32cubemx/CMakeFiles/STM32_Drivers.dir/__/__/Drivers/STM32H7xx_HAL_Driver/Src/stm32h7xx_hal_tim_ex.c.obj
 .ARM.attributes
                0x00000717       0x32 cmake/stm32cubemx/CMakeFiles/STM32_Drivers.dir/__/__/Drivers/STM32H7xx_HAL_Driver/Src/stm32h7xx_hal_uart.c.obj
 .ARM.attributes
                0x00000749       0x32 cmake/stm32cubemx/CMakeFiles/STM32_Drivers.dir/__/__/Drivers/STM32H7xx_HAL_Driver/Src/stm32h7xx_hal_uart_ex.c.obj
 .ARM.attributes
                0x0000077b       0x20 /Applications/ArmGNUToolchain/14.2.rel1/arm-none-eabi/bin/../lib/gcc/arm-none-eabi/14.2.1/thumb/v7e-m+dp/hard/libgcc.a(_aeabi_uldivmod.o)
 .ARM.attributes
                0x0000079b       0x32 /Applications/ArmGNUToolchain/14.2.rel1/arm-none-eabi/bin/../lib/gcc/arm-none-eabi/14.2.1/thumb/v7e-m+dp/hard/libgcc.a(_udivmoddi4.o)
 .ARM.attributes
                0x000007cd       0x20 /Applications/ArmGNUToolchain/14.2.rel1/arm-none-eabi/bin/../lib/gcc/arm-none-eabi/14.2.1/thumb/v7e-m+dp/hard/libgcc.a(_dvmd_tls.o)
 .ARM.attributes
                0x000007ed       0x32 /Applications/ArmGNUToolchain/14.2.rel1/arm-none-eabi/bin/../lib/gcc/arm-none-eabi/14.2.1/../../../../arm-none-eabi/lib/thumb/v7e-m+dp/hard/libg_nano.a(libc_a-vsprintf.o)
 .ARM.attributes
                0x0000081f       0x32 /Applications/ArmGNUToolchain/14.2.rel1/arm-none-eabi/bin/../lib/gcc/arm-none-eabi/14.2.1/../../../../arm-none-eabi/lib/thumb/v7e-m+dp/hard/libg_nano.a(libc_a-errno.o)
 .ARM.attributes
                0x00000851       0x32 /Applications/ArmGNUToolchain/14.2.rel1/arm-none-eabi/bin/../lib/gcc/arm-none-eabi/14.2.1/../../../../arm-none-eabi/lib/thumb/v7e-m+dp/hard/libg_nano.a(libc_a-memcpy-stub.o)
 .ARM.attributes
                0x00000883       0x32 /Applications/ArmGNUToolchain/14.2.rel1/arm-none-eabi/bin/../lib/gcc/arm-none-eabi/14.2.1/../../../../arm-none-eabi/lib/thumb/v7e-m+dp/hard/libg_nano.a(libc_a-nano-svfprintf.o)
 .ARM.attributes
                0x000008b5       0x32 /Applications/ArmGNUToolchain/14.2.rel1/arm-none-eabi/bin/../lib/gcc/arm-none-eabi/14.2.1/../../../../arm-none-eabi/lib/thumb/v7e-m+dp/hard/libg_nano.a(libc_a-nano-vfprintf_i.o)
 .ARM.attributes
                0x000008e7       0x32 /Applications/ArmGNUToolchain/14.2.rel1/arm-none-eabi/bin/../lib/gcc/arm-none-eabi/14.2.1/../../../../arm-none-eabi/lib/thumb/v7e-m+dp/hard/libg_nano.a(libc_a-reallocr.o)
 .ARM.attributes
                0x00000919       0x32 /Applications/ArmGNUToolchain/14.2.rel1/arm-none-eabi/bin/../lib/gcc/arm-none-eabi/14.2.1/../../../../arm-none-eabi/lib/thumb/v7e-m+dp/hard/libg_nano.a(libc_a-memmove.o)
 .ARM.attributes
                0x0000094b       0x1c /Applications/ArmGNUToolchain/14.2.rel1/arm-none-eabi/bin/../lib/gcc/arm-none-eabi/14.2.1/../../../../arm-none-eabi/lib/thumb/v7e-m+dp/hard/libg_nano.a(libc_a-memchr.o)
 .ARM.attributes
                0x00000967       0x32 /Applications/ArmGNUToolchain/14.2.rel1/arm-none-eabi/bin/../lib/gcc/arm-none-eabi/14.2.1/../../../../arm-none-eabi/lib/thumb/v7e-m+dp/hard/libg_nano.a(libc_a-msizer.o)
 .ARM.attributes
                0x00000999       0x32 /Applications/ArmGNUToolchain/14.2.rel1/arm-none-eabi/bin/../lib/gcc/arm-none-eabi/14.2.1/thumb/v7e-m+dp/hard/crtend.o
 .ARM.attributes
                0x000009cb       0x20 /Applications/ArmGNUToolchain/14.2.rel1/arm-none-eabi/bin/../lib/gcc/arm-none-eabi/14.2.1/thumb/v7e-m+dp/hard/crtn.o

.comment        0x00000000       0x45
 .comment       0x00000000       0x45 CMakeFiles/CtrBoard-H7_DBUS.dir/Core/Src/main.c.obj
                                 0x46 (size before relaxing)
 .comment       0x00000045       0x46 CMakeFiles/CtrBoard-H7_DBUS.dir/Core/Src/gpio.c.obj
 .comment       0x00000045       0x46 CMakeFiles/CtrBoard-H7_DBUS.dir/Core/Src/dma.c.obj
 .comment       0x00000045       0x46 CMakeFiles/CtrBoard-H7_DBUS.dir/Core/Src/fdcan.c.obj
 .comment       0x00000045       0x46 CMakeFiles/CtrBoard-H7_DBUS.dir/Core/Src/tim.c.obj
 .comment       0x00000045       0x46 CMakeFiles/CtrBoard-H7_DBUS.dir/Core/Src/usart.c.obj
 .comment       0x00000045       0x46 CMakeFiles/CtrBoard-H7_DBUS.dir/Core/Src/stm32h7xx_it.c.obj
 .comment       0x00000045       0x46 CMakeFiles/CtrBoard-H7_DBUS.dir/Core/Src/stm32h7xx_hal_msp.c.obj
 .comment       0x00000045       0x46 CMakeFiles/CtrBoard-H7_DBUS.dir/Core/Src/sysmem.c.obj
 .comment       0x00000045       0x46 CMakeFiles/CtrBoard-H7_DBUS.dir/User/uart_bsp.c.obj
 .comment       0x00000045       0x46 CMakeFiles/CtrBoard-H7_DBUS.dir/User/bsp_fdcan.c.obj
 .comment       0x00000045       0x46 CMakeFiles/CtrBoard-H7_DBUS.dir/User/dm_motor_ctrl.c.obj
 .comment       0x00000045       0x46 CMakeFiles/CtrBoard-H7_DBUS.dir/User/dm_motor_drv.c.obj
 .comment       0x00000045       0x46 cmake/stm32cubemx/CMakeFiles/STM32_Drivers.dir/__/__/Core/Src/system_stm32h7xx.c.obj
 .comment       0x00000045       0x46 cmake/stm32cubemx/CMakeFiles/STM32_Drivers.dir/__/__/Drivers/STM32H7xx_HAL_Driver/Src/stm32h7xx_hal_cortex.c.obj
 .comment       0x00000045       0x46 cmake/stm32cubemx/CMakeFiles/STM32_Drivers.dir/__/__/Drivers/STM32H7xx_HAL_Driver/Src/stm32h7xx_hal_rcc.c.obj
 .comment       0x00000045       0x46 cmake/stm32cubemx/CMakeFiles/STM32_Drivers.dir/__/__/Drivers/STM32H7xx_HAL_Driver/Src/stm32h7xx_hal_rcc_ex.c.obj
 .comment       0x00000045       0x46 cmake/stm32cubemx/CMakeFiles/STM32_Drivers.dir/__/__/Drivers/STM32H7xx_HAL_Driver/Src/stm32h7xx_hal_gpio.c.obj
 .comment       0x00000045       0x46 cmake/stm32cubemx/CMakeFiles/STM32_Drivers.dir/__/__/Drivers/STM32H7xx_HAL_Driver/Src/stm32h7xx_hal_dma.c.obj
 .comment       0x00000045       0x46 cmake/stm32cubemx/CMakeFiles/STM32_Drivers.dir/__/__/Drivers/STM32H7xx_HAL_Driver/Src/stm32h7xx_hal_pwr_ex.c.obj
 .comment       0x00000045       0x46 cmake/stm32cubemx/CMakeFiles/STM32_Drivers.dir/__/__/Drivers/STM32H7xx_HAL_Driver/Src/stm32h7xx_hal.c.obj
 .comment       0x00000045       0x46 cmake/stm32cubemx/CMakeFiles/STM32_Drivers.dir/__/__/Drivers/STM32H7xx_HAL_Driver/Src/stm32h7xx_hal_fdcan.c.obj
 .comment       0x00000045       0x46 cmake/stm32cubemx/CMakeFiles/STM32_Drivers.dir/__/__/Drivers/STM32H7xx_HAL_Driver/Src/stm32h7xx_hal_tim.c.obj
 .comment       0x00000045       0x46 cmake/stm32cubemx/CMakeFiles/STM32_Drivers.dir/__/__/Drivers/STM32H7xx_HAL_Driver/Src/stm32h7xx_hal_tim_ex.c.obj
 .comment       0x00000045       0x46 cmake/stm32cubemx/CMakeFiles/STM32_Drivers.dir/__/__/Drivers/STM32H7xx_HAL_Driver/Src/stm32h7xx_hal_uart.c.obj
 .comment       0x00000045       0x46 cmake/stm32cubemx/CMakeFiles/STM32_Drivers.dir/__/__/Drivers/STM32H7xx_HAL_Driver/Src/stm32h7xx_hal_uart_ex.c.obj

.debug_frame    0x00000000     0x62c8
 .debug_frame   0x00000000      0x144 /Applications/ArmGNUToolchain/14.2.rel1/arm-none-eabi/bin/../lib/gcc/arm-none-eabi/14.2.1/../../../../arm-none-eabi/lib/thumb/v7e-m+dp/hard/libc_nano.a(libc_a-findfp.o)
 .debug_frame   0x00000144       0x20 /Applications/ArmGNUToolchain/14.2.rel1/arm-none-eabi/bin/../lib/gcc/arm-none-eabi/14.2.1/../../../../arm-none-eabi/lib/thumb/v7e-m+dp/hard/libc_nano.a(libc_a-memset.o)
 .debug_frame   0x00000164       0x2c /Applications/ArmGNUToolchain/14.2.rel1/arm-none-eabi/bin/../lib/gcc/arm-none-eabi/14.2.1/../../../../arm-none-eabi/lib/thumb/v7e-m+dp/hard/libc_nano.a(libc_a-init.o)
 .debug_frame   0x00000190       0xb0 /Applications/ArmGNUToolchain/14.2.rel1/arm-none-eabi/bin/../lib/gcc/arm-none-eabi/14.2.1/../../../../arm-none-eabi/lib/thumb/v7e-m+dp/hard/libc_nano.a(libc_a-lock.o)
 .debug_frame   0x00000240       0x50 /Applications/ArmGNUToolchain/14.2.rel1/arm-none-eabi/bin/../lib/gcc/arm-none-eabi/14.2.1/../../../../arm-none-eabi/lib/thumb/v7e-m+dp/hard/libc_nano.a(libc_a-mallocr.o)
 .debug_frame   0x00000290       0x30 /Applications/ArmGNUToolchain/14.2.rel1/arm-none-eabi/bin/../lib/gcc/arm-none-eabi/14.2.1/../../../../arm-none-eabi/lib/thumb/v7e-m+dp/hard/libc_nano.a(libc_a-mlock.o)
 .debug_frame   0x000002c0       0x2c /Applications/ArmGNUToolchain/14.2.rel1/arm-none-eabi/bin/../lib/gcc/arm-none-eabi/14.2.1/../../../../arm-none-eabi/lib/thumb/v7e-m+dp/hard/libc_nano.a(libc_a-sbrkr.o)
 .debug_frame   0x000002ec       0x38 /Applications/ArmGNUToolchain/14.2.rel1/arm-none-eabi/bin/../lib/gcc/arm-none-eabi/14.2.1/../../../../arm-none-eabi/lib/thumb/v7e-m+dp/hard/libc_nano.a(libc_a-reent.o)
 .debug_frame   0x00000324       0x38 /Applications/ArmGNUToolchain/14.2.rel1/arm-none-eabi/bin/../lib/gcc/arm-none-eabi/14.2.1/../../../../arm-none-eabi/lib/thumb/v7e-m+dp/hard/libc_nano.a(libc_a-freer.o)
 .debug_frame   0x0000035c       0xc8 CMakeFiles/CtrBoard-H7_DBUS.dir/Core/Src/main.c.obj
 .debug_frame   0x00000424       0x34 CMakeFiles/CtrBoard-H7_DBUS.dir/Core/Src/gpio.c.obj
 .debug_frame   0x00000458       0x34 CMakeFiles/CtrBoard-H7_DBUS.dir/Core/Src/dma.c.obj
 .debug_frame   0x0000048c       0xb0 CMakeFiles/CtrBoard-H7_DBUS.dir/Core/Src/fdcan.c.obj
 .debug_frame   0x0000053c       0x7c CMakeFiles/CtrBoard-H7_DBUS.dir/Core/Src/tim.c.obj
 .debug_frame   0x000005b8       0x94 CMakeFiles/CtrBoard-H7_DBUS.dir/Core/Src/usart.c.obj
 .debug_frame   0x0000064c      0x1ac CMakeFiles/CtrBoard-H7_DBUS.dir/Core/Src/stm32h7xx_it.c.obj
 .debug_frame   0x000007f8       0x38 CMakeFiles/CtrBoard-H7_DBUS.dir/Core/Src/stm32h7xx_hal_msp.c.obj
 .debug_frame   0x00000830       0x34 CMakeFiles/CtrBoard-H7_DBUS.dir/Core/Src/sysmem.c.obj
 .debug_frame   0x00000864       0xc4 CMakeFiles/CtrBoard-H7_DBUS.dir/User/uart_bsp.c.obj
 .debug_frame   0x00000928      0x128 CMakeFiles/CtrBoard-H7_DBUS.dir/User/bsp_fdcan.c.obj
 .debug_frame   0x00000a50       0xa0 CMakeFiles/CtrBoard-H7_DBUS.dir/User/dm_motor_ctrl.c.obj
 .debug_frame   0x00000af0      0x2f0 CMakeFiles/CtrBoard-H7_DBUS.dir/User/dm_motor_drv.c.obj
 .debug_frame   0x00000de0       0x58 cmake/stm32cubemx/CMakeFiles/STM32_Drivers.dir/__/__/Core/Src/system_stm32h7xx.c.obj
 .debug_frame   0x00000e38      0x508 cmake/stm32cubemx/CMakeFiles/STM32_Drivers.dir/__/__/Drivers/STM32H7xx_HAL_Driver/Src/stm32h7xx_hal_cortex.c.obj
 .debug_frame   0x00001340      0x1fc cmake/stm32cubemx/CMakeFiles/STM32_Drivers.dir/__/__/Drivers/STM32H7xx_HAL_Driver/Src/stm32h7xx_hal_rcc.c.obj
 .debug_frame   0x0000153c      0x414 cmake/stm32cubemx/CMakeFiles/STM32_Drivers.dir/__/__/Drivers/STM32H7xx_HAL_Driver/Src/stm32h7xx_hal_rcc_ex.c.obj
 .debug_frame   0x00001950      0x14c cmake/stm32cubemx/CMakeFiles/STM32_Drivers.dir/__/__/Drivers/STM32H7xx_HAL_Driver/Src/stm32h7xx_hal_gpio.c.obj
 .debug_frame   0x00001a9c      0x2b4 cmake/stm32cubemx/CMakeFiles/STM32_Drivers.dir/__/__/Drivers/STM32H7xx_HAL_Driver/Src/stm32h7xx_hal_dma.c.obj
 .debug_frame   0x00001d50      0x540 cmake/stm32cubemx/CMakeFiles/STM32_Drivers.dir/__/__/Drivers/STM32H7xx_HAL_Driver/Src/stm32h7xx_hal_pwr_ex.c.obj
 .debug_frame   0x00002290      0x760 cmake/stm32cubemx/CMakeFiles/STM32_Drivers.dir/__/__/Drivers/STM32H7xx_HAL_Driver/Src/stm32h7xx_hal.c.obj
 .debug_frame   0x000029f0      0xf9c cmake/stm32cubemx/CMakeFiles/STM32_Drivers.dir/__/__/Drivers/STM32H7xx_HAL_Driver/Src/stm32h7xx_hal_fdcan.c.obj
 .debug_frame   0x0000398c     0x121c cmake/stm32cubemx/CMakeFiles/STM32_Drivers.dir/__/__/Drivers/STM32H7xx_HAL_Driver/Src/stm32h7xx_hal_tim.c.obj
 .debug_frame   0x00004ba8      0x724 cmake/stm32cubemx/CMakeFiles/STM32_Drivers.dir/__/__/Drivers/STM32H7xx_HAL_Driver/Src/stm32h7xx_hal_tim_ex.c.obj
 .debug_frame   0x000052cc      0xa94 cmake/stm32cubemx/CMakeFiles/STM32_Drivers.dir/__/__/Drivers/STM32H7xx_HAL_Driver/Src/stm32h7xx_hal_uart.c.obj
 .debug_frame   0x00005d60      0x2c0 cmake/stm32cubemx/CMakeFiles/STM32_Drivers.dir/__/__/Drivers/STM32H7xx_HAL_Driver/Src/stm32h7xx_hal_uart_ex.c.obj
 .debug_frame   0x00006020       0x2c /Applications/ArmGNUToolchain/14.2.rel1/arm-none-eabi/bin/../lib/gcc/arm-none-eabi/14.2.1/thumb/v7e-m+dp/hard/libgcc.a(_aeabi_uldivmod.o)
 .debug_frame   0x0000604c       0x34 /Applications/ArmGNUToolchain/14.2.rel1/arm-none-eabi/bin/../lib/gcc/arm-none-eabi/14.2.1/thumb/v7e-m+dp/hard/libgcc.a(_udivmoddi4.o)
 .debug_frame   0x00006080       0x40 /Applications/ArmGNUToolchain/14.2.rel1/arm-none-eabi/bin/../lib/gcc/arm-none-eabi/14.2.1/../../../../arm-none-eabi/lib/thumb/v7e-m+dp/hard/libg_nano.a(libc_a-vsprintf.o)
 .debug_frame   0x000060c0       0x20 /Applications/ArmGNUToolchain/14.2.rel1/arm-none-eabi/bin/../lib/gcc/arm-none-eabi/14.2.1/../../../../arm-none-eabi/lib/thumb/v7e-m+dp/hard/libg_nano.a(libc_a-errno.o)
 .debug_frame   0x000060e0       0x28 /Applications/ArmGNUToolchain/14.2.rel1/arm-none-eabi/bin/../lib/gcc/arm-none-eabi/14.2.1/../../../../arm-none-eabi/lib/thumb/v7e-m+dp/hard/libg_nano.a(libc_a-memcpy-stub.o)
 .debug_frame   0x00006108       0x90 /Applications/ArmGNUToolchain/14.2.rel1/arm-none-eabi/bin/../lib/gcc/arm-none-eabi/14.2.1/../../../../arm-none-eabi/lib/thumb/v7e-m+dp/hard/libg_nano.a(libc_a-nano-svfprintf.o)
 .debug_frame   0x00006198       0x60 /Applications/ArmGNUToolchain/14.2.rel1/arm-none-eabi/bin/../lib/gcc/arm-none-eabi/14.2.1/../../../../arm-none-eabi/lib/thumb/v7e-m+dp/hard/libg_nano.a(libc_a-nano-vfprintf_i.o)
 .debug_frame   0x000061f8       0x3c /Applications/ArmGNUToolchain/14.2.rel1/arm-none-eabi/bin/../lib/gcc/arm-none-eabi/14.2.1/../../../../arm-none-eabi/lib/thumb/v7e-m+dp/hard/libg_nano.a(libc_a-reallocr.o)
 .debug_frame   0x00006234       0x28 /Applications/ArmGNUToolchain/14.2.rel1/arm-none-eabi/bin/../lib/gcc/arm-none-eabi/14.2.1/../../../../arm-none-eabi/lib/thumb/v7e-m+dp/hard/libg_nano.a(libc_a-memmove.o)
 .debug_frame   0x0000625c       0x4c /Applications/ArmGNUToolchain/14.2.rel1/arm-none-eabi/bin/../lib/gcc/arm-none-eabi/14.2.1/../../../../arm-none-eabi/lib/thumb/v7e-m+dp/hard/libg_nano.a(libc_a-memchr.o)
 .debug_frame   0x000062a8       0x20 /Applications/ArmGNUToolchain/14.2.rel1/arm-none-eabi/bin/../lib/gcc/arm-none-eabi/14.2.1/../../../../arm-none-eabi/lib/thumb/v7e-m+dp/hard/libg_nano.a(libc_a-msizer.o)

.debug_info     0x00000000    0x1f89f
 .debug_info    0x00000000     0x2106 CMakeFiles/CtrBoard-H7_DBUS.dir/Core/Src/main.c.obj
 .debug_info    0x00002106      0x64b CMakeFiles/CtrBoard-H7_DBUS.dir/Core/Src/gpio.c.obj
 .debug_info    0x00002751      0x817 CMakeFiles/CtrBoard-H7_DBUS.dir/Core/Src/dma.c.obj
 .debug_info    0x00002f68     0x120b CMakeFiles/CtrBoard-H7_DBUS.dir/Core/Src/fdcan.c.obj
 .debug_info    0x00004173     0x10a4 CMakeFiles/CtrBoard-H7_DBUS.dir/Core/Src/tim.c.obj
 .debug_info    0x00005217     0x15a5 CMakeFiles/CtrBoard-H7_DBUS.dir/Core/Src/usart.c.obj
 .debug_info    0x000067bc      0xc83 CMakeFiles/CtrBoard-H7_DBUS.dir/Core/Src/stm32h7xx_it.c.obj
 .debug_info    0x0000743f      0x464 CMakeFiles/CtrBoard-H7_DBUS.dir/Core/Src/stm32h7xx_hal_msp.c.obj
 .debug_info    0x000078a3      0x168 CMakeFiles/CtrBoard-H7_DBUS.dir/Core/Src/sysmem.c.obj
 .debug_info    0x00007a0b       0x30 CMakeFiles/CtrBoard-H7_DBUS.dir/startup_stm32h723xx.s.obj
 .debug_info    0x00007a3b      0xa6a CMakeFiles/CtrBoard-H7_DBUS.dir/User/uart_bsp.c.obj
 .debug_info    0x000084a5      0xd63 CMakeFiles/CtrBoard-H7_DBUS.dir/User/bsp_fdcan.c.obj
 .debug_info    0x00009208      0xfb0 CMakeFiles/CtrBoard-H7_DBUS.dir/User/dm_motor_ctrl.c.obj
 .debug_info    0x0000a1b8     0x149b CMakeFiles/CtrBoard-H7_DBUS.dir/User/dm_motor_drv.c.obj
 .debug_info    0x0000b653      0xb2e cmake/stm32cubemx/CMakeFiles/STM32_Drivers.dir/__/__/Core/Src/system_stm32h7xx.c.obj
 .debug_info    0x0000c181     0x10a0 cmake/stm32cubemx/CMakeFiles/STM32_Drivers.dir/__/__/Drivers/STM32H7xx_HAL_Driver/Src/stm32h7xx_hal_cortex.c.obj
 .debug_info    0x0000d221      0xd73 cmake/stm32cubemx/CMakeFiles/STM32_Drivers.dir/__/__/Drivers/STM32H7xx_HAL_Driver/Src/stm32h7xx_hal_rcc.c.obj
 .debug_info    0x0000df94     0x11fc cmake/stm32cubemx/CMakeFiles/STM32_Drivers.dir/__/__/Drivers/STM32H7xx_HAL_Driver/Src/stm32h7xx_hal_rcc_ex.c.obj
 .debug_info    0x0000f190      0xc5c cmake/stm32cubemx/CMakeFiles/STM32_Drivers.dir/__/__/Drivers/STM32H7xx_HAL_Driver/Src/stm32h7xx_hal_gpio.c.obj
 .debug_info    0x0000fdec      0xb67 cmake/stm32cubemx/CMakeFiles/STM32_Drivers.dir/__/__/Drivers/STM32H7xx_HAL_Driver/Src/stm32h7xx_hal_dma.c.obj
 .debug_info    0x00010953      0xdc4 cmake/stm32cubemx/CMakeFiles/STM32_Drivers.dir/__/__/Drivers/STM32H7xx_HAL_Driver/Src/stm32h7xx_hal_pwr_ex.c.obj
 .debug_info    0x00011717     0x1698 cmake/stm32cubemx/CMakeFiles/STM32_Drivers.dir/__/__/Drivers/STM32H7xx_HAL_Driver/Src/stm32h7xx_hal.c.obj
 .debug_info    0x00012daf     0x2baf cmake/stm32cubemx/CMakeFiles/STM32_Drivers.dir/__/__/Drivers/STM32H7xx_HAL_Driver/Src/stm32h7xx_hal_fdcan.c.obj
 .debug_info    0x0001595e     0x2bae cmake/stm32cubemx/CMakeFiles/STM32_Drivers.dir/__/__/Drivers/STM32H7xx_HAL_Driver/Src/stm32h7xx_hal_tim.c.obj
 .debug_info    0x0001850c     0x18c1 cmake/stm32cubemx/CMakeFiles/STM32_Drivers.dir/__/__/Drivers/STM32H7xx_HAL_Driver/Src/stm32h7xx_hal_tim_ex.c.obj
 .debug_info    0x00019dcd     0x4b13 cmake/stm32cubemx/CMakeFiles/STM32_Drivers.dir/__/__/Drivers/STM32H7xx_HAL_Driver/Src/stm32h7xx_hal_uart.c.obj
 .debug_info    0x0001e8e0      0xfbf cmake/stm32cubemx/CMakeFiles/STM32_Drivers.dir/__/__/Drivers/STM32H7xx_HAL_Driver/Src/stm32h7xx_hal_uart_ex.c.obj

.debug_abbrev   0x00000000     0x3960
 .debug_abbrev  0x00000000      0x331 CMakeFiles/CtrBoard-H7_DBUS.dir/Core/Src/main.c.obj
 .debug_abbrev  0x00000331      0x182 CMakeFiles/CtrBoard-H7_DBUS.dir/Core/Src/gpio.c.obj
 .debug_abbrev  0x000004b3      0x11e CMakeFiles/CtrBoard-H7_DBUS.dir/Core/Src/dma.c.obj
 .debug_abbrev  0x000005d1      0x242 CMakeFiles/CtrBoard-H7_DBUS.dir/Core/Src/fdcan.c.obj
 .debug_abbrev  0x00000813      0x215 CMakeFiles/CtrBoard-H7_DBUS.dir/Core/Src/tim.c.obj
 .debug_abbrev  0x00000a28      0x28c CMakeFiles/CtrBoard-H7_DBUS.dir/Core/Src/usart.c.obj
 .debug_abbrev  0x00000cb4      0x1b4 CMakeFiles/CtrBoard-H7_DBUS.dir/Core/Src/stm32h7xx_it.c.obj
 .debug_abbrev  0x00000e68       0xdb CMakeFiles/CtrBoard-H7_DBUS.dir/Core/Src/stm32h7xx_hal_msp.c.obj
 .debug_abbrev  0x00000f43       0xbc CMakeFiles/CtrBoard-H7_DBUS.dir/Core/Src/sysmem.c.obj
 .debug_abbrev  0x00000fff       0x24 CMakeFiles/CtrBoard-H7_DBUS.dir/startup_stm32h723xx.s.obj
 .debug_abbrev  0x00001023      0x1e5 CMakeFiles/CtrBoard-H7_DBUS.dir/User/uart_bsp.c.obj
 .debug_abbrev  0x00001208      0x211 CMakeFiles/CtrBoard-H7_DBUS.dir/User/bsp_fdcan.c.obj
 .debug_abbrev  0x00001419      0x23b CMakeFiles/CtrBoard-H7_DBUS.dir/User/dm_motor_ctrl.c.obj
 .debug_abbrev  0x00001654      0x263 CMakeFiles/CtrBoard-H7_DBUS.dir/User/dm_motor_drv.c.obj
 .debug_abbrev  0x000018b7      0x13a cmake/stm32cubemx/CMakeFiles/STM32_Drivers.dir/__/__/Core/Src/system_stm32h7xx.c.obj
 .debug_abbrev  0x000019f1      0x339 cmake/stm32cubemx/CMakeFiles/STM32_Drivers.dir/__/__/Drivers/STM32H7xx_HAL_Driver/Src/stm32h7xx_hal_cortex.c.obj