Archive member included to satisfy reference by file (symbol)

/Applications/ArmGNUToolchain/14.2.rel1/arm-none-eabi/bin/../lib/gcc/arm-none-eabi/14.2.1/../../../../arm-none-eabi/lib/thumb/v7e-m+dp/hard/libc_nano.a(libc_a-exit.o)
                              /Applications/ArmGNUToolchain/14.2.rel1/arm-none-eabi/bin/../lib/gcc/arm-none-eabi/14.2.1/../../../../arm-none-eabi/lib/thumb/v7e-m+dp/hard/crt0.o (exit)
/Applications/ArmGNUToolchain/14.2.rel1/arm-none-eabi/bin/../lib/gcc/arm-none-eabi/14.2.1/../../../../arm-none-eabi/lib/thumb/v7e-m+dp/hard/libc_nano.a(libc_a-findfp.o)
                              /Applications/ArmGNUToolchain/14.2.rel1/arm-none-eabi/bin/../lib/gcc/arm-none-eabi/14.2.1/../../../../arm-none-eabi/lib/thumb/v7e-m+dp/hard/libc_nano.a(libc_a-exit.o) (__stdio_exit_handler)
/Applications/ArmGNUToolchain/14.2.rel1/arm-none-eabi/bin/../lib/gcc/arm-none-eabi/14.2.1/../../../../arm-none-eabi/lib/thumb/v7e-m+dp/hard/libc_nano.a(libc_a-fwalk.o)
                              /Applications/ArmGNUToolchain/14.2.rel1/arm-none-eabi/bin/../lib/gcc/arm-none-eabi/14.2.1/../../../../arm-none-eabi/lib/thumb/v7e-m+dp/hard/libc_nano.a(libc_a-findfp.o) (_fwalk_sglue)
/Applications/ArmGNUToolchain/14.2.rel1/arm-none-eabi/bin/../lib/gcc/arm-none-eabi/14.2.1/../../../../arm-none-eabi/lib/thumb/v7e-m+dp/hard/libc_nano.a(libc_a-memset.o)
                              /Applications/ArmGNUToolchain/14.2.rel1/arm-none-eabi/bin/../lib/gcc/arm-none-eabi/14.2.1/../../../../arm-none-eabi/lib/thumb/v7e-m+dp/hard/crt0.o (memset)
/Applications/ArmGNUToolchain/14.2.rel1/arm-none-eabi/bin/../lib/gcc/arm-none-eabi/14.2.1/../../../../arm-none-eabi/lib/thumb/v7e-m+dp/hard/libc_nano.a(libc_a-init.o)
                              /Applications/ArmGNUToolchain/14.2.rel1/arm-none-eabi/bin/../lib/gcc/arm-none-eabi/14.2.1/../../../../arm-none-eabi/lib/thumb/v7e-m+dp/hard/crt0.o (__libc_init_array)
/Applications/ArmGNUToolchain/14.2.rel1/arm-none-eabi/bin/../lib/gcc/arm-none-eabi/14.2.1/../../../../arm-none-eabi/lib/thumb/v7e-m+dp/hard/libc_nano.a(libc_a-lock.o)
                              /Applications/ArmGNUToolchain/14.2.rel1/arm-none-eabi/bin/../lib/gcc/arm-none-eabi/14.2.1/../../../../arm-none-eabi/lib/thumb/v7e-m+dp/hard/libc_nano.a(libc_a-findfp.o) (__retarget_lock_init_recursive)
/Applications/ArmGNUToolchain/14.2.rel1/arm-none-eabi/bin/../lib/gcc/arm-none-eabi/14.2.1/../../../../arm-none-eabi/lib/thumb/v7e-m+dp/hard/libc_nano.a(libc_a-impure.o)
                              /Applications/ArmGNUToolchain/14.2.rel1/arm-none-eabi/bin/../lib/gcc/arm-none-eabi/14.2.1/../../../../arm-none-eabi/lib/thumb/v7e-m+dp/hard/libc_nano.a(libc_a-findfp.o) (_impure_data)
/Applications/ArmGNUToolchain/14.2.rel1/arm-none-eabi/bin/../lib/gcc/arm-none-eabi/14.2.1/../../../../arm-none-eabi/lib/thumb/v7e-m+dp/hard/libc_nano.a(libc_a-mallocr.o)
                              /Applications/ArmGNUToolchain/14.2.rel1/arm-none-eabi/bin/../lib/gcc/arm-none-eabi/14.2.1/../../../../arm-none-eabi/lib/thumb/v7e-m+dp/hard/libc_nano.a(libc_a-findfp.o) (_malloc_r)
/Applications/ArmGNUToolchain/14.2.rel1/arm-none-eabi/bin/../lib/gcc/arm-none-eabi/14.2.1/../../../../arm-none-eabi/lib/thumb/v7e-m+dp/hard/libc_nano.a(libc_a-fflush.o)
                              /Applications/ArmGNUToolchain/14.2.rel1/arm-none-eabi/bin/../lib/gcc/arm-none-eabi/14.2.1/../../../../arm-none-eabi/lib/thumb/v7e-m+dp/hard/libc_nano.a(libc_a-findfp.o) (_fflush_r)
/Applications/ArmGNUToolchain/14.2.rel1/arm-none-eabi/bin/../lib/gcc/arm-none-eabi/14.2.1/../../../../arm-none-eabi/lib/thumb/v7e-m+dp/hard/libc_nano.a(libc_a-mlock.o)
                              /Applications/ArmGNUToolchain/14.2.rel1/arm-none-eabi/bin/../lib/gcc/arm-none-eabi/14.2.1/../../../../arm-none-eabi/lib/thumb/v7e-m+dp/hard/libc_nano.a(libc_a-mallocr.o) (__malloc_lock)
/Applications/ArmGNUToolchain/14.2.rel1/arm-none-eabi/bin/../lib/gcc/arm-none-eabi/14.2.1/../../../../arm-none-eabi/lib/thumb/v7e-m+dp/hard/libc_nano.a(libc_a-stdio.o)
                              /Applications/ArmGNUToolchain/14.2.rel1/arm-none-eabi/bin/../lib/gcc/arm-none-eabi/14.2.1/../../../../arm-none-eabi/lib/thumb/v7e-m+dp/hard/libc_nano.a(libc_a-findfp.o) (__sread)
/Applications/ArmGNUToolchain/14.2.rel1/arm-none-eabi/bin/../lib/gcc/arm-none-eabi/14.2.1/../../../../arm-none-eabi/lib/thumb/v7e-m+dp/hard/libc_nano.a(libc_a-lseekr.o)
                              /Applications/ArmGNUToolchain/14.2.rel1/arm-none-eabi/bin/../lib/gcc/arm-none-eabi/14.2.1/../../../../arm-none-eabi/lib/thumb/v7e-m+dp/hard/libc_nano.a(libc_a-stdio.o) (_lseek_r)
/Applications/ArmGNUToolchain/14.2.rel1/arm-none-eabi/bin/../lib/gcc/arm-none-eabi/14.2.1/../../../../arm-none-eabi/lib/thumb/v7e-m+dp/hard/libc_nano.a(libc_a-readr.o)
                              /Applications/ArmGNUToolchain/14.2.rel1/arm-none-eabi/bin/../lib/gcc/arm-none-eabi/14.2.1/../../../../arm-none-eabi/lib/thumb/v7e-m+dp/hard/libc_nano.a(libc_a-stdio.o) (_read_r)
[...]
Memory Configuration

Name             Origin             Length             Attributes
DTCMRAM          0x20000000         0x00020000         xrw
RAM              0x24000000         0x00020000         xrw
RAM_D2           0x30000000         0x00008000         xrw
RAM_D3           0x38000000         0x00004000         xrw
ITCMRAM          0x00000000         0x00010000         xrw
FLASH            0x08000000         0x00100000         xr
*default*        0x00000000         0xffffffff

Linker script and memory map

LOAD /Applications/ArmGNUToolchain/14.2.rel1/arm-none-eabi/bin/../lib/gcc/arm-none-eabi/14.2.1/thumb/v7e-m+dp/hard/crti.o
LOAD /Applications/ArmGNUToolchain/14.2.rel1/arm-none-eabi/bin/../lib/gcc/arm-none-eabi/14.2.1/thumb/v7e-m+dp/hard/crtbegin.o
LOAD /Applications/ArmGNUToolchain/14.2.rel1/arm-none-eabi/bin/../lib/gcc/arm-none-eabi/14.2.1/../../../../arm-none-eabi/lib/thumb/v7e-m+dp/hard/crt0.o
START GROUP
LOAD /Applications/ArmGNUToolchain/14.2.rel1/arm-none-eabi/bin/../lib/gcc/arm-none-eabi/14.2.1/../../../../arm-none-eabi/lib/thumb/v7e-m+dp/hard/libc_nano.a
LOAD /Applications/ArmGNUToolchain/14.2.rel1/arm-none-eabi/bin/../lib/gcc/arm-none-eabi/14.2.1/../../../../arm-none-eabi/lib/thumb/v7e-m+dp/hard/libm.a
END GROUP
LOAD CMakeFiles/CtrBoard-H7_DBUS.dir/Core/Src/main.c.obj
LOAD CMakeFiles/CtrBoard-H7_DBUS.dir/Core/Src/gpio.c.obj
LOAD CMakeFiles/CtrBoard-H7_DBUS.dir/Core/Src/dma.c.obj
LOAD CMakeFiles/CtrBoard-H7_DBUS.dir/Core/Src/usart.c.obj
LOAD CMakeFiles/CtrBoard-H7_DBUS.dir/Core/Src/stm32h7xx_it.c.obj
LOAD CMakeFiles/CtrBoard-H7_DBUS.dir/Core/Src/stm32h7xx_hal_msp.c.obj
LOAD CMakeFiles/CtrBoard-H7_DBUS.dir/Core/Src/sysmem.c.obj
LOAD CMakeFiles/CtrBoard-H7_DBUS.dir/Core/Src/syscalls.c.obj
LOAD CMakeFiles/CtrBoard-H7_DBUS.dir/startup_stm32h723xx.s.obj
LOAD CMakeFiles/CtrBoard-H7_DBUS.dir/User/uart_bsp.c.obj
LOAD cmake/stm32cubemx/CMakeFiles/STM32_Drivers.dir/__/__/Core/Src/system_stm32h7xx.c.obj
LOAD cmake/stm32cubemx/CMakeFiles/STM32_Drivers.dir/__/__/Drivers/STM32H7xx_HAL_Driver/Src/stm32h7xx_hal_cortex.c.obj
LOAD cmake/stm32cubemx/CMakeFiles/STM32_Drivers.dir/__/__/Drivers/STM32H7xx_HAL_Driver/Src/stm32h7xx_hal_rcc.c.obj
LOAD cmake/stm32cubemx/CMakeFiles/STM32_Drivers.dir/__/__/Drivers/STM32H7xx_HAL_Driver/Src/stm32h7xx_hal_rcc_ex.c.obj
LOAD cmake/stm32cubemx/CMakeFiles/STM32_Drivers.dir/__/__/Drivers/STM32H7xx_HAL_Driver/Src/stm32h7xx_hal_flash.c.obj
LOAD cmake/stm32cubemx/CMakeFiles/STM32_Drivers.dir/__/__/Drivers/STM32H7xx_HAL_Driver/Src/stm32h7xx_hal_flash_ex.c.obj
LOAD cmake/stm32cubemx/CMakeFiles/STM32_Drivers.dir/__/__/Drivers/STM32H7xx_HAL_Driver/Src/stm32h7xx_hal_gpio.c.obj
LOAD cmake/stm32cubemx/CMakeFiles/STM32_Drivers.dir/__/__/Drivers/STM32H7xx_HAL_Driver/Src/stm32h7xx_hal_hsem.c.obj
LOAD cmake/stm32cubemx/CMakeFiles/STM32_Drivers.dir/__/__/Drivers/STM32H7xx_HAL_Driver/Src/stm32h7xx_hal_dma.c.obj
LOAD cmake/stm32cubemx/CMakeFiles/STM32_Drivers.dir/__/__/Drivers/STM32H7xx_HAL_Driver/Src/stm32h7xx_hal_dma_ex.c.obj
LOAD cmake/stm32cubemx/CMakeFiles/STM32_Drivers.dir/__/__/Drivers/STM32H7xx_HAL_Driver/Src/stm32h7xx_hal_mdma.c.obj
LOAD cmake/stm32cubemx/CMakeFiles/STM32_Drivers.dir/__/__/Drivers/STM32H7xx_HAL_Driver/Src/stm32h7xx_hal_pwr.c.obj
LOAD cmake/stm32cubemx/CMakeFiles/STM32_Drivers.dir/__/__/Drivers/STM32H7xx_HAL_Driver/Src/stm32h7xx_hal_pwr_ex.c.obj
LOAD cmake/stm32cubemx/CMakeFiles/STM32_Drivers.dir/__/__/Drivers/STM32H7xx_HAL_Driver/Src/stm32h7xx_hal.c.obj
LOAD cmake/stm32cubemx/CMakeFiles/STM32_Drivers.dir/__/__/Drivers/STM32H7xx_HAL_Driver/Src/stm32h7xx_hal_i2c.c.obj
LOAD cmake/stm32cubemx/CMakeFiles/STM32_Drivers.dir/__/__/Drivers/STM32H7xx_HAL_Driver/Src/stm32h7xx_hal_i2c_ex.c.obj
LOAD cmake/stm32cubemx/CMakeFiles/STM32_Drivers.dir/__/__/Drivers/STM32H7xx_HAL_Driver/Src/stm32h7xx_hal_exti.c.obj
LOAD cmake/stm32cubemx/CMakeFiles/STM32_Drivers.dir/__/__/Drivers/STM32H7xx_HAL_Driver/Src/stm32h7xx_hal_tim.c.obj
LOAD cmake/stm32cubemx/CMakeFiles/STM32_Drivers.dir/__/__/Drivers/STM32H7xx_HAL_Driver/Src/stm32h7xx_hal_tim_ex.c.obj
LOAD cmake/stm32cubemx/CMakeFiles/STM32_Drivers.dir/__/__/Drivers/STM32H7xx_HAL_Driver/Src/stm32h7xx_hal_uart.c.obj
LOAD cmake/stm32cubemx/CMakeFiles/STM32_Drivers.dir/__/__/Drivers/STM32H7xx_HAL_Driver/Src/stm32h7xx_hal_uart_ex.c.obj
START GROUP
LOAD /Applications/ArmGNUToolchain/14.2.rel1/arm-none-eabi/bin/../lib/gcc/arm-none-eabi/14.2.1/thumb/v7e-m+dp/hard/libgcc.a
LOAD /Applications/ArmGNUToolchain/14.2.rel1/arm-none-eabi/bin/../lib/gcc/arm-none-eabi/14.2.1/../../../../arm-none-eabi/lib/thumb/v7e-m+dp/hard/libg_nano.a
LOAD /Applications/ArmGNUToolchain/14.2.rel1/arm-none-eabi/bin/../lib/gcc/arm-none-eabi/14.2.1/../../../../arm-none-eabi/lib/thumb/v7e-m+dp/hard/libc_nano.a
END GROUP
START GROUP
LOAD /Applications/ArmGNUToolchain/14.2.rel1/arm-none-eabi/bin/../lib/gcc/arm-none-eabi/14.2.1/thumb/v7e-m+dp/hard/libgcc.a
LOAD /Applications/ArmGNUToolchain/14.2.rel1/arm-none-eabi/bin/../lib/gcc/arm-none-eabi/14.2.1/../../../../arm-none-eabi/lib/thumb/v7e-m+dp/hard/libc_nano.a
END GROUP
LOAD /Applications/ArmGNUToolchain/14.2.rel1/arm-none-eabi/bin/../lib/gcc/arm-none-eabi/14.2.1/thumb/v7e-m+dp/hard/crtend.o
LOAD /Applications/ArmGNUToolchain/14.2.rel1/arm-none-eabi/bin/../lib/gcc/arm-none-eabi/14.2.1/thumb/v7e-m+dp/hard/crtn.o
                0x20020000                        _estack = (ORIGIN (DTCMRAM) + LENGTH (DTCMRAM))
                0x00000200                        _Min_Heap_Size = 0x200
                0x00000400                        _Min_Stack_Size = 0x400

.isr_vector     0x08000000      0x2cc
                0x08000000                        . = ALIGN (0x4)
 *(.isr_vector)
 .isr_vector    0x08000000      0x2cc CMakeFiles/CtrBoard-H7_DBUS.dir/startup_stm32h723xx.s.obj
                0x08000000                g_pfnVectors
                0x080002cc                        . = ALIGN (0x4)

.text           0x080002d0     0xac2c
                0x080002d0                        . = ALIGN (0x4)
 *(.text)
 .text          0x080002d0       0x30 /Applications/ArmGNUToolchain/14.2.rel1/arm-none-eabi/bin/../lib/gcc/arm-none-eabi/14.2.1/thumb/v7e-m+dp/hard/libgcc.a(_aeabi_uldivmod.o)
                0x080002d0                __aeabi_uldivmod
 .text          0x08000300        0x4 /Applications/ArmGNUToolchain/14.2.rel1/arm-none-eabi/bin/../lib/gcc/arm-none-eabi/14.2.1/thumb/v7e-m+dp/hard/libgcc.a(_dvmd_tls.o)
                0x08000300                __aeabi_ldiv0
                0x08000300                __aeabi_idiv0
 *fill*         0x08000304        0xc 
 .text          0x08000310       0xa0 /Applications/ArmGNUToolchain/14.2.rel1/arm-none-eabi/bin/../lib/gcc/arm-none-eabi/14.2.1/../../../../arm-none-eabi/lib/thumb/v7e-m+dp/hard/libg_nano.a(libc_a-memchr.o)
                0x08000310                memchr
 *(.text*)
 .text.deregister_tm_clones
                0x080003b0       0x1c /Applications/ArmGNUToolchain/14.2.rel1/arm-none-eabi/bin/../lib/gcc/arm-none-eabi/14.2.1/thumb/v7e-m+dp/hard/crtbegin.o
 .text.register_tm_clones
                0x080003cc       0x24 /Applications/ArmGNUToolchain/14.2.rel1/arm-none-eabi/bin/../lib/gcc/arm-none-eabi/14.2.1/thumb/v7e-m+dp/hard/crtbegin.o
 .text.__do_global_dtors_aux
                0x080003f0       0x28 /Applications/ArmGNUToolchain/14.2.rel1/arm-none-eabi/bin/../lib/gcc/arm-none-eabi/14.2.1/thumb/v7e-m+dp/hard/crtbegin.o
 .text.frame_dummy
                0x08000418       0x24 /Applications/ArmGNUToolchain/14.2.rel1/arm-none-eabi/bin/../lib/gcc/arm-none-eabi/14.2.1/thumb/v7e-m+dp/hard/crtbegin.o
 .text.memset   0x0800043c       0x10 /Applications/ArmGNUToolchain/14.2.rel1/arm-none-eabi/bin/../lib/gcc/arm-none-eabi/14.2.1/../../../../arm-none-eabi/lib/thumb/v7e-m+dp/hard/libc_nano.a(libc_a-memset.o)
                0x0800043c                memset
 .text.__libc_init_array
                0x0800044c       0x48 /Applications/ArmGNUToolchain/14.2.rel1/arm-none-eabi/bin/../lib/gcc/arm-none-eabi/14.2.1/../../../../arm-none-eabi/lib/thumb/v7e-m+dp/hard/libc_nano.a(libc_a-init.o)
                0x0800044c                __libc_init_array
 .text.__retarget_lock_acquire_recursive
                0x08000494        0x2 /Applications/ArmGNUToolchain/14.2.rel1/arm-none-eabi/bin/../lib/gcc/arm-none-eabi/14.2.1/../../../../arm-none-eabi/lib/thumb/v7e-m+dp/hard/libc_nano.a(libc_a-lock.o)
                0x08000494                __retarget_lock_acquire_recursive
 .text.__retarget_lock_release_recursive
                0x08000496        0x2 /Applications/ArmGNUToolchain/14.2.rel1/arm-none-eabi/bin/../lib/gcc/arm-none-eabi/14.2.1/../../../../arm-none-eabi/lib/thumb/v7e-m+dp/hard/libc_nano.a(libc_a-lock.o)
                0x08000496                __retarget_lock_release_recursive
 .text.sbrk_aligned
                0x08000498       0x44 /Applications/ArmGNUToolchain/14.2.rel1/arm-none-eabi/bin/../lib/gcc/arm-none-eabi/14.2.1/../../../../arm-none-eabi/lib/thumb/v7e-m+dp/hard/libc_nano.a(libc_a-mallocr.o)
 .text._malloc_r
                0x080004dc      0x100 /Applications/ArmGNUToolchain/14.2.rel1/arm-none-eabi/bin/../lib/gcc/arm-none-eabi/14.2.1/../../../../arm-none-eabi/lib/thumb/v7e-m+dp/hard/libc_nano.a(libc_a-mallocr.o)
                0x080004dc                _malloc_r
 .text.__malloc_lock
                0x080005dc        0xc /Applications/ArmGNUToolchain/14.2.rel1/arm-none-eabi/bin/../lib/gcc/arm-none-eabi/14.2.1/../../../../arm-none-eabi/lib/thumb/v7e-m+dp/hard/libc_nano.a(libc_a-mlock.o)
                0x080005dc                __malloc_lock
 .text.__malloc_unlock
                0x080005e8        0xc /Applications/ArmGNUToolchain/14.2.rel1/arm-none-eabi/bin/../lib/gcc/arm-none-eabi/14.2.1/../../../../arm-none-eabi/lib/thumb/v7e-m+dp/hard/libc_nano.a(libc_a-mlock.o)
                0x080005e8                __malloc_unlock
 .text._sbrk_r  0x080005f4       0x20 /Applications/ArmGNUToolchain/14.2.rel1/arm-none-eabi/bin/../lib/gcc/arm-none-eabi/14.2.1/../../../../arm-none-eabi/lib/thumb/v7e-m+dp/hard/libc_nano.a(libc_a-sbrkr.o)
                0x080005f4                _sbrk_r
 .text._free_r  0x08000614       0x94 /Applications/ArmGNUToolchain/14.2.rel1/arm-none-eabi/bin/../lib/gcc/arm-none-eabi/14.2.1/../../../../arm-none-eabi/lib/thumb/v7e-m+dp/hard/libc_nano.a(libc_a-freer.o)
                0x08000614                _free_r
 .text.usart_printf
                0x080006a8       0x50 CMakeFiles/CtrBoard-H7_DBUS.dir/Core/Src/main.c.obj
                0x080006a8                usart_printf
 .text.main     0x080006f8      0x1dc CMakeFiles/CtrBoard-H7_DBUS.dir/Core/Src/main.c.obj
                0x080006f8                main
 .text.SystemClock_Config
                0x080008d4       0xdc CMakeFiles/CtrBoard-H7_DBUS.dir/Core/Src/main.c.obj
                0x080008d4                SystemClock_Config
 .text.Error_Handler
                0x080009b0        0xc CMakeFiles/CtrBoard-H7_DBUS.dir/Core/Src/main.c.obj
                0x080009b0                Error_Handler
 .text.MX_GPIO_Init
                0x080009bc       0x90 CMakeFiles/CtrBoard-H7_DBUS.dir/Core/Src/gpio.c.obj
                0x080009bc                MX_GPIO_Init
 .text.MX_DMA_Init
                0x08000a4c       0x60 CMakeFiles/CtrBoard-H7_DBUS.dir/Core/Src/dma.c.obj
                0x08000a4c                MX_DMA_Init
 .text.MX_UART5_Init
                0x08000aac       0xa0 CMakeFiles/CtrBoard-H7_DBUS.dir/Core/Src/usart.c.obj
                0x08000aac                MX_UART5_Init
 .text.MX_USART1_UART_Init
                0x08000b4c       0x98 CMakeFiles/CtrBoard-H7_DBUS.dir/Core/Src/usart.c.obj
                0x08000b4c                MX_USART1_UART_Init
 .text.HAL_UART_MspInit
                0x08000be4      0x32c CMakeFiles/CtrBoard-H7_DBUS.dir/Core/Src/usart.c.obj
                0x08000be4                HAL_UART_MspInit
 .text.NMI_Handler
                0x08000f10        0x8 CMakeFiles/CtrBoard-H7_DBUS.dir/Core/Src/stm32h7xx_it.c.obj
                0x08000f10                NMI_Handler
 .text.HardFault_Handler
                0x08000f18        0x8 CMakeFiles/CtrBoard-H7_DBUS.dir/Core/Src/stm32h7xx_it.c.obj
                0x08000f18                HardFault_Handler
 .text.MemManage_Handler
                0x08000f20        0x8 CMakeFiles/CtrBoard-H7_DBUS.dir/Core/Src/stm32h7xx_it.c.obj
                0x08000f20                MemManage_Handler
 .text.BusFault_Handler
                0x08000f28        0x8 CMakeFiles/CtrBoard-H7_DBUS.dir/Core/Src/stm32h7xx_it.c.obj
                0x08000f28                BusFault_Handler
 .text.UsageFault_Handler
                0x08000f30        0x8 CMakeFiles/CtrBoard-H7_DBUS.dir/Core/Src/stm32h7xx_it.c.obj
                0x08000f30                UsageFault_Handler
 .text.SVC_Handler
                0x08000f38        0xe CMakeFiles/CtrBoard-H7_DBUS.dir/Core/Src/stm32h7xx_it.c.obj
                0x08000f38                SVC_Handler
 .text.DebugMon_Handler
                0x08000f46        0xe CMakeFiles/CtrBoard-H7_DBUS.dir/Core/Src/stm32h7xx_it.c.obj
                0x08000f46                DebugMon_Handler
 .text.PendSV_Handler
                0x08000f54        0xe CMakeFiles/CtrBoard-H7_DBUS.dir/Core/Src/stm32h7xx_it.c.obj
                0x08000f54                PendSV_Handler
 .text.SysTick_Handler
                0x08000f62        0xc CMakeFiles/CtrBoard-H7_DBUS.dir/Core/Src/stm32h7xx_it.c.obj
                0x08000f62                SysTick_Handler
 *fill*         0x08000f6e        0x2 
 .text.DMA1_Stream0_IRQHandler
                0x08000f70       0x14 CMakeFiles/CtrBoard-H7_DBUS.dir/Core/Src/stm32h7xx_it.c.obj
                0x08000f70                DMA1_Stream0_IRQHandler
 .text.DMA1_Stream1_IRQHandler
                0x08000f84       0x14 CMakeFiles/CtrBoard-H7_DBUS.dir/Core/Src/stm32h7xx_it.c.obj
                0x08000f84                DMA1_Stream1_IRQHandler
 .text.DMA1_Stream2_IRQHandler
                0x08000f98       0x14 CMakeFiles/CtrBoard-H7_DBUS.dir/Core/Src/stm32h7xx_it.c.obj
                0x08000f98                DMA1_Stream2_IRQHandler
 .text.USART1_IRQHandler
                0x08000fac       0x14 CMakeFiles/CtrBoard-H7_DBUS.dir/Core/Src/stm32h7xx_it.c.obj
                0x08000fac                USART1_IRQHandler
 .text.UART5_IRQHandler
                0x08000fc0       0x1c CMakeFiles/CtrBoard-H7_DBUS.dir/Core/Src/stm32h7xx_it.c.obj
                0x08000fc0                UART5_IRQHandler
 .text.HAL_MspInit
                0x08000fdc       0x34 CMakeFiles/CtrBoard-H7_DBUS.dir/Core/Src/stm32h7xx_hal_msp.c.obj
                0x08000fdc                HAL_MspInit
 .text._sbrk    0x08001010       0x6c CMakeFiles/CtrBoard-H7_DBUS.dir/Core/Src/sysmem.c.obj
                0x08001010                _sbrk
 .text.Reset_Handler
                0x0800107c       0x50 CMakeFiles/CtrBoard-H7_DBUS.dir/startup_stm32h723xx.s.obj
                0x0800107c                Reset_Handler
 .text.Default_Handler
                0x080010cc        0x2 CMakeFiles/CtrBoard-H7_DBUS.dir/startup_stm32h723xx.s.obj
                0x080010cc                DMA1_Stream3_IRQHandler
                0x080010cc                EXTI2_IRQHandler
                0x080010cc                TIM8_CC_IRQHandler
                0x080010cc                UART8_IRQHandler
                0x080010cc                SPI4_IRQHandler
                0x080010cc                FDCAN3_IT0_IRQHandler
                0x080010cc                TIM1_CC_IRQHandler
                0x080010cc                BDMA_Channel6_IRQHandler
                0x080010cc                DMA2_Stream5_IRQHandler
                0x080010cc                DMA1_Stream5_IRQHandler
                0x080010cc                CORDIC_IRQHandler
                0x080010cc                BDMA_Channel1_IRQHandler
                0x080010cc                TAMP_STAMP_IRQHandler
                0x080010cc                EXTI3_IRQHandler
                0x080010cc                LPTIM4_IRQHandler
                0x080010cc                TIM8_TRG_COM_TIM14_IRQHandler
                0x080010cc                LPTIM2_IRQHandler
                0x080010cc                DFSDM1_FLT1_IRQHandler
                0x080010cc                DMAMUX2_OVR_IRQHandler
                0x080010cc                TIM8_UP_TIM13_IRQHandler
                0x080010cc                I2C3_ER_IRQHandler
                0x080010cc                DFSDM1_FLT2_IRQHandler
                0x080010cc                I2C5_EV_IRQHandler
                0x080010cc                USART10_IRQHandler
                0x080010cc                MDMA_IRQHandler
                0x080010cc                LPTIM3_IRQHandler
                0x080010cc                HSEM1_IRQHandler
                0x080010cc                EXTI0_IRQHandler
                0x080010cc                I2C2_EV_IRQHandler
                0x080010cc                FPU_IRQHandler
                0x080010cc                OTG_HS_WKUP_IRQHandler
                0x080010cc                FDCAN1_IT1_IRQHandler
                0x080010cc                LTDC_ER_IRQHandler
                0x080010cc                DMA2_Stream2_IRQHandler
                0x080010cc                SPI1_IRQHandler
                0x080010cc                OCTOSPI1_IRQHandler
                0x080010cc                TIM6_DAC_IRQHandler
                0x080010cc                DMA2_Stream3_IRQHandler
                0x080010cc                OCTOSPI2_IRQHandler
                0x080010cc                DFSDM1_FLT3_IRQHandler
                0x080010cc                TIM23_IRQHandler
                0x080010cc                USART6_IRQHandler
                0x080010cc                TIM17_IRQHandler
                0x080010cc                USART3_IRQHandler
                0x080010cc                BDMA_Channel7_IRQHandler
                0x080010cc                LPTIM5_IRQHandler
                0x080010cc                ADC3_IRQHandler
                0x080010cc                DMA2_Stream0_IRQHandler
                0x080010cc                TIM4_IRQHandler
                0x080010cc                BDMA_Channel2_IRQHandler
                0x080010cc                I2C1_EV_IRQHandler
                0x080010cc                DMA1_Stream6_IRQHandler
                0x080010cc                DMAMUX1_OVR_IRQHandler
                0x080010cc                TIM16_IRQHandler
                0x080010cc                UART4_IRQHandler
                0x080010cc                BDMA_Channel5_IRQHandler
                0x080010cc                TIM3_IRQHandler
                0x080010cc                RCC_IRQHandler
                0x080010cc                UART9_IRQHandler
                0x080010cc                TIM8_BRK_TIM12_IRQHandler
                0x080010cc                TIM1_TRG_COM_IRQHandler
                0x080010cc                Default_Handler
                0x080010cc                ECC_IRQHandler
                0x080010cc                FMAC_IRQHandler
                0x080010cc                CEC_IRQHandler
                0x080010cc                EXTI15_10_IRQHandler
                0x080010cc                BDMA_Channel0_IRQHandler
                0x080010cc                ADC_IRQHandler
                0x080010cc                I2C5_ER_IRQHandler
                0x080010cc                DMA1_Stream7_IRQHandler
                0x080010cc                SPI5_IRQHandler
                0x080010cc                TIM7_IRQHandler
                0x080010cc                FDCAN3_IT1_IRQHandler
                0x080010cc                SDMMC1_IRQHandler
                0x080010cc                TIM5_IRQHandler
                0x080010cc                DMA2_Stream7_IRQHandler
                0x080010cc                TIM15_IRQHandler
                0x080010cc                PVD_AVD_IRQHandler
                0x080010cc                I2C3_EV_IRQHandler
                0x080010cc                EXTI9_5_IRQHandler
                0x080010cc                RTC_WKUP_IRQHandler
                0x080010cc                LTDC_IRQHandler
                0x080010cc                ETH_WKUP_IRQHandler
                0x080010cc                SPDIF_RX_IRQHandler
                0x080010cc                SPI2_IRQHandler
                0x080010cc                OTG_HS_EP1_IN_IRQHandler
                0x080010cc                TIM24_IRQHandler
                0x080010cc                CRS_IRQHandler
                0x080010cc                EXTI4_IRQHandler
                0x080010cc                RNG_IRQHandler
                0x080010cc                FDCAN2_IT1_IRQHandler
                0x080010cc                ETH_IRQHandler
                0x080010cc                TIM1_UP_IRQHandler
                0x080010cc                BDMA_Channel4_IRQHandler
                0x080010cc                OTG_HS_EP1_OUT_IRQHandler
                0x080010cc                WWDG_IRQHandler
                0x080010cc                SPI6_IRQHandler
                0x080010cc                MDIOS_IRQHandler
                0x080010cc                I2C4_EV_IRQHandler
                0x080010cc                FDCAN2_IT0_IRQHandler
                0x080010cc                LPUART1_IRQHandler
                0x080010cc                FDCAN1_IT0_IRQHandler
                0x080010cc                TIM2_IRQHandler
                0x080010cc                OTG_HS_IRQHandler
                0x080010cc                DMA2D_IRQHandler
                0x080010cc                TIM1_BRK_IRQHandler
                0x080010cc                EXTI1_IRQHandler
                0x080010cc                SDMMC2_IRQHandler
                0x080010cc                BDMA_Channel3_IRQHandler
                0x080010cc                DTS_IRQHandler
                0x080010cc                UART7_IRQHandler
                0x080010cc                MDIOS_WKUP_IRQHandler
                0x080010cc                USART2_IRQHandler
                0x080010cc                DFSDM1_FLT0_IRQHandler
                0x080010cc                SAI4_IRQHandler
                0x080010cc                I2C2_ER_IRQHandler
                0x080010cc                DMA2_Stream1_IRQHandler
                0x080010cc                FLASH_IRQHandler
                0x080010cc                DMA2_Stream4_IRQHandler
                0x080010cc                SPI3_IRQHandler
                0x080010cc                WAKEUP_PIN_IRQHandler
                0x080010cc                DMA1_Stream4_IRQHandler
                0x080010cc                I2C1_ER_IRQHandler
                0x080010cc                FMC_IRQHandler
                0x080010cc                FDCAN_CAL_IRQHandler
                0x080010cc                SWPMI1_IRQHandler
                0x080010cc                COMP1_IRQHandler
                0x080010cc                LPTIM1_IRQHandler
                0x080010cc                DCMI_PSSI_IRQHandler
                0x080010cc                I2C4_ER_IRQHandler
                0x080010cc                DMA2_Stream6_IRQHandler
                0x080010cc                SAI1_IRQHandler
                0x080010cc                RTC_Alarm_IRQHandler
 *fill*         0x080010ce        0x2 
 .text.get_remoter
                0x080010d0       0x14 CMakeFiles/CtrBoard-H7_DBUS.dir/User/uart_bsp.c.obj
                0x080010d0                get_remoter
 .text.sbus_frame_parse
                0x080010e4      0x2e4 CMakeFiles/CtrBoard-H7_DBUS.dir/User/uart_bsp.c.obj
                0x080010e4                sbus_frame_parse
 .text.Process_Data
                0x080013c8       0x54 CMakeFiles/CtrBoard-H7_DBUS.dir/User/uart_bsp.c.obj
                0x080013c8                Process_Data
 .text.HAL_UARTEx_RxEventCallback
                0x0800141c      0x1b0 CMakeFiles/CtrBoard-H7_DBUS.dir/User/uart_bsp.c.obj
                0x0800141c                HAL_UARTEx_RxEventCallback
 .text.HAL_UART_ErrorCallback
                0x080015cc       0x3c CMakeFiles/CtrBoard-H7_DBUS.dir/User/uart_bsp.c.obj
                0x080015cc                HAL_UART_ErrorCallback
 .text.SystemInit
                0x08001608       0xf0 cmake/stm32cubemx/CMakeFiles/STM32_Drivers.dir/__/__/Core/Src/system_stm32h7xx.c.obj
                0x08001608                SystemInit
 .text.__NVIC_SetPriorityGrouping
                0x080016f8       0x48 cmake/stm32cubemx/CMakeFiles/STM32_Drivers.dir/__/__/Drivers/STM32H7xx_HAL_Driver/Src/stm32h7xx_hal_cortex.c.obj
 .text.__NVIC_GetPriorityGrouping
                0x08001740       0x1c cmake/stm32cubemx/CMakeFiles/STM32_Drivers.dir/__/__/Drivers/STM32H7xx_HAL_Driver/Src/stm32h7xx_hal_cortex.c.obj
 .text.__NVIC_EnableIRQ
                0x0800175c       0x3c cmake/stm32cubemx/CMakeFiles/STM32_Drivers.dir/__/__/Drivers/STM32H7xx_HAL_Driver/Src/stm32h7xx_hal_cortex.c.obj
 .text.__NVIC_SetPriority
                0x08001798       0x54 cmake/stm32cubemx/CMakeFiles/STM32_Drivers.dir/__/__/Drivers/STM32H7xx_HAL_Driver/Src/stm32h7xx_hal_cortex.c.obj
 .text.NVIC_EncodePriority
                0x080017ec       0x66 cmake/stm32cubemx/CMakeFiles/STM32_Drivers.dir/__/__/Drivers/STM32H7xx_HAL_Driver/Src/stm32h7xx_hal_cortex.c.obj
 *fill*         0x08001852        0x2 
 .text.SysTick_Config
                0x08001854       0x44 cmake/stm32cubemx/CMakeFiles/STM32_Drivers.dir/__/__/Drivers/STM32H7xx_HAL_Driver/Src/stm32h7xx_hal_cortex.c.obj
 .text.HAL_NVIC_SetPriorityGrouping
                0x08001898       0x16 cmake/stm32cubemx/CMakeFiles/STM32_Drivers.dir/__/__/Drivers/STM32H7xx_HAL_Driver/Src/stm32h7xx_hal_cortex.c.obj
                0x08001898                HAL_NVIC_SetPriorityGrouping
 .text.HAL_NVIC_SetPriority
                0x080018ae       0x34 cmake/stm32cubemx/CMakeFiles/STM32_Drivers.dir/__/__/Drivers/STM32H7xx_HAL_Driver/Src/stm32h7xx_hal_cortex.c.obj
                0x080018ae                HAL_NVIC_SetPriority
 .text.HAL_NVIC_EnableIRQ
                0x080018e2       0x1c cmake/stm32cubemx/CMakeFiles/STM32_Drivers.dir/__/__/Drivers/STM32H7xx_HAL_Driver/Src/stm32h7xx_hal_cortex.c.obj
                0x080018e2                HAL_NVIC_EnableIRQ
 .text.HAL_SYSTICK_Config
                0x080018fe       0x18 cmake/stm32cubemx/CMakeFiles/STM32_Drivers.dir/__/__/Drivers/STM32H7xx_HAL_Driver/Src/stm32h7xx_hal_cortex.c.obj
                0x080018fe                HAL_SYSTICK_Config
 *fill*         0x08001916        0x2 
 .text.HAL_RCC_OscConfig
                0x08001918      0x7b4 cmake/stm32cubemx/CMakeFiles/STM32_Drivers.dir/__/__/Drivers/STM32H7xx_HAL_Driver/Src/stm32h7xx_hal_rcc.c.obj
                0x08001918                HAL_RCC_OscConfig
 .text.HAL_RCC_ClockConfig
                0x080020cc      0x36c cmake/stm32cubemx/CMakeFiles/STM32_Drivers.dir/__/__/Drivers/STM32H7xx_HAL_Driver/Src/stm32h7xx_hal_rcc.c.obj
                0x080020cc                HAL_RCC_ClockConfig
 .text.HAL_RCC_GetSysClockFreq
                0x08002438      0x2f4 cmake/stm32cubemx/CMakeFiles/STM32_Drivers.dir/__/__/Drivers/STM32H7xx_HAL_Driver/Src/stm32h7xx_hal_rcc.c.obj
                0x08002438                HAL_RCC_GetSysClockFreq
 .text.HAL_RCC_GetHCLKFreq
                0x0800272c       0x60 cmake/stm32cubemx/CMakeFiles/STM32_Drivers.dir/__/__/Drivers/STM32H7xx_HAL_Driver/Src/stm32h7xx_hal_rcc.c.obj
                0x0800272c                HAL_RCC_GetHCLKFreq
 .text.HAL_RCC_GetPCLK1Freq
                0x0800278c       0x2c cmake/stm32cubemx/CMakeFiles/STM32_Drivers.dir/__/__/Drivers/STM32H7xx_HAL_Driver/Src/stm32h7xx_hal_rcc.c.obj
                0x0800278c                HAL_RCC_GetPCLK1Freq
 .text.HAL_RCC_GetPCLK2Freq
                0x080027b8       0x2c cmake/stm32cubemx/CMakeFiles/STM32_Drivers.dir/__/__/Drivers/STM32H7xx_HAL_Driver/Src/stm32h7xx_hal_rcc.c.obj
                0x080027b8                HAL_RCC_GetPCLK2Freq
 .text.HAL_RCCEx_PeriphCLKConfig
                0x080027e4     0x1340 cmake/stm32cubemx/CMakeFiles/STM32_Drivers.dir/__/__/Drivers/STM32H7xx_HAL_Driver/Src/stm32h7xx_hal_rcc_ex.c.obj
                0x080027e4                HAL_RCCEx_PeriphCLKConfig
 .text.HAL_RCCEx_GetD3PCLK1Freq
                0x08003b24       0x2c cmake/stm32cubemx/CMakeFiles/STM32_Drivers.dir/__/__/Drivers/STM32H7xx_HAL_Driver/Src/stm32h7xx_hal_rcc_ex.c.obj
                0x08003b24                HAL_RCCEx_GetD3PCLK1Freq
 .text.HAL_RCCEx_GetPLL2ClockFreq
                0x08003b50      0x2a8 cmake/stm32cubemx/CMakeFiles/STM32_Drivers.dir/__/__/Drivers/STM32H7xx_HAL_Driver/Src/stm32h7xx_hal_rcc_ex.c.obj
                0x08003b50                HAL_RCCEx_GetPLL2ClockFreq
 .text.HAL_RCCEx_GetPLL3ClockFreq
                0x08003df8      0x2a8 cmake/stm32cubemx/CMakeFiles/STM32_Drivers.dir/__/__/Drivers/STM32H7xx_HAL_Driver/Src/stm32h7xx_hal_rcc_ex.c.obj
                0x08003df8                HAL_RCCEx_GetPLL3ClockFreq
 .text.RCCEx_PLL2_Config
                0x080040a0      0x164 cmake/stm32cubemx/CMakeFiles/STM32_Drivers.dir/__/__/Drivers/STM32H7xx_HAL_Driver/Src/stm32h7xx_hal_rcc_ex.c.obj
 .text.RCCEx_PLL3_Config
                0x08004204      0x164 cmake/stm32cubemx/CMakeFiles/STM32_Drivers.dir/__/__/Drivers/STM32H7xx_HAL_Driver/Src/stm32h7xx_hal_rcc_ex.c.obj
 .text.HAL_GPIO_Init
                0x08004368      0x350 cmake/stm32cubemx/CMakeFiles/STM32_Drivers.dir/__/__/Drivers/STM32H7xx_HAL_Driver/Src/stm32h7xx_hal_gpio.c.obj
                0x08004368                HAL_GPIO_Init
 .text.HAL_DMA_Init
                0x080046b8      0x6b0 cmake/stm32cubemx/CMakeFiles/STM32_Drivers.dir/__/__/Drivers/STM32H7xx_HAL_Driver/Src/stm32h7xx_hal_dma.c.obj
                0x080046b8                HAL_DMA_Init
 .text.HAL_DMA_Start_IT
                0x08004d68      0x4d4 cmake/stm32cubemx/CMakeFiles/STM32_Drivers.dir/__/__/Drivers/STM32H7xx_HAL_Driver/Src/stm32h7xx_hal_dma.c.obj
                0x08004d68                HAL_DMA_Start_IT
 .text.HAL_DMA_Abort
                0x0800523c      0x63c cmake/stm32cubemx/CMakeFiles/STM32_Drivers.dir/__/__/Drivers/STM32H7xx_HAL_Driver/Src/stm32h7xx_hal_dma.c.obj
                0x0800523c                HAL_DMA_Abort
 .text.HAL_DMA_Abort_IT
                0x08005878      0x48c cmake/stm32cubemx/CMakeFiles/STM32_Drivers.dir/__/__/Drivers/STM32H7xx_HAL_Driver/Src/stm32h7xx_hal_dma.c.obj
                0x08005878                HAL_DMA_Abort_IT
 .text.HAL_DMA_IRQHandler
                0x08005d04      0xe54 cmake/stm32cubemx/CMakeFiles/STM32_Drivers.dir/__/__/Drivers/STM32H7xx_HAL_Driver/Src/stm32h7xx_hal_dma.c.obj
                0x08005d04                HAL_DMA_IRQHandler
 .text.HAL_DMA_GetError
                0x08006b58       0x18 cmake/stm32cubemx/CMakeFiles/STM32_Drivers.dir/__/__/Drivers/STM32H7xx_HAL_Driver/Src/stm32h7xx_hal_dma.c.obj
                0x08006b58                HAL_DMA_GetError
 .text.DMA_SetConfig
                0x08006b70      0x358 cmake/stm32cubemx/CMakeFiles/STM32_Drivers.dir/__/__/Drivers/STM32H7xx_HAL_Driver/Src/stm32h7xx_hal_dma.c.obj
 .text.DMA_CalcBaseAndBitshift
                0x08006ec8      0x164 cmake/stm32cubemx/CMakeFiles/STM32_Drivers.dir/__/__/Drivers/STM32H7xx_HAL_Driver/Src/stm32h7xx_hal_dma.c.obj
 .text.DMA_CheckFifoParam
                0x0800702c       0xf8 cmake/stm32cubemx/CMakeFiles/STM32_Drivers.dir/__/__/Drivers/STM32H7xx_HAL_Driver/Src/stm32h7xx_hal_dma.c.obj
 .text.DMA_CalcDMAMUXChannelBaseAndMask
                0x08007124      0x134 cmake/stm32cubemx/CMakeFiles/STM32_Drivers.dir/__/__/Drivers/STM32H7xx_HAL_Driver/Src/stm32h7xx_hal_dma.c.obj
 .text.DMA_CalcDMAMUXRequestGenBaseAndMask
                0x08007258       0xe8 cmake/stm32cubemx/CMakeFiles/STM32_Drivers.dir/__/__/Drivers/STM32H7xx_HAL_Driver/Src/stm32h7xx_hal_dma.c.obj
 .text.HAL_PWREx_ConfigSupply
                0x08007340       0x74 cmake/stm32cubemx/CMakeFiles/STM32_Drivers.dir/__/__/Drivers/STM32H7xx_HAL_Driver/Src/stm32h7xx_hal_pwr_ex.c.obj
                0x08007340                HAL_PWREx_ConfigSupply
 .text.HAL_Init
                0x080073b4       0x78 cmake/stm32cubemx/CMakeFiles/STM32_Drivers.dir/__/__/Drivers/STM32H7xx_HAL_Driver/Src/stm32h7xx_hal.c.obj
                0x080073b4                HAL_Init
 .text.HAL_InitTick
                0x0800742c       0x6c cmake/stm32cubemx/CMakeFiles/STM32_Drivers.dir/__/__/Drivers/STM32H7xx_HAL_Driver/Src/stm32h7xx_hal.c.obj
                0x0800742c                HAL_InitTick
 .text.HAL_IncTick
                0x08007498       0x28 cmake/stm32cubemx/CMakeFiles/STM32_Drivers.dir/__/__/Drivers/STM32H7xx_HAL_Driver/Src/stm32h7xx_hal.c.obj
                0x08007498                HAL_IncTick
 .text.HAL_GetTick
                0x080074c0       0x18 cmake/stm32cubemx/CMakeFiles/STM32_Drivers.dir/__/__/Drivers/STM32H7xx_HAL_Driver/Src/stm32h7xx_hal.c.obj
                0x080074c0                HAL_GetTick
 .text.HAL_Delay
                0x080074d8       0x48 cmake/stm32cubemx/CMakeFiles/STM32_Drivers.dir/__/__/Drivers/STM32H7xx_HAL_Driver/Src/stm32h7xx_hal.c.obj
                0x080074d8                HAL_Delay
 .text.HAL_UART_Init
                0x08007520       0xa0 cmake/stm32cubemx/CMakeFiles/STM32_Drivers.dir/__/__/Drivers/STM32H7xx_HAL_Driver/Src/stm32h7xx_hal_uart.c.obj
                0x08007520                HAL_UART_Init
 .text.HAL_UART_Transmit
                0x080075c0      0x11c cmake/stm32cubemx/CMakeFiles/STM32_Drivers.dir/__/__/Drivers/STM32H7xx_HAL_Driver/Src/stm32h7xx_hal_uart.c.obj
                0x080075c0                HAL_UART_Transmit
 .text.HAL_UART_DMAStop
                0x080076dc      0x12c cmake/stm32cubemx/CMakeFiles/STM32_Drivers.dir/__/__/Drivers/STM32H7xx_HAL_Driver/Src/stm32h7xx_hal_uart.c.obj
                0x080076dc                HAL_UART_DMAStop
 .text.HAL_UART_IRQHandler
                0x08007808      0x774 cmake/stm32cubemx/CMakeFiles/STM32_Drivers.dir/__/__/Drivers/STM32H7xx_HAL_Driver/Src/stm32h7xx_hal_uart.c.obj
                0x08007808                HAL_UART_IRQHandler
 .text.HAL_UART_TxCpltCallback
                0x08007f7c       0x14 cmake/stm32cubemx/CMakeFiles/STM32_Drivers.dir/__/__/Drivers/STM32H7xx_HAL_Driver/Src/stm32h7xx_hal_uart.c.obj
                0x08007f7c                HAL_UART_TxCpltCallback
 .text.HAL_UART_RxCpltCallback
                0x08007f90       0x14 cmake/stm32cubemx/CMakeFiles/STM32_Drivers.dir/__/__/Drivers/STM32H7xx_HAL_Driver/Src/stm32h7xx_hal_uart.c.obj
                0x08007f90                HAL_UART_RxCpltCallback
 .text.HAL_UART_RxHalfCpltCallback
                0x08007fa4       0x14 cmake/stm32cubemx/CMakeFiles/STM32_Drivers.dir/__/__/Drivers/STM32H7xx_HAL_Driver/Src/stm32h7xx_hal_uart.c.obj
                0x08007fa4                HAL_UART_RxHalfCpltCallback
 .text.UART_SetConfig
                0x08007fb8      0xcd8 cmake/stm32cubemx/CMakeFiles/STM32_Drivers.dir/__/__/Drivers/STM32H7xx_HAL_Driver/Src/stm32h7xx_hal_uart.c.obj
                0x08007fb8                UART_SetConfig
 .text.UART_AdvFeatureConfig
                0x08008c90      0x144 cmake/stm32cubemx/CMakeFiles/STM32_Drivers.dir/__/__/Drivers/STM32H7xx_HAL_Driver/Src/stm32h7xx_hal_uart.c.obj
                0x08008c90                UART_AdvFeatureConfig
 .text.UART_CheckIdleState
                0x08008dd4      0x154 cmake/stm32cubemx/CMakeFiles/STM32_Drivers.dir/__/__/Drivers/STM32H7xx_HAL_Driver/Src/stm32h7xx_hal_uart.c.obj
                0x08008dd4                UART_CheckIdleState
 .text.UART_WaitOnFlagUntilTimeout
                0x08008f28       0xda cmake/stm32cubemx/CMakeFiles/STM32_Drivers.dir/__/__/Drivers/STM32H7xx_HAL_Driver/Src/stm32h7xx_hal_uart.c.obj
                0x08008f28                UART_WaitOnFlagUntilTimeout
 *fill*         0x08009002        0x2 
 .text.UART_Start_Receive_IT
                0x08009004      0x244 cmake/stm32cubemx/CMakeFiles/STM32_Drivers.dir/__/__/Drivers/STM32H7xx_HAL_Driver/Src/stm32h7xx_hal_uart.c.obj
                0x08009004                UART_Start_Receive_IT
 .text.UART_Start_Receive_DMA
                0x08009248      0x14c cmake/stm32cubemx/CMakeFiles/STM32_Drivers.dir/__/__/Drivers/STM32H7xx_HAL_Driver/Src/stm32h7xx_hal_uart.c.obj
                0x08009248                UART_Start_Receive_DMA
 .text.UART_EndTxTransfer
                0x08009394       0x82 cmake/stm32cubemx/CMakeFiles/STM32_Drivers.dir/__/__/Drivers/STM32H7xx_HAL_Driver/Src/stm32h7xx_hal_uart.c.obj
 *fill*         0x08009416        0x2 
 .text.UART_EndRxTransfer
                0x08009418       0xcc cmake/stm32cubemx/CMakeFiles/STM32_Drivers.dir/__/__/Drivers/STM32H7xx_HAL_Driver/Src/stm32h7xx_hal_uart.c.obj
 .text.UART_DMAReceiveCplt
                0x080094e4      0x128 cmake/stm32cubemx/CMakeFiles/STM32_Drivers.dir/__/__/Drivers/STM32H7xx_HAL_Driver/Src/stm32h7xx_hal_uart.c.obj
 .text.UART_DMARxHalfCplt
                0x0800960c       0x3e cmake/stm32cubemx/CMakeFiles/STM32_Drivers.dir/__/__/Drivers/STM32H7xx_HAL_Driver/Src/stm32h7xx_hal_uart.c.obj
 .text.UART_DMAError
                0x0800964a       0x80 cmake/stm32cubemx/CMakeFiles/STM32_Drivers.dir/__/__/Drivers/STM32H7xx_HAL_Driver/Src/stm32h7xx_hal_uart.c.obj
 .text.UART_DMAAbortOnError
                0x080096ca       0x2c cmake/stm32cubemx/CMakeFiles/STM32_Drivers.dir/__/__/Drivers/STM32H7xx_HAL_Driver/Src/stm32h7xx_hal_uart.c.obj
 .text.UART_EndTransmit_IT
                0x080096f6       0x56 cmake/stm32cubemx/CMakeFiles/STM32_Drivers.dir/__/__/Drivers/STM32H7xx_HAL_Driver/Src/stm32h7xx_hal_uart.c.obj
 .text.UART_RxISR_8BIT
                0x0800974c      0x1b8 cmake/stm32cubemx/CMakeFiles/STM32_Drivers.dir/__/__/Drivers/STM32H7xx_HAL_Driver/Src/stm32h7xx_hal_uart.c.obj
 .text.UART_RxISR_16BIT
                0x08009904      0x1b8 cmake/stm32cubemx/CMakeFiles/STM32_Drivers.dir/__/__/Drivers/STM32H7xx_HAL_Driver/Src/stm32h7xx_hal_uart.c.obj
 .text.UART_RxISR_8BIT_FIFOEN
                0x08009abc      0x360 cmake/stm32cubemx/CMakeFiles/STM32_Drivers.dir/__/__/Drivers/STM32H7xx_HAL_Driver/Src/stm32h7xx_hal_uart.c.obj
 .text.UART_RxISR_16BIT_FIFOEN
                0x08009e1c      0x368 cmake/stm32cubemx/CMakeFiles/STM32_Drivers.dir/__/__/Drivers/STM32H7xx_HAL_Driver/Src/stm32h7xx_hal_uart.c.obj
 .text.HAL_UARTEx_WakeupCallback
                0x0800a184       0x14 cmake/stm32cubemx/CMakeFiles/STM32_Drivers.dir/__/__/Drivers/STM32H7xx_HAL_Driver/Src/stm32h7xx_hal_uart_ex.c.obj
                0x0800a184                HAL_UARTEx_WakeupCallback
 .text.HAL_UARTEx_RxFifoFullCallback
                0x0800a198       0x14 cmake/stm32cubemx/CMakeFiles/STM32_Drivers.dir/__/__/Drivers/STM32H7xx_HAL_Driver/Src/stm32h7xx_hal_uart_ex.c.obj
                0x0800a198                HAL_UARTEx_RxFifoFullCallback
 .text.HAL_UARTEx_TxFifoEmptyCallback
                0x0800a1ac       0x14 cmake/stm32cubemx/CMakeFiles/STM32_Drivers.dir/__/__/Drivers/STM32H7xx_HAL_Driver/Src/stm32h7xx_hal_uart_ex.c.obj
                0x0800a1ac                HAL_UARTEx_TxFifoEmptyCallback
 .text.HAL_UARTEx_DisableFifoMode
                0x0800a1c0       0x72 cmake/stm32cubemx/CMakeFiles/STM32_Drivers.dir/__/__/Drivers/STM32H7xx_HAL_Driver/Src/stm32h7xx_hal_uart_ex.c.obj
                0x0800a1c0                HAL_UARTEx_DisableFifoMode
 .text.HAL_UARTEx_SetTxFifoThreshold
                0x0800a232       0x7c cmake/stm32cubemx/CMakeFiles/STM32_Drivers.dir/__/__/Drivers/STM32H7xx_HAL_Driver/Src/stm32h7xx_hal_uart_ex.c.obj
                0x0800a232                HAL_UARTEx_SetTxFifoThreshold
 .text.HAL_UARTEx_SetRxFifoThreshold
                0x0800a2ae       0x7c cmake/stm32cubemx/CMakeFiles/STM32_Drivers.dir/__/__/Drivers/STM32H7xx_HAL_Driver/Src/stm32h7xx_hal_uart_ex.c.obj
                0x0800a2ae                HAL_UARTEx_SetRxFifoThreshold
 .text.HAL_UARTEx_ReceiveToIdle_IT
                0x0800a32a       0xa0 cmake/stm32cubemx/CMakeFiles/STM32_Drivers.dir/__/__/Drivers/STM32H7xx_HAL_Driver/Src/stm32h7xx_hal_uart_ex.c.obj
                0x0800a32a                HAL_UARTEx_ReceiveToIdle_IT
 .text.HAL_UARTEx_ReceiveToIdle_DMA
                0x0800a3ca       0xa8 cmake/stm32cubemx/CMakeFiles/STM32_Drivers.dir/__/__/Drivers/STM32H7xx_HAL_Driver/Src/stm32h7xx_hal_uart_ex.c.obj
                0x0800a3ca                HAL_UARTEx_ReceiveToIdle_DMA
 *fill*         0x0800a472        0x2 
 .text.UARTEx_SetNbDataToProcess
                0x0800a474       0x9c cmake/stm32cubemx/CMakeFiles/STM32_Drivers.dir/__/__/Drivers/STM32H7xx_HAL_Driver/Src/stm32h7xx_hal_uart_ex.c.obj
 .text.__udivmoddi4
                0x0800a510      0x2f8 /Applications/ArmGNUToolchain/14.2.rel1/arm-none-eabi/bin/../lib/gcc/arm-none-eabi/14.2.1/thumb/v7e-m+dp/hard/libgcc.a(_udivmoddi4.o)
                0x0800a510                __udivmoddi4
 .text._vsprintf_r
                0x0800a808       0x2c /Applications/ArmGNUToolchain/14.2.rel1/arm-none-eabi/bin/../lib/gcc/arm-none-eabi/14.2.1/../../../../arm-none-eabi/lib/thumb/v7e-m+dp/hard/libg_nano.a(libc_a-vsprintf.o)
                0x0800a808                _vsiprintf_r
                0x0800a808                _vsprintf_r
 .text.vsprintf
                0x0800a834       0x14 /Applications/ArmGNUToolchain/14.2.rel1/arm-none-eabi/bin/../lib/gcc/arm-none-eabi/14.2.1/../../../../arm-none-eabi/lib/thumb/v7e-m+dp/hard/libg_nano.a(libc_a-vsprintf.o)
                0x0800a834                vsprintf
                0x0800a834                vsiprintf
 .text.__errno  0x0800a848        0xc /Applications/ArmGNUToolchain/14.2.rel1/arm-none-eabi/bin/../lib/gcc/arm-none-eabi/14.2.1/../../../../arm-none-eabi/lib/thumb/v7e-m+dp/hard/libg_nano.a(libc_a-errno.o)
                0x0800a848                __errno
 .text.__ssputs_r
                0x0800a854       0xc0 /Applications/ArmGNUToolchain/14.2.rel1/arm-none-eabi/bin/../lib/gcc/arm-none-eabi/14.2.1/../../../../arm-none-eabi/lib/thumb/v7e-m+dp/hard/libg_nano.a(libc_a-nano-svfprintf.o)
                0x0800a854                __ssputs_r
 .text._svfprintf_r
                0x0800a914      0x1f8 /Applications/ArmGNUToolchain/14.2.rel1/arm-none-eabi/bin/../lib/gcc/arm-none-eabi/14.2.1/../../../../arm-none-eabi/lib/thumb/v7e-m+dp/hard/libg_nano.a(libc_a-nano-svfprintf.o)
                0x0800a914                _svfprintf_r
                0x0800a914                _svfiprintf_r
 .text._printf_common
                0x0800ab0c       0xda /Applications/ArmGNUToolchain/14.2.rel1/arm-none-eabi/bin/../lib/gcc/arm-none-eabi/14.2.1/../../../../arm-none-eabi/lib/thumb/v7e-m+dp/hard/libg_nano.a(libc_a-nano-vfprintf_i.o)
                0x0800ab0c                _printf_common
 *fill*         0x0800abe6        0x2 
 .text._printf_i
                0x0800abe8      0x240 /Applications/ArmGNUToolchain/14.2.rel1/arm-none-eabi/bin/../lib/gcc/arm-none-eabi/14.2.1/../../../../arm-none-eabi/lib/thumb/v7e-m+dp/hard/libg_nano.a(libc_a-nano-vfprintf_i.o)
                0x0800abe8                _printf_i
 .text._realloc_r
                0x0800ae28       0x5c /Applications/ArmGNUToolchain/14.2.rel1/arm-none-eabi/bin/../lib/gcc/arm-none-eabi/14.2.1/../../../../arm-none-eabi/lib/thumb/v7e-m+dp/hard/libg_nano.a(libc_a-reallocr.o)
                0x0800ae28                _realloc_r
 .text.memmove  0x0800ae84       0x32 /Applications/ArmGNUToolchain/14.2.rel1/arm-none-eabi/bin/../lib/gcc/arm-none-eabi/14.2.1/../../../../arm-none-eabi/lib/thumb/v7e-m+dp/hard/libg_nano.a(libc_a-memmove.o)
                0x0800ae84                memmove
 .text.memcpy   0x0800aeb6       0x1c /Applications/ArmGNUToolchain/14.2.rel1/arm-none-eabi/bin/../lib/gcc/arm-none-eabi/14.2.1/../../../../arm-none-eabi/lib/thumb/v7e-m+dp/hard/libg_nano.a(libc_a-memcpy-stub.o)
                0x0800aeb6                memcpy
 .text._malloc_usable_size_r
                0x0800aed2       0x10 /Applications/ArmGNUToolchain/14.2.rel1/arm-none-eabi/bin/../lib/gcc/arm-none-eabi/14.2.1/../../../../arm-none-eabi/lib/thumb/v7e-m+dp/hard/libg_nano.a(libc_a-msizer.o)
                0x0800aed2                _malloc_usable_size_r
 *(.glue_7)
 .glue_7        0x0800aee2        0x0 linker stubs
 *(.glue_7t)
 .glue_7t       0x0800aee2        0x0 linker stubs
 *(.eh_frame)
 *fill*         0x0800aee2        0x2 
 .eh_frame      0x0800aee4        0x0 /Applications/ArmGNUToolchain/14.2.rel1/arm-none-eabi/bin/../lib/gcc/arm-none-eabi/14.2.1/thumb/v7e-m+dp/hard/crtbegin.o
 *(.init)
 .init          0x0800aee4        0x4 /Applications/ArmGNUToolchain/14.2.rel1/arm-none-eabi/bin/../lib/gcc/arm-none-eabi/14.2.1/thumb/v7e-m+dp/hard/crti.o
                0x0800aee4                _init
 .init          0x0800aee8        0x8 /Applications/ArmGNUToolchain/14.2.rel1/arm-none-eabi/bin/../lib/gcc/arm-none-eabi/14.2.1/thumb/v7e-m+dp/hard/crtn.o
 *(.fini)
 .fini          0x0800aef0        0x4 /Applications/ArmGNUToolchain/14.2.rel1/arm-none-eabi/bin/../lib/gcc/arm-none-eabi/14.2.1/thumb/v7e-m+dp/hard/crti.o
                0x0800aef0                _fini
 .fini          0x0800aef4        0x8 /Applications/ArmGNUToolchain/14.2.rel1/arm-none-eabi/bin/../lib/gcc/arm-none-eabi/14.2.1/thumb/v7e-m+dp/hard/crtn.o
                0x0800aefc                        . = ALIGN (0x4)
                0x0800aefc                        _etext = .

.vfp11_veneer   0x0800aefc        0x0
 .vfp11_veneer  0x0800aefc        0x0 linker stubs

.v4_bx          0x0800aefc        0x0
 .v4_bx         0x0800aefc        0x0 linker stubs

.iplt           0x0800aefc        0x0
 .iplt          0x0800aefc        0x0 /Applications/ArmGNUToolchain/14.2.rel1/arm-none-eabi/bin/../lib/gcc/arm-none-eabi/14.2.1/thumb/v7e-m+dp/hard/crtbegin.o

.rodata         0x0800aefc      0x158
                0x0800aefc                        . = ALIGN (0x4)
 *(.rodata)
 .rodata        0x0800aefc       0xe2 CMakeFiles/CtrBoard-H7_DBUS.dir/Core/Src/main.c.obj
 *(.rodata*)
 *fill*         0x0800afde        0x2 
 .rodata.D1CorePrescTable
                0x0800afe0       0x10 cmake/stm32cubemx/CMakeFiles/STM32_Drivers.dir/__/__/Core/Src/system_stm32h7xx.c.obj
                0x0800afe0                D1CorePrescTable
 .rodata.flagBitshiftOffset.0
                0x0800aff0        0x8 cmake/stm32cubemx/CMakeFiles/STM32_Drivers.dir/__/__/Drivers/STM32H7xx_HAL_Driver/Src/stm32h7xx_hal_dma.c.obj
 .rodata.UARTPrescTable
                0x0800aff8       0x18 cmake/stm32cubemx/CMakeFiles/STM32_Drivers.dir/__/__/Drivers/STM32H7xx_HAL_Driver/Src/stm32h7xx_hal_uart.c.obj
                0x0800aff8                UARTPrescTable
 .rodata.numerator.1
                0x0800b010        0x8 cmake/stm32cubemx/CMakeFiles/STM32_Drivers.dir/__/__/Drivers/STM32H7xx_HAL_Driver/Src/stm32h7xx_hal_uart_ex.c.obj
 .rodata.denominator.0
                0x0800b018        0x8 cmake/stm32cubemx/CMakeFiles/STM32_Drivers.dir/__/__/Drivers/STM32H7xx_HAL_Driver/Src/stm32h7xx_hal_uart_ex.c.obj
 .rodata._svfprintf_r.str1.1
                0x0800b020       0x33 /Applications/ArmGNUToolchain/14.2.rel1/arm-none-eabi/bin/../lib/gcc/arm-none-eabi/14.2.1/../../../../arm-none-eabi/lib/thumb/v7e-m+dp/hard/libg_nano.a(libc_a-nano-svfprintf.o)
                                 0x11 (size before relaxing)
 .rodata._printf_i.str1.1
                0x0800b053       0x22 /Applications/ArmGNUToolchain/14.2.rel1/arm-none-eabi/bin/../lib/gcc/arm-none-eabi/14.2.1/../../../../arm-none-eabi/lib/thumb/v7e-m+dp/hard/libg_nano.a(libc_a-nano-vfprintf_i.o)
                0x0800b078                        . = ALIGN (0x4)
 *fill*         0x0800b053        0x1 

.ARM.extab      0x0800b054        0x0
                0x0800b054                        . = ALIGN (0x4)
 *(.ARM.extab* .gnu.linkonce.armextab.*)
                0x0800b054                        . = ALIGN (0x4)

.ARM            0x0800b054        0x8
                0x0800b054                        . = ALIGN (0x4)
                0x0800b054                        __exidx_start = .
 *(.ARM.exidx*)
 .ARM.exidx     0x0800b054        0x8 /Applications/ArmGNUToolchain/14.2.rel1/arm-none-eabi/bin/../lib/gcc/arm-none-eabi/14.2.1/../../../../arm-none-eabi/lib/thumb/v7e-m+dp/hard/libg_nano.a(libc_a-memchr.o)
 .ARM.exidx.text.__udivmoddi4
                0x0800b05c        0x0 /Applications/ArmGNUToolchain/14.2.rel1/arm-none-eabi/bin/../lib/gcc/arm-none-eabi/14.2.1/thumb/v7e-m+dp/hard/libgcc.a(_udivmoddi4.o)
                                  0x8 (size before relaxing)
                0x0800b05c                        __exidx_end = .
                0x0800b05c                        . = ALIGN (0x4)

.preinit_array  0x0800b05c        0x0
                0x0800b05c                        . = ALIGN (0x4)
                0x0800b05c                        PROVIDE (__preinit_array_start = .)
 *(.preinit_array*)
                0x0800b05c                        PROVIDE (__preinit_array_end = .)
                0x0800b05c                        . = ALIGN (0x4)

.init_array     0x0800b05c        0x4
                0x0800b05c                        . = ALIGN (0x4)
                0x0800b05c                        PROVIDE (__init_array_start = .)
 *(SORT_BY_NAME(.init_array.*))
 *(.init_array*)
 .init_array    0x0800b05c        0x4 /Applications/ArmGNUToolchain/14.2.rel1/arm-none-eabi/bin/../lib/gcc/arm-none-eabi/14.2.1/thumb/v7e-m+dp/hard/crtbegin.o
                0x0800b060                        PROVIDE (__init_array_end = .)
                0x0800b060                        . = ALIGN (0x4)

.fini_array     0x0800b060        0x4
                0x0800b060                        . = ALIGN (0x4)
                [!provide]                        PROVIDE (__fini_array_start = .)
 *(SORT_BY_NAME(.fini_array.*))
 *(.fini_array*)
 .fini_array    0x0800b060        0x4 /Applications/ArmGNUToolchain/14.2.rel1/arm-none-eabi/bin/../lib/gcc/arm-none-eabi/14.2.1/thumb/v7e-m+dp/hard/crtbegin.o
                [!provide]                        PROVIDE (__fini_array_end = .)
                0x0800b064                        . = ALIGN (0x4)
                0x0800b064                        _sidata = LOADADDR (.data)

.rel.dyn        0x0800b064        0x0
 .rel.iplt      0x0800b064        0x0 /Applications/ArmGNUToolchain/14.2.rel1/arm-none-eabi/bin/../lib/gcc/arm-none-eabi/14.2.1/thumb/v7e-m+dp/hard/crtbegin.o

.data           0x20000000       0x60 load address 0x0800b064
                0x20000000                        . = ALIGN (0x4)
                0x20000000                        _sdata = .
 *(.data)
 *(.data*)
 .data._impure_ptr
                0x20000000        0x4 /Applications/ArmGNUToolchain/14.2.rel1/arm-none-eabi/bin/../lib/gcc/arm-none-eabi/14.2.1/../../../../arm-none-eabi/lib/thumb/v7e-m+dp/hard/libc_nano.a(libc_a-impure.o)
                0x20000000                _impure_ptr
 .data._impure_data
                0x20000004       0x4c /Applications/ArmGNUToolchain/14.2.rel1/arm-none-eabi/bin/../lib/gcc/arm-none-eabi/14.2.1/../../../../arm-none-eabi/lib/thumb/v7e-m+dp/hard/libc_nano.a(libc_a-impure.o)
                0x20000004                _impure_data
 .data.SystemCoreClock
                0x20000050        0x4 cmake/stm32cubemx/CMakeFiles/STM32_Drivers.dir/__/__/Core/Src/system_stm32h7xx.c.obj
                0x20000050                SystemCoreClock
 .data.SystemD2Clock
                0x20000054        0x4 cmake/stm32cubemx/CMakeFiles/STM32_Drivers.dir/__/__/Core/Src/system_stm32h7xx.c.obj
                0x20000054                SystemD2Clock
 .data.uwTickPrio
                0x20000058        0x4 cmake/stm32cubemx/CMakeFiles/STM32_Drivers.dir/__/__/Drivers/STM32H7xx_HAL_Driver/Src/stm32h7xx_hal.c.obj
                0x20000058                uwTickPrio
 .data.uwTickFreq
                0x2000005c        0x1 cmake/stm32cubemx/CMakeFiles/STM32_Drivers.dir/__/__/Drivers/STM32H7xx_HAL_Driver/Src/stm32h7xx_hal.c.obj
                0x2000005c                uwTickFreq
 *(.RamFunc)
 *(.RamFunc*)
                0x20000060                        . = ALIGN (0x4)
 *fill*         0x2000005d        0x3 
                0x20000060                        _edata = .

.tm_clone_table
                0x20000060        0x0 load address 0x0800b0c4
 .tm_clone_table
                0x20000060        0x0 /Applications/ArmGNUToolchain/14.2.rel1/arm-none-eabi/bin/../lib/gcc/arm-none-eabi/14.2.1/thumb/v7e-m+dp/hard/crtbegin.o
 .tm_clone_table
                0x20000060        0x0 /Applications/ArmGNUToolchain/14.2.rel1/arm-none-eabi/bin/../lib/gcc/arm-none-eabi/14.2.1/thumb/v7e-m+dp/hard/crtend.o

.igot.plt       0x20000060        0x0 load address 0x0800b0c4
 .igot.plt      0x20000060        0x0 /Applications/ArmGNUToolchain/14.2.rel1/arm-none-eabi/bin/../lib/gcc/arm-none-eabi/14.2.1/thumb/v7e-m+dp/hard/crtbegin.o
                0x20000060                        . = ALIGN (0x4)

.bss            0x20000060      0x544 load address 0x0800b0c4
                0x20000060                        _sbss = .
                0x20000060                        __bss_start__ = _sbss
 *(.bss)
 *(.bss*)
 .bss.completed.1
                0x20000060        0x1 /Applications/ArmGNUToolchain/14.2.rel1/arm-none-eabi/bin/../lib/gcc/arm-none-eabi/14.2.1/thumb/v7e-m+dp/hard/crtbegin.o
 *fill*         0x20000061        0x3 
 .bss.object.0  0x20000064       0x18 /Applications/ArmGNUToolchain/14.2.rel1/arm-none-eabi/bin/../lib/gcc/arm-none-eabi/14.2.1/thumb/v7e-m+dp/hard/crtbegin.o
 .bss.__sf      0x2000007c      0x138 /Applications/ArmGNUToolchain/14.2.rel1/arm-none-eabi/bin/../lib/gcc/arm-none-eabi/14.2.1/../../../../arm-none-eabi/lib/thumb/v7e-m+dp/hard/libc_nano.a(libc_a-findfp.o)
                0x2000007c                __sf
 .bss.__lock___malloc_recursive_mutex
                0x200001b4        0x1 /Applications/ArmGNUToolchain/14.2.rel1/arm-none-eabi/bin/../lib/gcc/arm-none-eabi/14.2.1/../../../../arm-none-eabi/lib/thumb/v7e-m+dp/hard/libc_nano.a(libc_a-lock.o)
                0x200001b4                __lock___malloc_recursive_mutex
 *fill*         0x200001b5        0x3 
 .bss.__malloc_sbrk_start
                0x200001b8        0x4 /Applications/ArmGNUToolchain/14.2.rel1/arm-none-eabi/bin/../lib/gcc/arm-none-eabi/14.2.1/../../../../arm-none-eabi/lib/thumb/v7e-m+dp/hard/libc_nano.a(libc_a-mallocr.o)
                0x200001b8                __malloc_sbrk_start
 .bss.__malloc_free_list
                0x200001bc        0x4 /Applications/ArmGNUToolchain/14.2.rel1/arm-none-eabi/bin/../lib/gcc/arm-none-eabi/14.2.1/../../../../arm-none-eabi/lib/thumb/v7e-m+dp/hard/libc_nano.a(libc_a-mallocr.o)
                0x200001bc                __malloc_free_list
 .bss.errno     0x200001c0        0x4 /Applications/ArmGNUToolchain/14.2.rel1/arm-none-eabi/bin/../lib/gcc/arm-none-eabi/14.2.1/../../../../arm-none-eabi/lib/thumb/v7e-m+dp/hard/libc_nano.a(libc_a-reent.o)
                0x200001c0                errno
 .bss.channels  0x200001c4        0x4 CMakeFiles/CtrBoard-H7_DBUS.dir/Core/Src/main.c.obj
                0x200001c4                channels
 .bss.ap.2      0x200001c8        0x4 CMakeFiles/CtrBoard-H7_DBUS.dir/Core/Src/main.c.obj
 .bss.tx_buf.1  0x200001cc      0x100 CMakeFiles/CtrBoard-H7_DBUS.dir/Core/Src/main.c.obj
 .bss.len.0     0x200002cc        0x2 CMakeFiles/CtrBoard-H7_DBUS.dir/Core/Src/main.c.obj
 *fill*         0x200002ce        0x2 
 .bss.huart5    0x200002d0       0x94 CMakeFiles/CtrBoard-H7_DBUS.dir/Core/Src/usart.c.obj
                0x200002d0                huart5
 .bss.huart1    0x20000364       0x94 CMakeFiles/CtrBoard-H7_DBUS.dir/Core/Src/usart.c.obj
                0x20000364                huart1
 .bss.hdma_uart5_rx
                0x200003f8       0x78 CMakeFiles/CtrBoard-H7_DBUS.dir/Core/Src/usart.c.obj
                0x200003f8                hdma_uart5_rx
 .bss.hdma_usart1_rx
                0x20000470       0x78 CMakeFiles/CtrBoard-H7_DBUS.dir/Core/Src/usart.c.obj
                0x20000470                hdma_usart1_rx
 .bss.hdma_usart1_tx
                0x200004e8       0x78 CMakeFiles/CtrBoard-H7_DBUS.dir/Core/Src/usart.c.obj
                0x200004e8                hdma_usart1_tx
 .bss.__sbrk_heap_end
                0x20000560        0x4 CMakeFiles/CtrBoard-H7_DBUS.dir/Core/Src/sysmem.c.obj
 .bss.remoter   0x20000564       0x3c CMakeFiles/CtrBoard-H7_DBUS.dir/User/uart_bsp.c.obj
                0x20000564                remoter
 .bss.uwTick    0x200005a0        0x4 cmake/stm32cubemx/CMakeFiles/STM32_Drivers.dir/__/__/Drivers/STM32H7xx_HAL_Driver/Src/stm32h7xx_hal.c.obj
                0x200005a0                uwTick
 *(COMMON)
                0x200005a4                        . = ALIGN (0x4)
                0x200005a4                        _ebss = .
                0x200005a4                        __bss_end__ = _ebss

.sram4          0x24000000       0x40
                0x24000000                        . = ALIGN (0x20)
 *(.sram4)
 .sram4         0x24000000       0x32 CMakeFiles/CtrBoard-H7_DBUS.dir/User/uart_bsp.c.obj
                0x24000000                rx_buff
                0x24000040                        . = ALIGN (0x20)
 *fill*         0x24000032        0xe 

._user_heap_stack
                0x200005a4      0x604
                0x200005a8                        . = ALIGN (0x8)
 *fill*         0x200005a4        0x4 
                [!provide]                        PROVIDE (end = .)
                0x200005a8                        PROVIDE (_end = .)
                0x200007a8                        . = (. + _Min_Heap_Size)
 *fill*         0x200005a8      0x200 
                0x20000ba8                        . = (. + _Min_Stack_Size)
 *fill*         0x200007a8      0x400 
                0x20000ba8                        . = ALIGN (0x8)

/DISCARD/
 libc.a(*)
 libm.a(*)
 libgcc.a(*)
OUTPUT(CtrBoard-H7_DBUS.elf elf32-littlearm)
LOAD linker stubs
LOAD /Applications/ArmGNUToolchain/14.2.rel1/arm-none-eabi/bin/../lib/gcc/arm-none-eabi/14.2.1/../../../../arm-none-eabi/lib/thumb/v7e-m+dp/hard/libc.a
LOAD /Applications/ArmGNUToolchain/14.2.rel1/arm-none-eabi/bin/../lib/gcc/arm-none-eabi/14.2.1/../../../../arm-none-eabi/lib/thumb/v7e-m+dp/hard/libm.a
LOAD /Applications/ArmGNUToolchain/14.2.rel1/arm-none-eabi/bin/../lib/gcc/arm-none-eabi/14.2.1/thumb/v7e-m+dp/hard/libgcc.a

.ARM.attributes
                0x00000000       0x2e
 .ARM.attributes
                0x00000000       0x20 /Applications/ArmGNUToolchain/14.2.rel1/arm-none-eabi/bin/../lib/gcc/arm-none-eabi/14.2.1/thumb/v7e-m+dp/hard/crti.o
 .ARM.attributes
                0x00000020       0x32 /Applications/ArmGNUToolchain/14.2.rel1/arm-none-eabi/bin/../lib/gcc/arm-none-eabi/14.2.1/thumb/v7e-m+dp/hard/crtbegin.o
 .ARM.attributes
                0x00000052       0x32 /Applications/ArmGNUToolchain/14.2.rel1/arm-none-eabi/bin/../lib/gcc/arm-none-eabi/14.2.1/../../../../arm-none-eabi/lib/thumb/v7e-m+dp/hard/libc_nano.a(libc_a-findfp.o)
 .ARM.attributes
                0x00000084       0x32 /Applications/ArmGNUToolchain/14.2.rel1/arm-none-eabi/bin/../lib/gcc/arm-none-eabi/14.2.1/../../../../arm-none-eabi/lib/thumb/v7e-m+dp/hard/libc_nano.a(libc_a-memset.o)
 .ARM.attributes
                0x000000b6       0x32 /Applications/ArmGNUToolchain/14.2.rel1/arm-none-eabi/bin/../lib/gcc/arm-none-eabi/14.2.1/../../../../arm-none-eabi/lib/thumb/v7e-m+dp/hard/libc_nano.a(libc_a-init.o)
 .ARM.attributes
                0x000000e8       0x32 /Applications/ArmGNUToolchain/14.2.rel1/arm-none-eabi/bin/../lib/gcc/arm-none-eabi/14.2.1/../../../../arm-none-eabi/lib/thumb/v7e-m+dp/hard/libc_nano.a(libc_a-lock.o)
 .ARM.attributes
                0x0000011a       0x32 /Applications/ArmGNUToolchain/14.2.rel1/arm-none-eabi/bin/../lib/gcc/arm-none-eabi/14.2.1/../../../../arm-none-eabi/lib/thumb/v7e-m+dp/hard/libc_nano.a(libc_a-impure.o)
 .ARM.attributes
                0x0000014c       0x32 /Applications/ArmGNUToolchain/14.2.rel1/arm-none-eabi/bin/../lib/gcc/arm-none-eabi/14.2.1/../../../../arm-none-eabi/lib/thumb/v7e-m+dp/hard/libc_nano.a(libc_a-mallocr.o)
 .ARM.attributes
                0x0000017e       0x32 /Applications/ArmGNUToolchain/14.2.rel1/arm-none-eabi/bin/../lib/gcc/arm-none-eabi/14.2.1/../../../../arm-none-eabi/lib/thumb/v7e-m+dp/hard/libc_nano.a(libc_a-mlock.o)
 .ARM.attributes
                0x000001b0       0x32 /Applications/ArmGNUToolchain/14.2.rel1/arm-none-eabi/bin/../lib/gcc/arm-none-eabi/14.2.1/../../../../arm-none-eabi/lib/thumb/v7e-m+dp/hard/libc_nano.a(libc_a-sbrkr.o)
 .ARM.attributes
                0x000001e2       0x32 /Applications/ArmGNUToolchain/14.2.rel1/arm-none-eabi/bin/../lib/gcc/arm-none-eabi/14.2.1/../../../../arm-none-eabi/lib/thumb/v7e-m+dp/hard/libc_nano.a(libc_a-reent.o)
 .ARM.attributes
                0x00000214       0x32 /Applications/ArmGNUToolchain/14.2.rel1/arm-none-eabi/bin/../lib/gcc/arm-none-eabi/14.2.1/../../../../arm-none-eabi/lib/thumb/v7e-m+dp/hard/libc_nano.a(libc_a-freer.o)
 .ARM.attributes
                0x00000246       0x32 CMakeFiles/CtrBoard-H7_DBUS.dir/Core/Src/main.c.obj
 .ARM.attributes
                0x00000278       0x32 CMakeFiles/CtrBoard-H7_DBUS.dir/Core/Src/gpio.c.obj
 .ARM.attributes
                0x000002aa       0x32 CMakeFiles/CtrBoard-H7_DBUS.dir/Core/Src/dma.c.obj
 .ARM.attributes
                0x000002dc       0x32 CMakeFiles/CtrBoard-H7_DBUS.dir/Core/Src/usart.c.obj
 .ARM.attributes
                0x0000030e       0x32 CMakeFiles/CtrBoard-H7_DBUS.dir/Core/Src/stm32h7xx_it.c.obj
 .ARM.attributes
                0x00000340       0x32 CMakeFiles/CtrBoard-H7_DBUS.dir/Core/Src/stm32h7xx_hal_msp.c.obj
 .ARM.attributes
                0x00000372       0x32 CMakeFiles/CtrBoard-H7_DBUS.dir/Core/Src/sysmem.c.obj
 .ARM.attributes
                0x000003a4       0x21 CMakeFiles/CtrBoard-H7_DBUS.dir/startup_stm32h723xx.s.obj
 .ARM.attributes
                0x000003c5       0x32 CMakeFiles/CtrBoard-H7_DBUS.dir/User/uart_bsp.c.obj
 .ARM.attributes
                0x000003f7       0x32 cmake/stm32cubemx/CMakeFiles/STM32_Drivers.dir/__/__/Core/Src/system_stm32h7xx.c.obj
 .ARM.attributes
                0x00000429       0x32 cmake/stm32cubemx/CMakeFiles/STM32_Drivers.dir/__/__/Drivers/STM32H7xx_HAL_Driver/Src/stm32h7xx_hal_cortex.c.obj
 .ARM.attributes
                0x0000045b       0x32 cmake/stm32cubemx/CMakeFiles/STM32_Drivers.dir/__/__/Drivers/STM32H7xx_HAL_Driver/Src/stm32h7xx_hal_rcc.c.obj
 .ARM.attributes
                0x0000048d       0x32 cmake/stm32cubemx/CMakeFiles/STM32_Drivers.dir/__/__/Drivers/STM32H7xx_HAL_Driver/Src/stm32h7xx_hal_rcc_ex.c.obj
 .ARM.attributes
                0x000004bf       0x32 cmake/stm32cubemx/CMakeFiles/STM32_Drivers.dir/__/__/Drivers/STM32H7xx_HAL_Driver/Src/stm32h7xx_hal_gpio.c.obj
 .ARM.attributes
                0x000004f1       0x32 cmake/stm32cubemx/CMakeFiles/STM32_Drivers.dir/__/__/Drivers/STM32H7xx_HAL_Driver/Src/stm32h7xx_hal_dma.c.obj
 .ARM.attributes
                0x00000523       0x32 cmake/stm32cubemx/CMakeFiles/STM32_Drivers.dir/__/__/Drivers/STM32H7xx_HAL_Driver/Src/stm32h7xx_hal_pwr_ex.c.obj
 .ARM.attributes
                0x00000555       0x32 cmake/stm32cubemx/CMakeFiles/STM32_Drivers.dir/__/__/Drivers/STM32H7xx_HAL_Driver/Src/stm32h7xx_hal.c.obj
 .ARM.attributes
                0x00000587       0x32 cmake/stm32cubemx/CMakeFiles/STM32_Drivers.dir/__/__/Drivers/STM32H7xx_HAL_Driver/Src/stm32h7xx_hal_uart.c.obj
 .ARM.attributes
                0x000005b9       0x32 cmake/stm32cubemx/CMakeFiles/STM32_Drivers.dir/__/__/Drivers/STM32H7xx_HAL_Driver/Src/stm32h7xx_hal_uart_ex.c.obj
 .ARM.attributes
                0x000005eb       0x20 /Applications/ArmGNUToolchain/14.2.rel1/arm-none-eabi/bin/../lib/gcc/arm-none-eabi/14.2.1/thumb/v7e-m+dp/hard/libgcc.a(_aeabi_uldivmod.o)
 .ARM.attributes
                0x0000060b       0x32 /Applications/ArmGNUToolchain/14.2.rel1/arm-none-eabi/bin/../lib/gcc/arm-none-eabi/14.2.1/thumb/v7e-m+dp/hard/libgcc.a(_udivmoddi4.o)
 .ARM.attributes
                0x0000063d       0x20 /Applications/ArmGNUToolchain/14.2.rel1/arm-none-eabi/bin/../lib/gcc/arm-none-eabi/14.2.1/thumb/v7e-m+dp/hard/libgcc.a(_dvmd_tls.o)
 .ARM.attributes
                0x0000065d       0x32 /Applications/ArmGNUToolchain/14.2.rel1/arm-none-eabi/bin/../lib/gcc/arm-none-eabi/14.2.1/../../../../arm-none-eabi/lib/thumb/v7e-m+dp/hard/libg_nano.a(libc_a-vsprintf.o)
 .ARM.attributes
                0x0000068f       0x32 /Applications/ArmGNUToolchain/14.2.rel1/arm-none-eabi/bin/../lib/gcc/arm-none-eabi/14.2.1/../../../../arm-none-eabi/lib/thumb/v7e-m+dp/hard/libg_nano.a(libc_a-errno.o)
 .ARM.attributes
                0x000006c1       0x32 /Applications/ArmGNUToolchain/14.2.rel1/arm-none-eabi/bin/../lib/gcc/arm-none-eabi/14.2.1/../../../../arm-none-eabi/lib/thumb/v7e-m+dp/hard/libg_nano.a(libc_a-nano-svfprintf.o)
 .ARM.attributes
                0x000006f3       0x32 /Applications/ArmGNUToolchain/14.2.rel1/arm-none-eabi/bin/../lib/gcc/arm-none-eabi/14.2.1/../../../../arm-none-eabi/lib/thumb/v7e-m+dp/hard/libg_nano.a(libc_a-nano-vfprintf_i.o)
 .ARM.attributes
                0x00000725       0x32 /Applications/ArmGNUToolchain/14.2.rel1/arm-none-eabi/bin/../lib/gcc/arm-none-eabi/14.2.1/../../../../arm-none-eabi/lib/thumb/v7e-m+dp/hard/libg_nano.a(libc_a-reallocr.o)
 .ARM.attributes
                0x00000757       0x32 /Applications/ArmGNUToolchain/14.2.rel1/arm-none-eabi/bin/../lib/gcc/arm-none-eabi/14.2.1/../../../../arm-none-eabi/lib/thumb/v7e-m+dp/hard/libg_nano.a(libc_a-memmove.o)
 .ARM.attributes
                0x00000789       0x1c /Applications/ArmGNUToolchain/14.2.rel1/arm-none-eabi/bin/../lib/gcc/arm-none-eabi/14.2.1/../../../../arm-none-eabi/lib/thumb/v7e-m+dp/hard/libg_nano.a(libc_a-memchr.o)
 .ARM.attributes
                0x000007a5       0x32 /Applications/ArmGNUToolchain/14.2.rel1/arm-none-eabi/bin/../lib/gcc/arm-none-eabi/14.2.1/../../../../arm-none-eabi/lib/thumb/v7e-m+dp/hard/libg_nano.a(libc_a-memcpy-stub.o)
 .ARM.attributes
                0x000007d7       0x32 /Applications/ArmGNUToolchain/14.2.rel1/arm-none-eabi/bin/../lib/gcc/arm-none-eabi/14.2.1/../../../../arm-none-eabi/lib/thumb/v7e-m+dp/hard/libg_nano.a(libc_a-msizer.o)
 .ARM.attributes
                0x00000809       0x32 /Applications/ArmGNUToolchain/14.2.rel1/arm-none-eabi/bin/../lib/gcc/arm-none-eabi/14.2.1/thumb/v7e-m+dp/hard/crtend.o
 .ARM.attributes
                0x0000083b       0x20 /Applications/ArmGNUToolchain/14.2.rel1/arm-none-eabi/bin/../lib/gcc/arm-none-eabi/14.2.1/thumb/v7e-m+dp/hard/crtn.o

.comment        0x00000000       0x45
 .comment       0x00000000       0x45 CMakeFiles/CtrBoard-H7_DBUS.dir/Core/Src/main.c.obj
                                 0x46 (size before relaxing)
 .comment       0x00000045       0x46 CMakeFiles/CtrBoard-H7_DBUS.dir/Core/Src/gpio.c.obj
 .comment       0x00000045       0x46 CMakeFiles/CtrBoard-H7_DBUS.dir/Core/Src/dma.c.obj
 .comment       0x00000045       0x46 CMakeFiles/CtrBoard-H7_DBUS.dir/Core/Src/usart.c.obj
 .comment       0x00000045       0x46 CMakeFiles/CtrBoard-H7_DBUS.dir/Core/Src/stm32h7xx_it.c.obj
 .comment       0x00000045       0x46 CMakeFiles/CtrBoard-H7_DBUS.dir/Core/Src/stm32h7xx_hal_msp.c.obj
 .comment       0x00000045       0x46 CMakeFiles/CtrBoard-H7_DBUS.dir/Core/Src/sysmem.c.obj
 .comment       0x00000045       0x46 CMakeFiles/CtrBoard-H7_DBUS.dir/User/uart_bsp.c.obj
 .comment       0x00000045       0x46 cmake/stm32cubemx/CMakeFiles/STM32_Drivers.dir/__/__/Core/Src/system_stm32h7xx.c.obj
 .comment       0x00000045       0x46 cmake/stm32cubemx/CMakeFiles/STM32_Drivers.dir/__/__/Drivers/STM32H7xx_HAL_Driver/Src/stm32h7xx_hal_cortex.c.obj
 .comment       0x00000045       0x46 cmake/stm32cubemx/CMakeFiles/STM32_Drivers.dir/__/__/Drivers/STM32H7xx_HAL_Driver/Src/stm32h7xx_hal_rcc.c.obj
 .comment       0x00000045       0x46 cmake/stm32cubemx/CMakeFiles/STM32_Drivers.dir/__/__/Drivers/STM32H7xx_HAL_Driver/Src/stm32h7xx_hal_rcc_ex.c.obj
 .comment       0x00000045       0x46 cmake/stm32cubemx/CMakeFiles/STM32_Drivers.dir/__/__/Drivers/STM32H7xx_HAL_Driver/Src/stm32h7xx_hal_gpio.c.obj
 .comment       0x00000045       0x46 cmake/stm32cubemx/CMakeFiles/STM32_Drivers.dir/__/__/Drivers/STM32H7xx_HAL_Driver/Src/stm32h7xx_hal_dma.c.obj
 .comment       0x00000045       0x46 cmake/stm32cubemx/CMakeFiles/STM32_Drivers.dir/__/__/Drivers/STM32H7xx_HAL_Driver/Src/stm32h7xx_hal_pwr_ex.c.obj
 .comment       0x00000045       0x46 cmake/stm32cubemx/CMakeFiles/STM32_Drivers.dir/__/__/Drivers/STM32H7xx_HAL_Driver/Src/stm32h7xx_hal.c.obj
 .comment       0x00000045       0x46 cmake/stm32cubemx/CMakeFiles/STM32_Drivers.dir/__/__/Drivers/STM32H7xx_HAL_Driver/Src/stm32h7xx_hal_uart.c.obj
 .comment       0x00000045       0x46 cmake/stm32cubemx/CMakeFiles/STM32_Drivers.dir/__/__/Drivers/STM32H7xx_HAL_Driver/Src/stm32h7xx_hal_uart_ex.c.obj

.debug_frame    0x00000000     0x33d0
 .debug_frame   0x00000000      0x144 /Applications/ArmGNUToolchain/14.2.rel1/arm-none-eabi/bin/../lib/gcc/arm-none-eabi/14.2.1/../../../../arm-none-eabi/lib/thumb/v7e-m+dp/hard/libc_nano.a(libc_a-findfp.o)
 .debug_frame   0x00000144       0x20 /Applications/ArmGNUToolchain/14.2.rel1/arm-none-eabi/bin/../lib/gcc/arm-none-eabi/14.2.1/../../../../arm-none-eabi/lib/thumb/v7e-m+dp/hard/libc_nano.a(libc_a-memset.o)
 .debug_frame   0x00000164       0x2c /Applications/ArmGNUToolchain/14.2.rel1/arm-none-eabi/bin/../lib/gcc/arm-none-eabi/14.2.1/../../../../arm-none-eabi/lib/thumb/v7e-m+dp/hard/libc_nano.a(libc_a-init.o)
 .debug_frame   0x00000190       0xb0 /Applications/ArmGNUToolchain/14.2.rel1/arm-none-eabi/bin/../lib/gcc/arm-none-eabi/14.2.1/../../../../arm-none-eabi/lib/thumb/v7e-m+dp/hard/libc_nano.a(libc_a-lock.o)
 .debug_frame   0x00000240       0x50 /Applications/ArmGNUToolchain/14.2.rel1/arm-none-eabi/bin/../lib/gcc/arm-none-eabi/14.2.1/../../../../arm-none-eabi/lib/thumb/v7e-m+dp/hard/libc_nano.a(libc_a-mallocr.o)
 .debug_frame   0x00000290       0x30 /Applications/ArmGNUToolchain/14.2.rel1/arm-none-eabi/bin/../lib/gcc/arm-none-eabi/14.2.1/../../../../arm-none-eabi/lib/thumb/v7e-m+dp/hard/libc_nano.a(libc_a-mlock.o)
 .debug_frame   0x000002c0       0x2c /Applications/ArmGNUToolchain/14.2.rel1/arm-none-eabi/bin/../lib/gcc/arm-none-eabi/14.2.1/../../../../arm-none-eabi/lib/thumb/v7e-m+dp/hard/libc_nano.a(libc_a-sbrkr.o)
 .debug_frame   0x000002ec       0x38 /Applications/ArmGNUToolchain/14.2.rel1/arm-none-eabi/bin/../lib/gcc/arm-none-eabi/14.2.1/../../../../arm-none-eabi/lib/thumb/v7e-m+dp/hard/libc_nano.a(libc_a-reent.o)
 .debug_frame   0x00000324       0x38 /Applications/ArmGNUToolchain/14.2.rel1/arm-none-eabi/bin/../lib/gcc/arm-none-eabi/14.2.1/../../../../arm-none-eabi/lib/thumb/v7e-m+dp/hard/libc_nano.a(libc_a-freer.o)
 .debug_frame   0x0000035c       0xa0 CMakeFiles/CtrBoard-H7_DBUS.dir/Core/Src/main.c.obj
 .debug_frame   0x000003fc       0x38 CMakeFiles/CtrBoard-H7_DBUS.dir/Core/Src/gpio.c.obj
 .debug_frame   0x00000434       0x34 CMakeFiles/CtrBoard-H7_DBUS.dir/Core/Src/dma.c.obj
 .debug_frame   0x00000468       0x94 CMakeFiles/CtrBoard-H7_DBUS.dir/Core/Src/usart.c.obj
 .debug_frame   0x000004fc      0x198 CMakeFiles/CtrBoard-H7_DBUS.dir/Core/Src/stm32h7xx_it.c.obj
 .debug_frame   0x00000694       0x38 CMakeFiles/CtrBoard-H7_DBUS.dir/Core/Src/stm32h7xx_hal_msp.c.obj
 .debug_frame   0x000006cc       0x34 CMakeFiles/CtrBoard-H7_DBUS.dir/Core/Src/sysmem.c.obj
 .debug_frame   0x00000700       0xc4 CMakeFiles/CtrBoard-H7_DBUS.dir/User/uart_bsp.c.obj
 .debug_frame   0x000007c4       0x58 cmake/stm32cubemx/CMakeFiles/STM32_Drivers.dir/__/__/Core/Src/system_stm32h7xx.c.obj
 .debug_frame   0x0000081c      0x508 cmake/stm32cubemx/CMakeFiles/STM32_Drivers.dir/__/__/Drivers/STM32H7xx_HAL_Driver/Src/stm32h7xx_hal_cortex.c.obj
 .debug_frame   0x00000d24      0x1fc cmake/stm32cubemx/CMakeFiles/STM32_Drivers.dir/__/__/Drivers/STM32H7xx_HAL_Driver/Src/stm32h7xx_hal_rcc.c.obj
 .debug_frame   0x00000f20      0x414 cmake/stm32cubemx/CMakeFiles/STM32_Drivers.dir/__/__/Drivers/STM32H7xx_HAL_Driver/Src/stm32h7xx_hal_rcc_ex.c.obj
 .debug_frame   0x00001334      0x14c cmake/stm32cubemx/CMakeFiles/STM32_Drivers.dir/__/__/Drivers/STM32H7xx_HAL_Driver/Src/stm32h7xx_hal_gpio.c.obj
 .debug_frame   0x00001480      0x2b4 cmake/stm32cubemx/CMakeFiles/STM32_Drivers.dir/__/__/Drivers/STM32H7xx_HAL_Driver/Src/stm32h7xx_hal_dma.c.obj
 .debug_frame   0x00001734      0x540 cmake/stm32cubemx/CMakeFiles/STM32_Drivers.dir/__/__/Drivers/STM32H7xx_HAL_Driver/Src/stm32h7xx_hal_pwr_ex.c.obj
 .debug_frame   0x00001c74      0x760 cmake/stm32cubemx/CMakeFiles/STM32_Drivers.dir/__/__/Drivers/STM32H7xx_HAL_Driver/Src/stm32h7xx_hal.c.obj
 .debug_frame   0x000023d4      0xa94 cmake/stm32cubemx/CMakeFiles/STM32_Drivers.dir/__/__/Drivers/STM32H7xx_HAL_Driver/Src/stm32h7xx_hal_uart.c.obj
 .debug_frame   0x00002e68      0x2c0 cmake/stm32cubemx/CMakeFiles/STM32_Drivers.dir/__/__/Drivers/STM32H7xx_HAL_Driver/Src/stm32h7xx_hal_uart_ex.c.obj
 .debug_frame   0x00003128       0x2c /Applications/ArmGNUToolchain/14.2.rel1/arm-none-eabi/bin/../lib/gcc/arm-none-eabi/14.2.1/thumb/v7e-m+dp/hard/libgcc.a(_aeabi_uldivmod.o)
 .debug_frame   0x00003154       0x34 /Applications/ArmGNUToolchain/14.2.rel1/arm-none-eabi/bin/../lib/gcc/arm-none-eabi/14.2.1/thumb/v7e-m+dp/hard/libgcc.a(_udivmoddi4.o)
 .debug_frame   0x00003188       0x40 /Applications/ArmGNUToolchain/14.2.rel1/arm-none-eabi/bin/../lib/gcc/arm-none-eabi/14.2.1/../../../../arm-none-eabi/lib/thumb/v7e-m+dp/hard/libg_nano.a(libc_a-vsprintf.o)
 .debug_frame   0x000031c8       0x20 /Applications/ArmGNUToolchain/14.2.rel1/arm-none-eabi/bin/../lib/gcc/arm-none-eabi/14.2.1/../../../../arm-none-eabi/lib/thumb/v7e-m+dp/hard/libg_nano.a(libc_a-errno.o)
 .debug_frame   0x000031e8       0x90 /Applications/ArmGNUToolchain/14.2.rel1/arm-none-eabi/bin/../lib/gcc/arm-none-eabi/14.2.1/../../../../arm-none-eabi/lib/thumb/v7e-m+dp/hard/libg_nano.a(libc_a-nano-svfprintf.o)
 .debug_frame   0x00003278       0x60 /Applications/ArmGNUToolchain/14.2.rel1/arm-none-eabi/bin/../lib/gcc/arm-none-eabi/14.2.1/../../../../arm-none-eabi/lib/thumb/v7e-m+dp/hard/libg_nano.a(libc_a-nano-vfprintf_i.o)
 .debug_frame   0x000032d8       0x3c /Applications/ArmGNUToolchain/14.2.rel1/arm-none-eabi/bin/../lib/gcc/arm-none-eabi/14.2.1/../../../../arm-none-eabi/lib/thumb/v7e-m+dp/hard/libg_nano.a(libc_a-reallocr.o)
 .debug_frame   0x00003314       0x28 /Applications/ArmGNUToolchain/14.2.rel1/arm-none-eabi/bin/../lib/gcc/arm-none-eabi/14.2.1/../../../../arm-none-eabi/lib/thumb/v7e-m+dp/hard/libg_nano.a(libc_a-memmove.o)
 .debug_frame   0x0000333c       0x4c /Applications/ArmGNUToolchain/14.2.rel1/arm-none-eabi/bin/../lib/gcc/arm-none-eabi/14.2.1/../../../../arm-none-eabi/lib/thumb/v7e-m+dp/hard/libg_nano.a(libc_a-memchr.o)
 .debug_frame   0x00003388       0x28 /Applications/ArmGNUToolchain/14.2.rel1/arm-none-eabi/bin/../lib/gcc/arm-none-eabi/14.2.1/../../../../arm-none-eabi/lib/thumb/v7e-m+dp/hard/libg_nano.a(libc_a-memcpy-stub.o)
 .debug_frame   0x000033b0       0x20 /Applications/ArmGNUToolchain/14.2.rel1/arm-none-eabi/bin/../lib/gcc/arm-none-eabi/14.2.1/../../../../arm-none-eabi/lib/thumb/v7e-m+dp/hard/libg_nano.a(libc_a-msizer.o)

.debug_info     0x00000000    0x11cdd
 .debug_info    0x00000000      0xe0c CMakeFiles/CtrBoard-H7_DBUS.dir/Core/Src/main.c.obj
 .debug_info    0x00000e0c      0x4b3 CMakeFiles/CtrBoard-H7_DBUS.dir/Core/Src/gpio.c.obj
 .debug_info    0x000012bf      0x817 CMakeFiles/CtrBoard-H7_DBUS.dir/Core/Src/dma.c.obj
 .debug_info    0x00001ad6     0x15a5 CMakeFiles/CtrBoard-H7_DBUS.dir/Core/Src/usart.c.obj
 .debug_info    0x0000307b      0x8c5 CMakeFiles/CtrBoard-H7_DBUS.dir/Core/Src/stm32h7xx_it.c.obj
 .debug_info    0x00003940      0x464 CMakeFiles/CtrBoard-H7_DBUS.dir/Core/Src/stm32h7xx_hal_msp.c.obj
 .debug_info    0x00003da4      0x168 CMakeFiles/CtrBoard-H7_DBUS.dir/Core/Src/sysmem.c.obj
 .debug_info    0x00003f0c       0x30 CMakeFiles/CtrBoard-H7_DBUS.dir/startup_stm32h723xx.s.obj
 .debug_info    0x00003f3c      0xb73 CMakeFiles/CtrBoard-H7_DBUS.dir/User/uart_bsp.c.obj
 .debug_info    0x00004aaf      0xb2e cmake/stm32cubemx/CMakeFiles/STM32_Drivers.dir/__/__/Core/Src/system_stm32h7xx.c.obj
 .debug_info    0x000055dd     0x10a0 cmake/stm32cubemx/CMakeFiles/STM32_Drivers.dir/__/__/Drivers/STM32H7xx_HAL_Driver/Src/stm32h7xx_hal_cortex.c.obj
 .debug_info    0x0000667d      0xd73 cmake/stm32cubemx/CMakeFiles/STM32_Drivers.dir/__/__/Drivers/STM32H7xx_HAL_Driver/Src/stm32h7xx_hal_rcc.c.obj
 .debug_info    0x000073f0     0x11fc cmake/stm32cubemx/CMakeFiles/STM32_Drivers.dir/__/__/Drivers/STM32H7xx_HAL_Driver/Src/stm32h7xx_hal_rcc_ex.c.obj
 .debug_info    0x000085ec      0xc5c cmake/stm32cubemx/CMakeFiles/STM32_Drivers.dir/__/__/Drivers/STM32H7xx_HAL_Driver/Src/stm32h7xx_hal_gpio.c.obj
 .debug_info    0x00009248      0xb67 cmake/stm32cubemx/CMakeFiles/STM32_Drivers.dir/__/__/Drivers/STM32H7xx_HAL_Driver/Src/stm32h7xx_hal_dma.c.obj
 .debug_info    0x00009daf      0xdc4 cmake/stm32cubemx/CMakeFiles/STM32_Drivers.dir/__/__/Drivers/STM32H7xx_HAL_Driver/Src/stm32h7xx_hal_pwr_ex.c.obj
 .debug_info    0x0000ab73     0x1698 cmake/stm32cubemx/CMakeFiles/STM32_Drivers.dir/__/__/Drivers/STM32H7xx_HAL_Driver/Src/stm32h7xx_hal.c.obj
 .debug_info    0x0000c20b     0x4b13 cmake/stm32cubemx/CMakeFiles/STM32_Drivers.dir/__/__/Drivers/STM32H7xx_HAL_Driver/Src/stm32h7xx_hal_uart.c.obj
 .debug_info    0x00010d1e      0xfbf cmake/stm32cubemx/CMakeFiles/STM32_Drivers.dir/__/__/Drivers/STM32H7xx_HAL_Driver/Src/stm32h7xx_hal_uart_ex.c.obj

.debug_abbrev   0x00000000     0x25c3
 .debug_abbrev  0x00000000      0x2ae CMakeFiles/CtrBoard-H7_DBUS.dir/Core/Src/main.c.obj
 .debug_abbrev  0x000002ae       0xe8 CMakeFiles/CtrBoard-H7_DBUS.dir/Core/Src/gpio.c.obj
 .debug_abbrev  0x00000396      0x11e CMakeFiles/CtrBoard-H7_DBUS.dir/Core/Src/dma.c.obj
 .debug_abbrev  0x000004b4      0x28c CMakeFiles/CtrBoard-H7_DBUS.dir/Core/Src/usart.c.obj
 .debug_abbrev  0x00000740      0x19d CMakeFiles/CtrBoard-H7_DBUS.dir/Core/Src/stm32h7xx_it.c.obj
 .debug_abbrev  0x000008dd       0xdb CMakeFiles/CtrBoard-H7_DBUS.dir/Core/Src/stm32h7xx_hal_msp.c.obj
 .debug_abbrev  0x000009b8       0xbc CMakeFiles/CtrBoard-H7_DBUS.dir/Core/Src/sysmem.c.obj
 .debug_abbrev  0x00000a74       0x24 CMakeFiles/CtrBoard-H7_DBUS.dir/startup_stm32h723xx.s.obj
 .debug_abbrev  0x00000a98      0x216 CMakeFiles/CtrBoard-H7_DBUS.dir/User/uart_bsp.c.obj
 .debug_abbrev  0x00000cae      0x13a cmake/stm32cubemx/CMakeFiles/STM32_Drivers.dir/__/__/Core/Src/system_stm32h7xx.c.obj
 .debug_abbrev  0x00000de8      0x339 cmake/stm32cubemx/CMakeFiles/STM32_Drivers.dir/__/__/Drivers/STM32H7xx_HAL_Driver/Src/stm32h7xx_hal_cortex.c.obj
 .debug_abbrev  0x00001121      0x2b1 cmake/stm32cubemx/CMakeFiles/STM32_Drivers.dir/__/__/Drivers/STM32H7xx_HAL_Driver/Src/stm32h7xx_hal_rcc.c.obj
 .debug_abbrev  0x000013d2      0x269 cmake/stm32cubemx/CMakeFiles/STM32_Drivers.dir/__/__/Drivers/STM32H7xx_HAL_Driver/Src/stm32h7xx_hal_rcc_ex.c.obj
 .debug_abbrev  0x0000163b      0x1fe cmake/stm32cubemx/CMakeFiles/STM32_Drivers.dir/__/__/Drivers/STM32H7xx_HAL_Driver/Src/stm32h7xx_hal_gpio.c.obj
 .debug_abbrev  0x00001839      0x248 cmake/stm32cubemx/CMakeFiles/STM32_Drivers.dir/__/__/Drivers/STM32H7xx_HAL_Driver/Src/stm32h7xx_hal_dma.c.obj
 .debug_abbrev  0x00001a81      0x295 cmake/stm32cubemx/CMakeFiles/STM32_Drivers.dir/__/__/Drivers/STM32H7xx_HAL_Driver/Src/stm32h7xx_hal_pwr_ex.c.obj
 .debug_abbrev  0x00001d16      0x29e cmake/stm32cubemx/CMakeFiles/STM32_Drivers.dir/__/__/Drivers/STM32H7xx_HAL_Driver/Src/stm32h7xx_hal.c.obj
 .debug_abbrev  0x00001fb4      0x33d cmake/stm32cubemx/CMakeFiles/STM32_Drivers.dir/__/__/Drivers/STM32H7xx_HAL_Driver/Src/stm32h7xx_hal_uart.c.obj
 .debug_abbrev  0x000022f1      0x2d2 cmake/stm32cubemx/CMakeFiles/STM32_Drivers.dir/__/__/Drivers/STM32H7xx_HAL_Driver/Src/stm32h7xx_hal_uart_ex.c.obj

.debug_aranges  0x00000000      0xbb0
 .debug_aranges
                0x00000000       0x38 CMakeFiles/CtrBoard-H7_DBUS.dir/Core/Src/main.c.obj
 .debug_aranges
                0x00000038       0x20 CMakeFiles/CtrBoard-H7_DBUS.dir/Core/Src/gpio.c.obj
 .debug_aranges
                0x00000058       0x20 CMakeFiles/CtrBoard-H7_DBUS.dir/Core/Src/dma.c.obj
 .debug_aranges
                0x00000078       0x38 CMakeFiles/CtrBoard-H7_DBUS.dir/Core/Src/usart.c.obj
 .debug_aranges
                0x000000b0       0x88 CMakeFiles/CtrBoard-H7_DBUS.dir/Core/Src/stm32h7xx_it.c.obj
 .debug_aranges
                0x00000138       0x20 CMakeFiles/CtrBoard-H7_DBUS.dir/Core/Src/stm32h7xx_hal_msp.c.obj
 .debug_aranges
                0x00000158       0x20 CMakeFiles/CtrBoard-H7_DBUS.dir/Core/Src/sysmem.c.obj
 .debug_aranges
                0x00000178       0x28 CMakeFiles/CtrBoard-H7_DBUS.dir/startup_stm32h723xx.s.obj
 .debug_aranges
                0x000001a0       0x40 CMakeFiles/CtrBoard-H7_DBUS.dir/User/uart_bsp.c.obj
 .debug_aranges
                0x000001e0       0x28 cmake/stm32cubemx/CMakeFiles/STM32_Drivers.dir/__/__/Core/Src/system_stm32h7xx.c.obj
 .debug_aranges
                0x00000208      0x130 cmake/stm32cubemx/CMakeFiles/STM32_Drivers.dir/__/__/Drivers/STM32H7xx_HAL_Driver/Src/stm32h7xx_hal_cortex.c.obj
 .debug_aranges
                0x00000338       0x88 cmake/stm32cubemx/CMakeFiles/STM32_Drivers.dir/__/__/Drivers/STM32H7xx_HAL_Driver/Src/stm32h7xx_hal_rcc.c.obj
 .debug_aranges
                0x000003c0       0xf8 cmake/stm32cubemx/CMakeFiles/STM32_Drivers.dir/__/__/Drivers/STM32H7xx_HAL_Driver/Src/stm32h7xx_hal_rcc_ex.c.obj
 .debug_aranges
                0x000004b8       0x58 cmake/stm32cubemx/CMakeFiles/STM32_Drivers.dir/__/__/Drivers/STM32H7xx_HAL_Driver/Src/stm32h7xx_hal_gpio.c.obj
 .debug_aranges
                0x00000510       0xa0 cmake/stm32cubemx/CMakeFiles/STM32_Drivers.dir/__/__/Drivers/STM32H7xx_HAL_Driver/Src/stm32h7xx_hal_dma.c.obj
 .debug_aranges
                0x000005b0      0x148 cmake/stm32cubemx/CMakeFiles/STM32_Drivers.dir/__/__/Drivers/STM32H7xx_HAL_Driver/Src/stm32h7xx_hal_pwr_ex.c.obj
 .debug_aranges
                0x000006f8      0x1c8 cmake/stm32cubemx/CMakeFiles/STM32_Drivers.dir/__/__/Drivers/STM32H7xx_HAL_Driver/Src/stm32h7xx_hal.c.obj
 .debug_aranges
                0x000008c0      0x248 cmake/stm32cubemx/CMakeFiles/STM32_Drivers.dir/__/__/Drivers/STM32H7xx_HAL_Driver/Src/stm32h7xx_hal_uart.c.obj
 .debug_aranges
                0x00000b08       0xa8 cmake/stm32cubemx/CMakeFiles/STM32_Drivers.dir/__/__/Drivers/STM32H7xx_HAL_Driver/Src/stm32h7xx_hal_uart_ex.c.obj

.debug_rnglists
                0x00000000      0x8eb
 .debug_rnglists
                0x00000000       0x27 CMakeFiles/CtrBoard-H7_DBUS.dir/Core/Src/main.c.obj
 .debug_rnglists
                0x00000027       0x14 CMakeFiles/CtrBoard-H7_DBUS.dir/Core/Src/gpio.c.obj
 .debug_rnglists
                0x0000003b       0x13 CMakeFiles/CtrBoard-H7_DBUS.dir/Core/Src/dma.c.obj
 .debug_rnglists
                0x0000004e       0x29 CMakeFiles/CtrBoard-H7_DBUS.dir/Core/Src/usart.c.obj
 .debug_rnglists
                0x00000077       0x61 CMakeFiles/CtrBoard-H7_DBUS.dir/Core/Src/stm32h7xx_it.c.obj
 .debug_rnglists
                0x000000d8       0x13 CMakeFiles/CtrBoard-H7_DBUS.dir/Core/Src/stm32h7xx_hal_msp.c.obj
 .debug_rnglists
                0x000000eb       0x13 CMakeFiles/CtrBoard-H7_DBUS.dir/Core/Src/sysmem.c.obj
 .debug_rnglists
                0x000000fe       0x19 CMakeFiles/CtrBoard-H7_DBUS.dir/startup_stm32h723xx.s.obj
 .debug_rnglists
                0x00000117       0x2d CMakeFiles/CtrBoard-H7_DBUS.dir/User/uart_bsp.c.obj
 .debug_rnglists
                0x00000144       0x1b cmake/stm32cubemx/CMakeFiles/STM32_Drivers.dir/__/__/Core/Src/system_stm32h7xx.c.obj
 .debug_rnglists
                0x0000015f       0xe0 cmake/stm32cubemx/CMakeFiles/STM32_Drivers.dir/__/__/Drivers/STM32H7xx_HAL_Driver/Src/stm32h7xx_hal_cortex.c.obj
 .debug_rnglists
                0x0000023f       0x68 cmake/stm32cubemx/CMakeFiles/STM32_Drivers.dir/__/__/Drivers/STM32H7xx_HAL_Driver/Src/stm32h7xx_hal_rcc.c.obj
 .debug_rnglists
                0x000002a7       0xc0 cmake/stm32cubemx/CMakeFiles/STM32_Drivers.dir/__/__/Drivers/STM32H7xx_HAL_Driver/Src/stm32h7xx_hal_rcc_ex.c.obj
 .debug_rnglists
                0x00000367       0x3f cmake/stm32cubemx/CMakeFiles/STM32_Drivers.dir/__/__/Drivers/STM32H7xx_HAL_Driver/Src/stm32h7xx_hal_gpio.c.obj
 .debug_rnglists
                0x000003a6       0x82 cmake/stm32cubemx/CMakeFiles/STM32_Drivers.dir/__/__/Drivers/STM32H7xx_HAL_Driver/Src/stm32h7xx_hal_dma.c.obj
 .debug_rnglists
                0x00000428       0xf5 cmake/stm32cubemx/CMakeFiles/STM32_Drivers.dir/__/__/Drivers/STM32H7xx_HAL_Driver/Src/stm32h7xx_hal_pwr_ex.c.obj
 .debug_rnglists
                0x0000051d      0x155 cmake/stm32cubemx/CMakeFiles/STM32_Drivers.dir/__/__/Drivers/STM32H7xx_HAL_Driver/Src/stm32h7xx_hal.c.obj
 .debug_rnglists
                0x00000672      0x1fa cmake/stm32cubemx/CMakeFiles/STM32_Drivers.dir/__/__/Drivers/STM32H7xx_HAL_Driver/Src/stm32h7xx_hal_uart.c.obj
 .debug_rnglists
                0x0000086c       0x7f cmake/stm32cubemx/CMakeFiles/STM32_Drivers.dir/__/__/Drivers/STM32H7xx_HAL_Driver/Src/stm32h7xx_hal_uart_ex.c.obj

.debug_macro    0x00000000    0x3242f
 .debug_macro   0x00000000      0x2f7 CMakeFiles/CtrBoard-H7_DBUS.dir/Core/Src/main.c.obj
 .debug_macro   0x000002f7      0xaf0 CMakeFiles/CtrBoard-H7_DBUS.dir/Core/Src/main.c.obj
 .debug_macro   0x00000de7      0x232 CMakeFiles/CtrBoard-H7_DBUS.dir/Core/Src/main.c.obj
 .debug_macro   0x00001019       0x2e CMakeFiles/CtrBoard-H7_DBUS.dir/Core/Src/main.c.obj
 .debug_macro   0x00001047       0x3b CMakeFiles/CtrBoard-H7_DBUS.dir/Core/Src/main.c.obj
 .debug_macro   0x00001082       0x22 CMakeFiles/CtrBoard-H7_DBUS.dir/Core/Src/main.c.obj
 .debug_macro   0x000010a4       0x8e CMakeFiles/CtrBoard-H7_DBUS.dir/Core/Src/main.c.obj
 .debug_macro   0x00001132       0x51 CMakeFiles/CtrBoard-H7_DBUS.dir/Core/Src/main.c.obj
 .debug_macro   0x00001183      0x103 CMakeFiles/CtrBoard-H7_DBUS.dir/Core/Src/main.c.obj
 .debug_macro   0x00001286       0x6a CMakeFiles/CtrBoard-H7_DBUS.dir/Core/Src/main.c.obj
 .debug_macro   0x000012f0      0x1df CMakeFiles/CtrBoard-H7_DBUS.dir/Core/Src/main.c.obj
 .debug_macro   0x000014cf       0x1c CMakeFiles/CtrBoard-H7_DBUS.dir/Core/Src/main.c.obj
 .debug_macro   0x000014eb       0x22 CMakeFiles/CtrBoard-H7_DBUS.dir/Core/Src/main.c.obj
 .debug_macro   0x0000150d       0xfb CMakeFiles/CtrBoard-H7_DBUS.dir/Core/Src/main.c.obj
 .debug_macro   0x00001608     0x1305 CMakeFiles/CtrBoard-H7_DBUS.dir/Core/Src/main.c.obj
 .debug_macro   0x0000290d      0x11f CMakeFiles/CtrBoard-H7_DBUS.dir/Core/Src/main.c.obj
 .debug_macro   0x00002a2c       0x27 CMakeFiles/CtrBoard-H7_DBUS.dir/Core/Src/main.c.obj
 .debug_macro   0x00002a53    0x2127f CMakeFiles/CtrBoard-H7_DBUS.dir/Core/Src/main.c.obj
 .debug_macro   0x00023cd2       0x6d CMakeFiles/CtrBoard-H7_DBUS.dir/Core/Src/main.c.obj
 .debug_macro   0x00023d3f     0x3d64 CMakeFiles/CtrBoard-H7_DBUS.dir/Core/Src/main.c.obj
 .debug_macro   0x00027aa3      0x190 CMakeFiles/CtrBoard-H7_DBUS.dir/Core/Src/main.c.obj
 .debug_macro   0x00027c33       0x7b CMakeFiles/CtrBoard-H7_DBUS.dir/Core/Src/main.c.obj
 .debug_macro   0x00027cae       0x29 CMakeFiles/CtrBoard-H7_DBUS.dir/Core/Src/main.c.obj
 .debug_macro   0x00027cd7       0x3c CMakeFiles/CtrBoard-H7_DBUS.dir/Core/Src/main.c.obj
 .debug_macro   0x00027d13       0x34 CMakeFiles/CtrBoard-H7_DBUS.dir/Core/Src/main.c.obj
 .debug_macro   0x00027d47      0x364 CMakeFiles/CtrBoard-H7_DBUS.dir/Core/Src/main.c.obj
 .debug_macro   0x000280ab       0x16 CMakeFiles/CtrBoard-H7_DBUS.dir/Core/Src/main.c.obj
 .debug_macro   0x000280c1       0x4a CMakeFiles/CtrBoard-H7_DBUS.dir/Core/Src/main.c.obj
 .debug_macro   0x0002810b       0x34 CMakeFiles/CtrBoard-H7_DBUS.dir/Core/Src/main.c.obj
 .debug_macro   0x0002813f       0x10 CMakeFiles/CtrBoard-H7_DBUS.dir/Core/Src/main.c.obj
 .debug_macro   0x0002814f       0x58 CMakeFiles/CtrBoard-H7_DBUS.dir/Core/Src/main.c.obj
 .debug_macro   0x000281a7      0x1e5 CMakeFiles/CtrBoard-H7_DBUS.dir/Core/Src/main.c.obj
 .debug_macro   0x0002838c      0x19b CMakeFiles/CtrBoard-H7_DBUS.dir/Core/Src/main.c.obj
 .debug_macro   0x00028527       0x5d CMakeFiles/CtrBoard-H7_DBUS.dir/Core/Src/main.c.obj
 .debug_macro   0x00028584     0x2462 CMakeFiles/CtrBoard-H7_DBUS.dir/Core/Src/main.c.obj
 .debug_macro   0x0002a9e6     0x1079 CMakeFiles/CtrBoard-H7_DBUS.dir/Core/Src/main.c.obj
 .debug_macro   0x0002ba5f      0x154 CMakeFiles/CtrBoard-H7_DBUS.dir/Core/Src/main.c.obj
 .debug_macro   0x0002bbb3      0x114 CMakeFiles/CtrBoard-H7_DBUS.dir/Core/Src/main.c.obj
 .debug_macro   0x0002bcc7      0x3fc CMakeFiles/CtrBoard-H7_DBUS.dir/Core/Src/main.c.obj
 .debug_macro   0x0002c0c3       0xac CMakeFiles/CtrBoard-H7_DBUS.dir/Core/Src/main.c.obj
 .debug_macro   0x0002c16f      0x788 CMakeFiles/CtrBoard-H7_DBUS.dir/Core/Src/main.c.obj
 .debug_macro   0x0002c8f7      0x228 CMakeFiles/CtrBoard-H7_DBUS.dir/Core/Src/main.c.obj
 .debug_macro   0x0002cb1f       0x66 CMakeFiles/CtrBoard-H7_DBUS.dir/Core/Src/main.c.obj
 .debug_macro   0x0002cb85      0x3a6 CMakeFiles/CtrBoard-H7_DBUS.dir/Core/Src/main.c.obj
 .debug_macro   0x0002cf2b      0x3f9 CMakeFiles/CtrBoard-H7_DBUS.dir/Core/Src/main.c.obj
 .debug_macro   0x0002d324      0x275 CMakeFiles/CtrBoard-H7_DBUS.dir/Core/Src/main.c.obj
 .debug_macro   0x0002d599      0x3ca CMakeFiles/CtrBoard-H7_DBUS.dir/Core/Src/main.c.obj
 .debug_macro   0x0002d963      0x45c CMakeFiles/CtrBoard-H7_DBUS.dir/Core/Src/main.c.obj
 .debug_macro   0x0002ddbf       0x3c CMakeFiles/CtrBoard-H7_DBUS.dir/Core/Src/main.c.obj
 .debug_macro   0x0002ddfb       0x4a CMakeFiles/CtrBoard-H7_DBUS.dir/Core/Src/main.c.obj
 .debug_macro   0x0002de45      0x22c CMakeFiles/CtrBoard-H7_DBUS.dir/Core/Src/main.c.obj
 .debug_macro   0x0002e071       0x67 CMakeFiles/CtrBoard-H7_DBUS.dir/Core/Src/main.c.obj
 .debug_macro   0x0002e0d8       0xa5 CMakeFiles/CtrBoard-H7_DBUS.dir/Core/Src/main.c.obj
 .debug_macro   0x0002e17d      0x1c4 CMakeFiles/CtrBoard-H7_DBUS.dir/Core/Src/main.c.obj
 .debug_macro   0x0002e341      0x22a CMakeFiles/CtrBoard-H7_DBUS.dir/Core/Src/main.c.obj
 .debug_macro   0x0002e56b       0x35 CMakeFiles/CtrBoard-H7_DBUS.dir/Core/Src/main.c.obj
 .debug_macro   0x0002e5a0      0x693 CMakeFiles/CtrBoard-H7_DBUS.dir/Core/Src/main.c.obj
 .debug_macro   0x0002ec33       0xa6 CMakeFiles/CtrBoard-H7_DBUS.dir/Core/Src/main.c.obj
 .debug_macro   0x0002ecd9      0x5e6 CMakeFiles/CtrBoard-H7_DBUS.dir/Core/Src/main.c.obj
 .debug_macro   0x0002f2bf       0x1c CMakeFiles/CtrBoard-H7_DBUS.dir/Core/Src/main.c.obj
 .debug_macro   0x0002f2db       0x3c CMakeFiles/CtrBoard-H7_DBUS.dir/Core/Src/main.c.obj
 .debug_macro   0x0002f317       0x10 CMakeFiles/CtrBoard-H7_DBUS.dir/Core/Src/main.c.obj
 .debug_macro   0x0002f327       0x1c CMakeFiles/CtrBoard-H7_DBUS.dir/Core/Src/main.c.obj
 .debug_macro   0x0002f343       0x16 CMakeFiles/CtrBoard-H7_DBUS.dir/Core/Src/main.c.obj
 .debug_macro   0x0002f359      0x170 CMakeFiles/CtrBoard-H7_DBUS.dir/Core/Src/main.c.obj
 .debug_macro   0x0002f4c9       0x4c CMakeFiles/CtrBoard-H7_DBUS.dir/Core/Src/main.c.obj
 .debug_macro   0x0002f515       0x10 CMakeFiles/CtrBoard-H7_DBUS.dir/Core/Src/main.c.obj
 .debug_macro   0x0002f525      0x299 CMakeFiles/CtrBoard-H7_DBUS.dir/Core/Src/gpio.c.obj
 .debug_macro   0x0002f7be      0x299 CMakeFiles/CtrBoard-H7_DBUS.dir/Core/Src/dma.c.obj
 .debug_macro   0x0002fa57      0x299 CMakeFiles/CtrBoard-H7_DBUS.dir/Core/Src/usart.c.obj
 .debug_macro   0x0002fcf0      0x2a2 CMakeFiles/CtrBoard-H7_DBUS.dir/Core/Src/stm32h7xx_it.c.obj
 .debug_macro   0x0002ff92      0x28f CMakeFiles/CtrBoard-H7_DBUS.dir/Core/Src/stm32h7xx_hal_msp.c.obj
 .debug_macro   0x00030221       0xff CMakeFiles/CtrBoard-H7_DBUS.dir/Core/Src/sysmem.c.obj
 .debug_macro   0x00030320       0x10 CMakeFiles/CtrBoard-H7_DBUS.dir/Core/Src/sysmem.c.obj
 .debug_macro   0x00030330       0x75 CMakeFiles/CtrBoard-H7_DBUS.dir/Core/Src/sysmem.c.obj
 .debug_macro   0x000303a5       0x94 CMakeFiles/CtrBoard-H7_DBUS.dir/Core/Src/sysmem.c.obj
 .debug_macro   0x00030439       0x57 CMakeFiles/CtrBoard-H7_DBUS.dir/Core/Src/sysmem.c.obj
 .debug_macro   0x00030490      0x23c CMakeFiles/CtrBoard-H7_DBUS.dir/Core/Src/sysmem.c.obj
 .debug_macro   0x000306cc      0x2e4 CMakeFiles/CtrBoard-H7_DBUS.dir/User/uart_bsp.c.obj
 .debug_macro   0x000309b0       0x16 CMakeFiles/CtrBoard-H7_DBUS.dir/User/uart_bsp.c.obj
 .debug_macro   0x000309c6      0x285 cmake/stm32cubemx/CMakeFiles/STM32_Drivers.dir/__/__/Core/Src/system_stm32h7xx.c.obj
 .debug_macro   0x00030c4b      0x285 cmake/stm32cubemx/CMakeFiles/STM32_Drivers.dir/__/__/Drivers/STM32H7xx_HAL_Driver/Src/stm32h7xx_hal_cortex.c.obj
 .debug_macro   0x00030ed0      0x2a9 cmake/stm32cubemx/CMakeFiles/STM32_Drivers.dir/__/__/Drivers/STM32H7xx_HAL_Driver/Src/stm32h7xx_hal_rcc.c.obj
 .debug_macro   0x00031179      0x2a3 cmake/stm32cubemx/CMakeFiles/STM32_Drivers.dir/__/__/Drivers/STM32H7xx_HAL_Driver/Src/stm32h7xx_hal_rcc_ex.c.obj
 .debug_macro   0x0003141c      0x28c cmake/stm32cubemx/CMakeFiles/STM32_Drivers.dir/__/__/Drivers/STM32H7xx_HAL_Driver/Src/stm32h7xx_hal_gpio.c.obj
 .debug_macro   0x000316a8      0x2d9 cmake/stm32cubemx/CMakeFiles/STM32_Drivers.dir/__/__/Drivers/STM32H7xx_HAL_Driver/Src/stm32h7xx_hal_dma.c.obj
 .debug_macro   0x00031981      0x2be cmake/stm32cubemx/CMakeFiles/STM32_Drivers.dir/__/__/Drivers/STM32H7xx_HAL_Driver/Src/stm32h7xx_hal_pwr_ex.c.obj
 .debug_macro   0x00031c3f      0x2af cmake/stm32cubemx/CMakeFiles/STM32_Drivers.dir/__/__/Drivers/STM32H7xx_HAL_Driver/Src/stm32h7xx_hal.c.obj
 .debug_macro   0x00031eee      0x2b0 cmake/stm32cubemx/CMakeFiles/STM32_Drivers.dir/__/__/Drivers/STM32H7xx_HAL_Driver/Src/stm32h7xx_hal_uart.c.obj
 .debug_macro   0x0003219e      0x291 cmake/stm32cubemx/CMakeFiles/STM32_Drivers.dir/__/__/Drivers/STM32H7xx_HAL_Driver/Src/stm32h7xx_hal_uart_ex.c.obj

.debug_line     0x00000000    0x11074
 .debug_line    0x00000000      0x91b CMakeFiles/CtrBoard-H7_DBUS.dir/Core/Src/main.c.obj
 .debug_line    0x0000091b      0x6fb CMakeFiles/CtrBoard-H7_DBUS.dir/Core/Src/gpio.c.obj
 .debug_line    0x00001016      0x6fc CMakeFiles/CtrBoard-H7_DBUS.dir/Core/Src/dma.c.obj
 .debug_line    0x00001712      0x904 CMakeFiles/CtrBoard-H7_DBUS.dir/Core/Src/usart.c.obj
 .debug_line    0x00002016      0x86d CMakeFiles/CtrBoard-H7_DBUS.dir/Core/Src/stm32h7xx_it.c.obj
 .debug_line    0x00002883      0x6fc CMakeFiles/CtrBoard-H7_DBUS.dir/Core/Src/stm32h7xx_hal_msp.c.obj
 .debug_line    0x00002f7f      0x2e6 CMakeFiles/CtrBoard-H7_DBUS.dir/Core/Src/sysmem.c.obj
 .debug_line    0x00003265       0x7a CMakeFiles/CtrBoard-H7_DBUS.dir/startup_stm32h723xx.s.obj
 .debug_line    0x000032df      0x992 CMakeFiles/CtrBoard-H7_DBUS.dir/User/uart_bsp.c.obj
 .debug_line    0x00003c71      0x8af cmake/stm32cubemx/CMakeFiles/STM32_Drivers.dir/__/__/Core/Src/system_stm32h7xx.c.obj
 .debug_line    0x00004520      0xcbe cmake/stm32cubemx/CMakeFiles/STM32_Drivers.dir/__/__/Drivers/STM32H7xx_HAL_Driver/Src/stm32h7xx_hal_cortex.c.obj